******************************************************************************
               TMS320C6x Linker PC v7.3.23                     
******************************************************************************
>> Linked Thu Mar 27 16:45:51 2025

OUTPUT FILE NAME:   <MiniProject.out>
ENTRY POINT SYMBOL: "_c_int00"  address: 1182fbc0


MEMORY CONFIGURATION

         name            origin    length      used     unused   attr    fill
----------------------  --------  ---------  --------  --------  ----  --------
  IRAM                  11800000   00040000  00034445  0000bbbb  RWIX
  CACHE_L1P             11e00000   00008000  00000000  00008000  RWIX
  CACHE_L1D             11f00000   00008000  00000000  00008000  RWIX
  L3_CBA_RAM            80000000   00020000  00000000  00020000  RWIX
  DDR                   c3000000   01000000  00000000  01000000  RWIX


SECTION ALLOCATION MAP

 output                                  attributes/
section   page    origin      length       input sections
--------  ----  ----------  ----------   ----------------
.vers      0    00000000    0000003c     COPY SECTION
                  00000000    0000003c     hellocfg.obj (.vers)

.data      0    11800000    00000000     UNINITIALIZED

.far       0    11800000    0001fff8     UNINITIALIZED
                  11800000    0001f6fc     main.obj (.far)
                  1181f6fc    00000004     bios6748.a674 : clk_data.o674 (.far)
                  1181f700    00000324     rts6740.lib : defs.obj (.far)
                  1181fa24    00000004                 : fopen.obj (.far)
                  1181fa28    00000188                 : atexit.obj (.far)
                  1181fbb0    0000011c                 : lowlev.obj (.far)
                  1181fccc    00000004                 : sinit.obj (.far)
                  1181fcd0    000000d8     bios.a674 : knl.o674 (.far)
                  1181fda8    000000d0     rts6740.lib : trgdrv.obj (.far)
                  1181fe78    0000005c     bios.a674 : tsk.o674 (.far)
                  1181fed4    00000004     --HOLE--
                  1181fed8    00000054               : obj_init.o674 (.far)
                  1181ff2c    00000050               : tsk_stup.o674 (.far)
                  1181ff7c    00000004     --HOLE--
                  1181ff80    00000020               : sys.o674 (.far)
                  1181ffa0    00000018     rtdx64xplus.lib : rtdx_mon.o64P (.far)
                  1181ffb8    00000010     bios.a674 : exc.o674 (.far)
                  1181ffc8    00000010               : knl_tick.o674 (.far)
                  1181ffd8    0000000c               : utl_putc.o674 (.far)
                  1181ffe4    0000000c     rts6740.lib : exit.obj (.far)
                  1181fff0    00000008                 : _lock.obj (.far)

.clk       0    1181fff8    00000008     UNINITIALIZED
                  1181fff8    00000008     hellocfg.obj (.clk)

.text      0    11820000    00008080     
                  11820000    00000c20     evmc6748_bsl.lib : evmc6748.obj (.text)
                  11820c20    00000940     main.obj (.text)
                  11821560    00000620     framework.obj (.text)
                  11821b80    000005a0     rts6740.lib : divd.obj (.text:__divd)
                  11822120    00000580                 : _printfi.obj (.text:__getarg_diouxp)
                  118226a0    00000540                 : _printfi.obj (.text:__setfield)
                  11822be0    000004e0     evmc6748_bsl.lib : evmc6748_i2c_gpio.obj (.text)
                  118230c0    00000440     rts6740.lib : _printfi.obj (.text:__printfi)
                  11823500    00000380     evmc6748_bsl.lib : evmc6748_gpio.obj (.text)
                  11823880    00000380                      : evmc6748_i2c.obj (.text)
                  11823c00    00000300     rts6740.lib : fputs.obj (.text:_fputs)
                  11823f00    000002c0                 : _printfi.obj (.text:__pproc_fge)
                  118241c0    000002c0                 : _printfi.obj (.text:__pproc_fwp)
                  11824480    000002a0                 : _printfi.obj (.text:_ecvt)
                  11824720    000002a0                 : _printfi.obj (.text:_fcvt)
                  118249c0    00000260                 : imath64.obj (.text:__divull)
                  11824c20    00000260                 : _printfi.obj (.text:__pconv_e)
                  11824e80    00000240                 : _printfi.obj (.text:__pproc_diouxp)
                  118250c0    00000220                 : _printfi.obj (.text:__pproc_str)
                  118252e0    00000200                 : _printfi.obj (.text:__pconv_g)
                  118254e0    000001e0     evmc6748_bsl.lib : evmc6748_led.obj (.text)
                  118256c0    000001c0     rts6740.lib : _printfi.obj (.text:__mcpy)
                  11825880    000001a0                 : imath40.obj (.text:__divul)
                  11825a20    00000180                 : trgdrv.obj (.text:_HOSTrename)
                  11825ba0    00000180                 : setvbuf.obj (.text:_setvbuf)
                  11825d20    00000160     evmc6748_bsl.lib : evmc6748_dip.obj (.text)
                  11825e80    00000140     rts6740.lib : _printfi.obj (.text:__pproc_fflags)
                  11825fc0    00000140                 : fputc.obj (.text:_fputc)
                  11826100    00000140                 : lowlev.obj (.text:_getdevice)
                  11826240    00000120                 : fclose.obj (.text:_fclose)
                  11826360    00000100                 : trgdrv.obj (.text:_HOSTlseek)
                  11826460    00000100                 : _printfi.obj (.text:__ltostr)
                  11826560    00000100                 : _io_perm.obj (.text:__wrt_ok)
                  11826660    00000100                 : sinit.obj (.text:_call_dtors)
                  11826760    000000e0                 : trgdrv.obj (.text:_HOSTopen)
                  11826840    000000e0                 : trgdrv.obj (.text:_HOSTread)
                  11826920    000000e0                 : atoi.obj (.text:_atoi)
                  11826a00    000000e0                 : lowlev.obj (.text:_close)
                  11826ae0    000000e0                 : memset.obj (.text:_memset)
                  11826bc0    000000c0                 : trgdrv.obj (.text:_HOSTunlink)
                  11826c80    000000c0                 : trgdrv.obj (.text:_HOSTwrite)
                  11826d40    000000c0                 : fopen.obj (.text:__cleanup)
                  11826e00    000000c0                 : _printfi.obj (.text:__div)
                  11826ec0    000000c0                 : divu.obj (.text:__divu)
                  11826f80    000000c0                 : fflush.obj (.text:__doflush)
                  11827040    000000c0                 : remi.obj (.text:__remi)
                  11827100    000000c0                 : atexit.obj (.text:_atexit)
                  118271c0    000000c0                 : fseek.obj (.text:_fseek)
                  11827280    000000c0                 : lowlev.obj (.text:_lseek)
                  11827340    000000c0                 : ltoa.obj (.text:_ltoa)
                  11827400    000000c0                 : lowlev.obj (.text:_write)
                  118274c0    000000c0     bios.a674 : tsk_stup.o674 (.text)
                  11827580    000000a0     rts6740.lib : trgdrv.obj (.text:_HOSTclose)
                  11827620    000000a0                 : imath40.obj (.text:__divli)
                  118276c0    000000a0                 : _printfi.obj (.text:__ecpy)
                  11827760    000000a0                 : _printfi.obj (.text:__fcpy)
                  11827800    000000a0                 : fixdli.obj (.text:__fixdli)
                  118278a0    000000a0                 : _printfi.obj (.text:__pconv_f)
                  11827940    000000a0                 : lowlev.obj (.text:_finddevice)
                  118279e0    000000a0                 : memcpy64.obj (.text:_memcpy)
                  11827a80    00000080                 : fltlid.obj (.text:__fltlid)
                  11827b00    00000080                 : llshift.obj (.text:__llshl)
                  11827b80    00000080                 : printf.obj (.text:_printf)
                  11827c00    00000080                 : trgmsg.obj (.text:_readmsg)
                  11827c80    00000080                 : lowlev.obj (.text:_unlink)
                  11827d00    00000060                 : imath64.obj (.text:__subcull)
                  11827d60    00000060                 : memccpy.obj (.text:_memccpy)
                  11827dc0    00000060                 : trgmsg.obj (.text:_writemsg)
                  11827e20    00000040                 : sinit.obj (.text:___add_dtor)
                  11827e60    00000040                 : isinf.obj (.text:___isinf)
                  11827ea0    00000040                 : _printfi.obj (.text:___isnan)
                  11827ee0    00000040                 : frcmpyd_div.obj (.text:__frcmpyd_div)
                  11827f20    00000040                 : llshift.obj (.text:__llshru)
                  11827f60    00000040                 : imath40.obj (.text:__remli)
                  11827fa0    00000020                 : negll.obj (.text:__negll)
                  11827fc0    00000020                 : _lock.obj (.text:__nop)
                  11827fe0    00000020                 : printf.obj (.text:__outc)
                  11828000    00000020                 : printf.obj (.text:__outs)
                  11828020    00000020                 : _lock.obj (.text:__register_lock)
                  11828040    00000020                 : _lock.obj (.text:__register_unlock)
                  11828060    00000020                 : remove.obj (.text:_remove)

.bios      0    11828080    00004320     
                  11828080    000005c0     lnkrtdx.a674 : rtdx.o674 (.bios)
                  11828640    00000580     bios.a674 : exc.o674 (.bios)
                  11828bc0    000004e0               : hwi_disp_asm.o674 (.bios)
                  118290a0    000004c0               : swi.o674 (.bios)
                  11829560    00000380               : prd.o674 (.bios)
                  118298e0    00000280               : malloc.o674 (.bios)
                  11829b60    00000280               : rta.o674 (.bios)
                  11829de0    00000240               : knl_run.o674 (.bios)
                  1182a020    00000200               : mem_allo.o674 (.bios:.near)
                  1182a220    00000200               : knl_tick.o674 (.bios)
                  1182a420    000001e0               : mem_free.o674 (.bios:.near)
                  1182a600    000001e0               : exc_asm.o674 (.bios)
                  1182a7e0    000001e0               : pip.o674 (.bios)
                  1182a9c0    000001e0               : sem_pend.o674 (.bios)
                  1182aba0    000001a0               : sem_dopo.o674 (.bios)
                  1182ad40    000001a0               : tsk_setu.o674 (.bios)
                  1182aee0    000001a0     bios6748.a674 : clk.o674 (.bios)
                  1182b080    00000180     bios.a674 : knl_swit.o674 (.bios)
                  1182b200    00000140               : autoinit.o674 (.bios)
                  1182b340    00000140               : tsk_exit.o674 (.bios)
                  1182b480    00000140     bios6748.a674 : bcache_init.o674 (.bios)
                  1182b5c0    00000120     bios.a674 : gbl_cacheinit64P.o674 (.bios)
                  1182b6e0    00000120               : knl_chec.o674 (.bios)
                  1182b800    00000120               : tsk_stup.o674 (.bios)
                  1182b920    000000e0               : sem_post_asm.o674 (.bios)
                  1182ba00    000000c0               : knl_exit.o674 (.bios)
                  1182bac0    000000a0               : sem_post.o674 (.bios)
                  1182bb60    000000a0               : sys_exit.o674 (.bios)
                  1182bc00    00000080               : knl_ipos.o674 (.bios)
                  1182bc80    00000080               : knl_post.o674 (.bios)
                  1182bd00    00000080               : lck.o674 (.bios)
                  1182bd80    00000080               : log.o674 (.bios)
                  1182be00    00000080     bios6748.a674 : idl_cal.o674 (.bios)
                  1182be80    00000060     bios.a674 : sys_erro.o674 (.bios:.near)
                  1182bee0    00000060               : fxn.o674 (.bios)
                  1182bf40    00000060               : hwi_c.o674 (.bios)
                  1182bfa0    00000060               : idl_busy.o674 (.bios)
                  1182c000    00000060               : sem_pend_counting.o674 (.bios)
                  1182c060    00000060               : sts.o674 (.bios)
                  1182c0c0    00000060               : sys_abor.o674 (.bios)
                  1182c120    00000060     bios6748.a674 : clk_meas.o674 (.bios)
                  1182c180    00000040     bios.a674 : idl_stub.o674 (.bios)
                  1182c1c0    00000040               : rta_andn.o674 (.bios)
                  1182c200    00000040               : utl_doab.o674 (.bios)
                  1182c240    00000040               : utl_putc.o674 (.bios)
                  1182c280    00000020               : clk_countspms.o674 (.bios)
                  1182c2a0    00000020               : fxn_c.o674 (.bios)
                  1182c2c0    00000020               : gbl_vers.o674 (.bios)
                  1182c2e0    00000020               : idl.o674 (.bios)
                  1182c300    00000020               : log_printf.o674 (.bios)
                  1182c320    00000020               : sts_set.o674 (.bios)
                  1182c340    00000020               : utl_doer.o674 (.bios)
                  1182c360    00000020               : utl_halt.o674 (.bios)
                  1182c380    00000020     bios6748.a674 : clk_gethtime.o674 (.bios)

.IRAM$heap 
*          0    1182c3a0    00002000     UNINITIALIZED
                  1182c3a0    00002000     --HOLE--

.cinit     0    1182e3a0    0000148c     
                  1182e3a0    000007cc     hellocfg.obj (.cinit)
                  1182eb6c    00000004     --HOLE-- [fill = 0]
                  1182eb70    0000030c     main.obj (.cinit)
                  1182ee7c    00000004     --HOLE-- [fill = 0]
                  1182ee80    0000026c     bios.a674 : biosdata.o674 (.cinit)
                  1182f0ec    00000004     --HOLE-- [fill = 0]
                  1182f0f0    000001a4               : knl.o674 (.cinit)
                  1182f294    00000004     --HOLE-- [fill = 0]
                  1182f298    000000b0               : swi.o674 (.cinit)
                  1182f348    00000080               : tsk.o674 (.cinit)
                  1182f3c8    00000068     rtdx64xplus.lib : rtdx_mon.o64P (.cinit)
                  1182f430    00000060     bios.a674 : tsk_stup.o674 (.cinit)
                  1182f490    0000005c     lnkrtdx.a674 : rtdx.o674 (.cinit)
                  1182f4ec    00000004     --HOLE-- [fill = 0]
                  1182f4f0    0000005c     rts6740.lib : defs.obj (.cinit)
                  1182f54c    00000004     --HOLE-- [fill = 0]
                  1182f550    0000005c                 : lowlev.obj (.cinit)
                  1182f5ac    00000004     --HOLE-- [fill = 0]
                  1182f5b0    0000004c     bios.a674 : rta.o674 (.cinit)
                  1182f5fc    00000004     --HOLE-- [fill = 0]
                  1182f600    0000004c     rtdx64xplus.lib : buffer1.o64P (.cinit)
                  1182f64c    00000004     --HOLE-- [fill = 0]
                  1182f650    0000003c     bios.a674 : exc.o674 (.cinit)
                  1182f68c    00000004     --HOLE-- [fill = 0]
                  1182f690    00000034               : hwi.o674 (.cinit)
                  1182f6c4    00000004     --HOLE-- [fill = 0]
                  1182f6c8    0000002c               : utl_putc.o674 (.cinit)
                  1182f6f4    00000004     --HOLE-- [fill = 0]
                  1182f6f8    0000002c     rts6740.lib : exit.obj (.cinit)
                  1182f724    00000004     --HOLE-- [fill = 0]
                  1182f728    00000024     bios.a674 : obj_init.o674 (.cinit)
                  1182f74c    00000004     --HOLE-- [fill = 0]
                  1182f750    0000001c               : exc_asm.o674 (.cinit)
                  1182f76c    00000004     --HOLE-- [fill = 0]
                  1182f770    0000001c               : sys.o674 (.cinit)
                  1182f78c    00000004     --HOLE-- [fill = 0]
                  1182f790    0000001c     rts6740.lib : _lock.obj (.cinit)
                  1182f7ac    00000004     --HOLE-- [fill = 0]
                  1182f7b0    0000001c                 : atexit.obj (.cinit)
                  1182f7cc    00000004     --HOLE-- [fill = 0]
                  1182f7d0    00000018     bios.a674 : knl_tick.o674 (.cinit)
                  1182f7e8    0000000c               : idl_busy.o674 (.cinit)
                  1182f7f4    00000004     --HOLE-- [fill = 0]
                  1182f7f8    0000000c               : knl_swit.o674 (.cinit)
                  1182f804    00000004     --HOLE-- [fill = 0]
                  1182f808    0000000c     rts6740.lib : fopen.obj (.cinit)
                  1182f814    00000004     --HOLE-- [fill = 0]
                  1182f818    0000000c                 : sinit.obj (.cinit)
                  1182f824    00000004     --HOLE-- [fill = 0]
                  1182f828    00000004     (.pad.cinit) [fill = 0]

.hst1      0    1182f82c    00000010     UNINITIALIZED
                  1182f82c    00000010     hellocfg.obj (.hst1)

.args      0    1182f83c    00000004     
                  1182f83c    00000004     --HOLE-- [fill = 0]

.sysinit   0    1182f840    00000560     
                  1182f840    00000380     hellocfg.obj (.sysinit)
                  1182fbc0    000000c0     bios.a674 : boot.o674 (.sysinit)
                  1182fc80    000000c0               : mem_init.o674 (.sysinit)
                  1182fd40    00000060               : tsk_init.o674 (.sysinit)

.trace     0    1182fda0    00000200     
                  1182fda0    00000200     --HOLE-- [fill = 00000000]

.tsk       0    1182ffa0    00000060     UNINITIALIZED
                  1182ffa0    00000060     hellocfg.obj (.tsk)

.trace$buf 
*          0    11830000    00001000     UNINITIALIZED
                  11830000    00001000     hellocfg.obj (.trace$buf)

.rtdx_text 
*          0    11831000    00000fc0     
                  11831000    000002a0     rtdx64xplus.lib : rtdx_mon.o64P (.rtdx_text:_HSRTDX_rec)
                  118312a0    00000260                     : buffer1.o64P (.rtdx_text:_RTDX_Buffer_WriteCB)
                  11831500    00000260                     : buffer1.o64P (.rtdx_text:_RTDX_write_next)
                  11831760    000001a0                     : rtdx_mon.o64P (.rtdx_text:_HSRTDX_xmt)
                  11831900    00000160                     : rtdx_mon.o64P (.rtdx_text:_RTDX_Send_To_Host)
                  11831a60    000000e0                     : rtdx_mon.o64P (.rtdx_text:_RTDX_Mon_Queue)
                  11831b40    000000e0                     : buffer1.o64P (.rtdx_text:_claim)
                  11831c20    000000a0                     : rtdx_mon.o64P (.rtdx_text:_RTDX_GetH2THeader)
                  11831cc0    000000a0                     : rtdx_mon.o64P (.rtdx_text:_RTDX_Poll)
                  11831d60    00000080                     : rtdx_mon.o64P (.rtdx_text:_RTDX_Final_RT_Monitor)
                  11831de0    00000060                     : buffer1.o64P (.rtdx_text:_RTDX_Buffer_Initialize)
                  11831e40    00000060                     : rtdx_mon.o64P (.rtdx_text:_RTDX_Init_RT_Monitor)
                  11831ea0    00000040                     : buffer2.o64P (.rtdx_text:_RTDX_Buffer_ReadCB)
                  11831ee0    00000040                     : buffer1.o64P (.rtdx_text:_RTDX_Buffer_Size)
                  11831f20    00000040                     : memfill.o64P (.rtdx_text:_RTDX_memfill)
                  11831f60    00000020                     : buffer2.o64P (.rtdx_text:_RTDX_Buffer_Read)
                  11831f80    00000020                     : buffer1.o64P (.rtdx_text:_RTDX_Buffer_Write)
                  11831fa0    00000020                     : intr_tgt.o64P (.rtdx_text)

.hst       0    11831fc0    0000003c     UNINITIALIZED
                  11831fc0    0000003c     hellocfg.obj (.hst)

.mem       0    11831ffc    00000004     UNINITIALIZED
                  11831ffc    00000004     hellocfg.obj (.mem)

.LOG_system$buf 
*          0    11832000    00000800     UNINITIALIZED
                  11832000    00000800     hellocfg.obj (.LOG_system$buf)

.rtdx_data 
*          0    11832800    000004f4     UNINITIALIZED
                  11832800    00000080     --HOLE--
                  11832880    00000410     hellocfg.obj (.rtdx_data)
                  11832c90    00000044     rtdx64xplus.lib : rtdx_mon.o64P (.rtdx_data)
                  11832cd4    00000020                     : buffer1.o64P (.rtdx_data)

.const     0    11832cf8    00000431     
                  11832cf8    00000193     bios.a674 : exc.o674 (.const:.string)
                  11832e8b    00000004               : mem_allo.o674 (.const:.string)
                  11832e8f    00000001     --HOLE-- [fill = 0]
                  11832e90    00000101     rts6740.lib : ctype.obj (.const:.string:__ctypes_)
                  11832f91    00000004     bios.a674 : mem_free.o674 (.const:.string)
                  11832f95    00000002     rts6740.lib : fputs.obj (.const:.string)
                  11832f97    00000001     --HOLE-- [fill = 0]
                  11832f98    00000080     evmc6748_bsl.lib : evmc6748.obj (.const:_bitval_u32)
                  11833018    0000004e     bios.a674 : tsk_stup.o674 (.const:.string)
                  11833066    00000002     --HOLE-- [fill = 0]
                  11833068    00000040     evmc6748_bsl.lib : evmc6748.obj (.const:.string)
                  118330a8    00000023     bios.a674 : utl_doab.o674 (.const:.string)
                  118330cb    00000023     rts6740.lib : _printfi.obj (.const:.string)
                  118330ee    00000022     bios.a674 : utl_doer.o674 (.const:.string)
                  11833110    00000018     main.obj (.const:.string)
                  11833128    00000001     bios.a674 : tsk.o674 (.const:.string)

.printf    0    11833129    000000cd     COPY SECTION
                  11833129    000000cd     hellocfg.obj (.printf)

.TSK_idle$stk 
*          0    11833130    00000400     UNINITIALIZED
                  11833130    00000400     hellocfg.obj (.TSK_idle$stk)

.stack     0    11833530    00000400     UNINITIALIZED
                  11833530    00000400     --HOLE--

.bss       0    11833930    000003d8     UNINITIALIZED
                  11833930    00000100     bios.a674 : hwi_disp_asm.o674 (.bss)
                  11833a30    000000cc               : biosdata.o674 (.bss)
                  11833afc    0000009c               : swi.o674 (.bss)
                  11833b98    00000052     main.obj (.bss)
                  11833bea    00000002     --HOLE--
                  11833bec    00000048     bios.a674 : knl.o674 (.bss)
                  11833c34    00000028     hellocfg.obj (.bss)
                  11833c5c    00000004     bios.a674 : clk_data2.o674 (.bss)
                  11833c60    00000020               : exc_asm.o674 (.bss)
                  11833c80    00000018               : hwi.o674 (.bss)
                  11833c98    00000018     lnkrtdx.a674 : rtdx.o674 (.bss)
                  11833cb0    00000010     bios.a674 : exc.o674 (.bss)
                  11833cc0    00000010     rtdx64xplus.lib : buffer1.o64P (.bss)
                  11833cd0    00000010                     : rtdx_mon.o64P (.bss)
                  11833ce0    0000000c     bios.a674 : tsk.o674 (.bss)
                  11833cec    00000008               : clk_data.o674 (.bss)
                  11833cf4    00000008               : sys.o674 (.bss)
                  11833cfc    00000004               : idl_busy.o674 (.bss)
                  11833d00    00000004               : mem_asm.o674 (.bss)
                  11833d04    00000004     evmc6748_bsl.lib : evmc6748_i2c.obj (.bss)

.cio       0    11833d08    00000120     UNINITIALIZED
                  11833d08    00000120     rts6740.lib : trgmsg.obj (.cio)

.hst0      0    11833e28    00000100     UNINITIALIZED
                  11833e28    00000100     hellocfg.obj (.hst0)

.pip       0    11833f28    000000c8     UNINITIALIZED
                  11833f28    000000c8     hellocfg.obj (.pip)

.idl       0    11833ff0    00000010     UNINITIALIZED
                  11833ff0    00000010     hellocfg.obj (.idl)

.hwi_vec   0    11834000    00000200     
                  11834000    00000200     hellocfg.obj (.hwi_vec)

.prd       0    11834200    00000080     UNINITIALIZED
                  11834200    00000080     hellocfg.obj (.prd)

.sts       0    11834280    00000080     
                  11834280    00000080     hellocfg.obj (.sts)

.swi       0    11834300    00000058     UNINITIALIZED
                  11834300    00000058     hellocfg.obj (.swi)

.gblinit   0    11834358    0000004c     
                  11834358    0000004c     hellocfg.obj (.gblinit)

.switch    0    118343a4    00000044     
                  118343a4    00000024     evmc6748_bsl.lib : evmc6748_gpio.obj (.switch:_getRegisterBankAndBit)
                  118343c8    00000020                      : evmc6748_dip.obj (.switch:_convertDipToI2CGpio)

.log       0    118343e8    00000030     
                  118343e8    00000030     hellocfg.obj (.log)

.idlcal    0    11834418    00000010     UNINITIALIZED
                  11834418    00000010     hellocfg.obj (.idlcal)

.sys       0    11834428    00000010     UNINITIALIZED
                  11834428    00000010     hellocfg.obj (.sys)

.pinit     0    11834438    0000000c     
                  11834438    00000004     rtdx64xplus.lib : buffer1.o64P (.pinit)
                  1183443c    00000004                     : rtdx_mon.o64P (.pinit)
                  11834440    00000004     --HOLE-- [fill = 0]

.trcdata   0    11834444    0000000c     
                  11834444    0000000c     bios.a674 : trc.o674 (.trcdata)


GLOBAL SYMBOLS: SORTED ALPHABETICALLY BY Name 

address    name
--------   ----
11833930   $bss
11833930   .bss
11800000   .data
11820000   .text
1182fa04   BIOS$$CLKOFF
1182f9c4   BIOS$$CLKON
1182f840   BIOS_init
1182fa70   BIOS_start
00000000   BUF$
00000001   BUF_ENABLED
11827e18   C$$IO$$
ffffffff   CACHE_L1D
ffffffff   CACHE_L1P
00000001   CLK$
1181fff8   CLK_A_TABBEG
00000001   CLK_CALDIV
00000001   CLK_CALMULT
000493e0   CLK_COUNTSPMS
00000004   CLK_COUNTSPMSHIGH
11833a58   CLK_D_idletime
11833a54   CLK_D_isrhook
11833a50   CLK_D_tabbeg
11833a4c   CLK_D_timefxn
00000001   CLK_ENABLEHTIME
1182c380   CLK_F_gethtime
1182aee0   CLK_F_getltime
1182aef0   CLK_F_isr
1182b030   CLK_F_itime
11828bc0   CLK_HOOKFXN
00000001   CLK_HTIMEDIV
00000001   CLK_HTIMEMULT
000493e0   CLK_HTIMEPERLTIME
00005dc0   CLK_INPUTCLK
00004000   CLK_INTBIT
00000001   CLK_LTIMEDIV
000493e0   CLK_LTIMEMULT
000003e8   CLK_MICROSECS
00000001   CLK_POWERENABLE
00005dc0   CLK_PRD
00000000   CLK_PRDHIGH
01c20000   CLK_REGS
00000001   CLK_RESETTIMER
11833a48   CLK_R_time
00000020   CLK_TCR
00000000   CLK_TDDR
00000000   CLK_TDDRHIGH
1182c380   CLK_TIMEFXN
00000000   CLK_TIMERNUM
00000005   CLK_TIMMODE
00000001   CLK_USETIMER
1181fffc   CLK_null
ffffffff   DDR
00000000   DEV$
00000000   DGN$
00000000   DHL$
00000000   DHL_gChannelsAvailable
00000000   DIO$
00000000   DIO_NUMSWIBASE
00000000   DIO_NUMTSKBASE
00000000   DIO_STATIC
00000000   DPI$
00000000   ECM$
00000000   ECM_ENABLE
ffffffff   ECM_EVTMASK0
ffffffff   ECM_EVTMASK1
ffffffff   ECM_EVTMASK2
ffffffff   ECM_EVTMASK3
0000000a   EVENT10
00000064   EVENT100
00000065   EVENT101
00000066   EVENT102
00000067   EVENT103
00000068   EVENT104
00000069   EVENT105
0000006a   EVENT106
0000006b   EVENT107
0000006c   EVENT108
0000006d   EVENT109
0000000b   EVENT11
0000006e   EVENT110
0000006f   EVENT111
00000070   EVENT112
00000071   EVENT113
00000072   EVENT114
00000073   EVENT115
00000074   EVENT116
00000075   EVENT117
00000076   EVENT118
00000077   EVENT119
0000000c   EVENT12
00000078   EVENT120
00000079   EVENT121
0000007a   EVENT122
0000007b   EVENT123
0000007c   EVENT124
0000007d   EVENT125
0000007e   EVENT126
0000007f   EVENT127
0000000d   EVENT13
0000000e   EVENT14
0000000f   EVENT15
00000010   EVENT16
00000011   EVENT17
00000012   EVENT18
00000013   EVENT19
00000014   EVENT20
00000015   EVENT21
00000016   EVENT22
00000017   EVENT23
00000018   EVENT24
00000019   EVENT25
0000001a   EVENT26
0000001b   EVENT27
0000001c   EVENT28
0000001d   EVENT29
0000001e   EVENT30
0000001f   EVENT31
00000020   EVENT32
00000021   EVENT33
00000022   EVENT34
00000023   EVENT35
00000024   EVENT36
00000025   EVENT37
00000026   EVENT38
00000027   EVENT39
00000004   EVENT4
00000028   EVENT40
00000029   EVENT41
0000002a   EVENT42
0000002b   EVENT43
0000002c   EVENT44
0000002d   EVENT45
0000002e   EVENT46
0000002f   EVENT47
00000030   EVENT48
00000031   EVENT49
00000005   EVENT5
00000032   EVENT50
00000033   EVENT51
00000034   EVENT52
00000035   EVENT53
00000036   EVENT54
00000037   EVENT55
00000038   EVENT56
00000039   EVENT57
0000003a   EVENT58
0000003b   EVENT59
00000006   EVENT6
0000003c   EVENT60
0000003d   EVENT61
0000003e   EVENT62
0000003f   EVENT63
00000040   EVENT64
00000041   EVENT65
00000042   EVENT66
00000043   EVENT67
00000044   EVENT68
00000045   EVENT69
00000007   EVENT7
00000046   EVENT70
00000047   EVENT71
00000048   EVENT72
00000049   EVENT73
0000004a   EVENT74
0000004b   EVENT75
0000004c   EVENT76
0000004d   EVENT77
0000004e   EVENT78
0000004f   EVENT79
00000008   EVENT8
00000050   EVENT80
00000051   EVENT81
00000052   EVENT82
00000053   EVENT83
00000054   EVENT84
00000055   EVENT85
00000056   EVENT86
00000057   EVENT87
00000058   EVENT88
00000059   EVENT89
00000009   EVENT9
0000005a   EVENT90
0000005b   EVENT91
0000005c   EVENT92
0000005d   EVENT93
0000005e   EVENT94
0000005f   EVENT95
00000060   EVENT96
00000061   EVENT97
00000062   EVENT98
00000063   EVENT99
1182bee0   FXN_F_nop
1182bee4   FXN_F_run
1182bf20   FXN_F_zero
00000001   GBL$
00005205   GBL_A_VERSION
00000000   GBL_BCACHEREADADDR0
00000000   GBL_BCACHEREADADDR1
00000000   GBL_BCACHEREADADDR2
00000000   GBL_BIGENDIAN
00000000   GBL_CACHE
00000000   GBL_CALLCSLCFGINIT
00004e20   GBL_CLKIN
00001a5b   GBL_CLKTYPE
00001a5c   GBL_DSPSUBTYPE
0000003e   GBL_DSPTYPE
00000001   GBL_ENABLEINST
00000000   GBL_ENABLE_SK
00000042   GBL_FOOTPRINT
000493e0   GBL_FREQ
00000000   GBL_GEMTRUECOMPEN
00000007   GBL_L1DMODE
00000007   GBL_L1PMODE
00000001   GBL_L2CONFIGURE
00000000   GBL_L2MAR0_31
00000001   GBL_L2MAR128_159
00000000   GBL_L2MAR160_191
ffffffff   GBL_L2MAR192_223
00000000   GBL_L2MAR224_255
00000000   GBL_L2MAR32_63
00000000   GBL_L2MAR64_95
00000000   GBL_L2MAR96_127
00000000   GBL_L2MODE
00000000   GBL_NULL
00000000   GBL_PROCID
00000000   GBL_ROM
00000000   GBL_SUPPORTCSL
0000dbef   GBL_TRCMASKVALUE
00000000   GBL_USERINIT
1182c2a0   GBL_USERINITFXN
00000001   GBL_boot
1183444c   GBL_initdone
11833530   GBL_stackbeg
1183392f   GBL_stackend
00000000   GIO$
1182c2a0   GIO_CREATEFXN
1182c2a0   GIO_DELETEFXN
1182c2a0   GIO_PENDFXN
1182c2a0   GIO_POSTFXN
00000000   HOOK$
00000000   HOOK_KNLID
00000001   HST$
11831fc0   HST_A_TABBEG
11831ffc   HST_A_TABEND
00000000   HST_DSM
11833c40   HST_DSMBUFSEG
00000400   HST_DSMMEMSIZE
11833ac4   HST_D_chanmask
11833ac8   HST_D_tabbeg
11833acc   HST_D_tabend
000000ff   HST_MAXFRAMEALLOWED
00000040   HST_MAXFRAMESET
00000000   HST_NONE
00000001   HST_RTDX
00000001   HWI$
11834000   HWI_A_VECS
00005828   HWI_CFGDISPATCHED
11833c90   HWI_D_bss
11833c94   HWI_D_ccmask
11833c80   HWI_D_spsave
00000001   HWI_ENABLE_EXC
11828bc0   HWI_F_dispatch
00000000   HWI_GENERATE_RESET_VEC
0000000a   HWI_INT10
00000000   HWI_INT10$hwi
0000000b   HWI_INT11
00000000   HWI_INT11$hwi
0000000c   HWI_INT12
00000000   HWI_INT12$hwi
0000000d   HWI_INT13
00000000   HWI_INT13$hwi
0000000e   HWI_INT14
00000000   HWI_INT14$hwi
0000000f   HWI_INT15
00000000   HWI_INT15$hwi
00000004   HWI_INT4
00000000   HWI_INT4$hwi
00000005   HWI_INT5
00000000   HWI_INT5$hwi
00000006   HWI_INT6
00000000   HWI_INT6$hwi
00000007   HWI_INT7
00000000   HWI_INT7$hwi
00000008   HWI_INT8
00000000   HWI_INT8$hwi
00000009   HWI_INT9
00000000   HWI_INT9$hwi
07063d04   HWI_INTRMUX1
0b0a0908   HWI_INTRMUX2
28040d0c   HWI_INTRMUX3
00000001   HWI_NMI
00000000   HWI_NMI$hwi
00000000   HWI_POLARITYMASK
00000002   HWI_RESERVED0
00000000   HWI_RESERVED0$hwi
00000003   HWI_RESERVED1
00000000   HWI_RESERVED1$hwi
00000000   HWI_RESET
00000000   HWI_RESET$hwi
00000000   HWI_ZEROTAB
00000001   IDL$
11834418   IDL_A_CALBEG
11833ff0   IDL_A_TABBEG
00000006   IDL_CALIBRERROR
1182c180   IDL_CALIBRFXN
11833cfc   IDL_D_busyObj
11833a38   IDL_D_calbeg
11833a34   IDL_D_calibrate
11833a30   IDL_D_tabbeg
11833ffc   IDL_END
11834424   IDL_END$
1182bfa0   IDL_F_busy
1182be00   IDL_F_calibrate
1182c2e0   IDL_F_loop
1182c180   IDL_F_stub
00000001   IDL_USECLKIDLTIME
118342f4   IDL_busyObj
118331f1   IDL_busyObj$avgfmt
00000001   IDL_busyObj$filter
00000001   IDL_busyObj$iA
00000000   IDL_busyObj$iB
00000001   IDL_busyObj$iC
118331eb   IDL_busyObj$maxfmt
00000000   IDL_busyObj$operation
118342f0   IDL_busyObj$stsobj
118331ee   IDL_busyObj$sumfmt
00000002   IDL_busyObj$unittype
11833ff0   IDL_cpuLoad
11834418   IDL_cpuLoad$
11833c40   IRAM
1182c3a0   IRAM$B
00002000   IRAM$L
00000001   ISRC$
1182b1d8   KNL_glue
11834300   KNL_swi
00000001   KNL_swi$dorta
00000000   KNL_swi$ord
00000000   KNL_swi$pri
118342c4   KNL_swi$sts
118331ad   KNL_swi$sts$avgfmt
00000002   KNL_swi$sts$filter
00000001   KNL_swi$sts$filtmaxmult
00000001   KNL_swi$sts$filtsummult
1183319d   KNL_swi$sts$maxfmt
118342c0   KNL_swi$sts$stsobj
118331a5   KNL_swi$sts$sumfmt
00000000   KNL_swi$sts$unittype
00000000   KNL_swi$swi
ffffffff   L3_CBA_RAM
00000001   LCK$
11828080   LNK_F_checkBufferCall
11828100   LNK_F_dataPump
118280a0   LNK_F_getChanPtr
118280f8   LNK_F_init
11828608   LNK_F_readCallBack
11833ff4   LNK_dataPump
1183441c   LNK_dataPump$
11833c9c   LNK_dspFrameReadyMask
11833c98   LNK_dspFrameRequestMask
11828380   LNK_newin
118284b4   LNK_newout
11828110   LNK_rcloop
118281d4   LNK_rdrtry
11833ca4   LNK_readDone
11833ca8   LNK_readFail
11833ca0   LNK_readPend
118281e4   LNK_rrloop
11833cac   LNK_writeFail
118282b0   LNK_wrloop
118282a4   LNK_wrrtry
00000001   LOG$
118343e8   LOG_A_TABBEG
11834418   LOG_A_TABEND
00000002   LOG_A_TABLEN
11833a3c   LOG_D_system
00000001   LOG_ENABLED
1182bd80   LOG_F_event
118343e8   LOG_system
11832000   LOG_system$buf
00000000   LOG_system$datatype
00000000   LOG_system$log
00000200   LOG_system$size
00000000   MBX$
00000001   MEM$
11833c40   MEM_MALLOCSEG
00000000   MEM_NULL
11833c40   MEM_SEGZERO
00000000   MEM_USEMPC
00000001   MEM_gNumHeap
00000000   MSGQ$
00000000   MSGQ_USEMSGQ
00000000   OBJ$
00000000   PIP$
11833f28   PIP_A_TABBEG
11833ff0   PIP_A_TABEND
00000002   PIP_A_TABLEN
11833a40   PIP_D_tabbeg
11833a44   PIP_D_tablen
1182a858   PIP_F_give
1182a858   PIP_F_probe
1182a928   PIP_F_start
1182a7e0   PIP_F_take
00000064   PIP_OBJSIZE
00000000   PIP_gNextId
00000002   PIP_gNumEmbed
00000000   POOL$
00000000   POOL_USEPOOL
00000001   PRD$
11834200   PRD0
1183421c   PRD0$aaa
00000000   PRD0$mode
00000002   PRD0$ord
000001f4   PRD0$period
00000000   PRD0$prd
11834284   PRD0$sts
1183313b   PRD0$sts$avgfmt
00000000   PRD0$sts$filter
11833129   PRD0$sts$maxfmt
11834280   PRD0$sts$stsobj
11833132   PRD0$sts$sumfmt
00000002   PRD0$sts$unittype
11834220   PRD1
1183423c   PRD1$aaa
00000000   PRD1$mode
00000003   PRD1$ord
00000032   PRD1$period
00000000   PRD1$prd
11834294   PRD1$sts
11833158   PRD1$sts$avgfmt
00000000   PRD1$sts$filter
11833146   PRD1$sts$maxfmt
11834290   PRD1$sts$stsobj
1183314f   PRD1$sts$sumfmt
00000002   PRD1$sts$unittype
11834240   PRD2
1183425c   PRD2$aaa
00000000   PRD2$mode
00000004   PRD2$ord
000001f4   PRD2$period
00000000   PRD2$prd
118342a4   PRD2$sts
11833175   PRD2$sts$avgfmt
00000000   PRD2$sts$filter
11833163   PRD2$sts$maxfmt
118342a0   PRD2$sts$stsobj
1183316c   PRD2$sts$sumfmt
00000002   PRD2$sts$unittype
11834260   PRD3
1183427c   PRD3$aaa
00000000   PRD3$mode
00000005   PRD3$ord
000000a7   PRD3$period
00000000   PRD3$prd
118342b4   PRD3$sts
11833192   PRD3$sts$avgfmt
00000000   PRD3$sts$filter
11833180   PRD3$sts$maxfmt
118342b0   PRD3$sts$stsobj
11833189   PRD3$sts$sumfmt
00000002   PRD3$sts$unittype
11834200   PRD_A_TABBEG
11834280   PRD_A_TABEND
00000004   PRD_A_TABLEN
11833a80   PRD_D_cur
11833a84   PRD_D_elapsed
11833a88   PRD_D_prevtim
11833a8c   PRD_D_scalar
11833a90   PRD_D_swihandle
11833a94   PRD_D_tabbeg
11833a98   PRD_D_tablen
11833a9c   PRD_D_thook
11833a7c   PRD_D_tick
11829560   PRD_F_swi
118297e4   PRD_F_tick
00000001   PRD_SCALAR
1183432c   PRD_SWIHANDLE
1182a3f4   PRD_THOOKFXN
1181fff8   PRD_clock
1183432c   PRD_swi
00000001   PRD_swi$dorta
00000000   PRD_swi$ord
00000001   PRD_swi$pri
118342d4   PRD_swi$sts
118331c7   PRD_swi$sts$avgfmt
00000002   PRD_swi$sts$filter
00000001   PRD_swi$sts$filtmaxmult
00000001   PRD_swi$sts$filtsummult
118331b7   PRD_swi$sts$maxfmt
118342d0   PRD_swi$sts$stsobj
118331bf   PRD_swi$sts$sumfmt
00000000   PRD_swi$sts$unittype
00000000   PRD_swi$swi
00000001   PWRM$
00000030   PWRM_PWRM_CAPSMASK
0000000a   PWRM_PWRM_CLKTICKSPERSLOT
00000000   PWRM_PWRM_ENABLE
00000002   PWRM_PWRM_INITSPCPU
00000000   PWRM_PWRM_INITSPPER
00000000   PWRM_PWRM_LOADENABLE
00000001   PWRM_PWRM_NUMSLOTS
00000000   PWRM_PWRM_RESOURCETRACKING
00000000   PWRM_PWRM_SCALING
1182c2a0   PWRM_PWRM_SHAREDRESOURCEFXN
1182c2a0   PWRM_PWRM_SLOTHOOKFXN
00000000   PWRM_PWRM_TIMERIDNUM
00000000   PWRM_PWRM_TIMERINTRMASK
00000000   PWRM_PWRM_TIMERWUGENMASK
00000000   PWRM_PWRM_USERRESOURCES
00000000   PWRM_PWRM_USETIMER
00000001   QUE$
11833aa0   RTA_D_fromHost
11833aa8   RTA_D_logval
11833ab8   RTA_D_stsval
11833aa4   RTA_D_toHost
1182c1c0   RTA_F_andn
11829c40   RTA_F_dispatch
11829b60   RTA_F_getlog
11829b98   RTA_F_getsts
1182c1d8   RTA_F_or
11829bd8   RTA_F_readblk
11829c00   RTA_F_resetmem
11829bf4   RTA_F_writeword
11833ff8   RTA_dispatcher
11834420   RTA_dispatcher$
11829c8c   RTA_execute
11831fc4   RTA_fromHost
1182f82c   RTA_fromHost$buf
00000004   RTA_fromHost$framesize
00000000   RTA_fromHost$hst
00000001   RTA_fromHost$id
00000000   RTA_fromHost$mode
11833f28   RTA_fromHost$pipe
11833f58   RTA_fromHost$pipe$aaa
11833f88   RTA_fromHost$pipe$bbb
11833c44   RTA_fromHost$pipe$dtab
11833f2c   RTA_fromHost$pipe$rd
11833f5c   RTA_fromHost$pipe$wr
11831fcc   RTA_fromHost$rtdx
11831fe0   RTA_toHost
11833e28   RTA_toHost$buf
00000040   RTA_toHost$framesize
00000000   RTA_toHost$hst
00000000   RTA_toHost$id
00000001   RTA_toHost$mode
11833f8c   RTA_toHost$pipe
11833fbc   RTA_toHost$pipe$aaa
11833fec   RTA_toHost$pipe$bbb
11833c50   RTA_toHost$pipe$dtab
11833f90   RTA_toHost$pipe$rd
11833fc0   RTA_toHost$pipe$wr
11831fe8   RTA_toHost$rtdx
00000001   RTDX$
00000408   RTDX_BUFMEMSIZE
11833c40   RTDX_DATAMEMSEG
00000000   RTDX_MODE
00000001   RTDX_NORMALIZED_HDR
00000001   RTDX_USERTDX
00000000   RTDX_USERTEXECUTION
00000000   SEM$
00000000   SIO$
00000001   STS$
11834280   STS_A_TABBEG
11834300   STS_A_TABEND
1182c08c   STS_F_add
1182c060   STS_F_delta
1182c0a8   STS_F_reset
00000001   SWI$
11834300   SWI_A_TABBEG
11834358   SWI_A_TABEND
00000002   SWI_A_TABLEN
11833b14   SWI_D_curfxn
11833b04   SWI_D_curmask
11833b10   SWI_D_curmbox
11833b08   SWI_D_curset
11833b00   SWI_D_execaddr
11833b1c   SWI_D_inswi
11833b0c   SWI_D_lock
11833b18   SWI_D_rdybeg
11833b20   SWI_D_rdytab
11833afc   SWI_D_runaddr
00000000   SWI_EHOOKFXN
11829284   SWI_EXECFXN
118290a0   SWI_F_enable
11829284   SWI_F_exec
118292ac   SWI_F_iexec
11829110   SWI_F_post
1182932c   SWI_F_run
00000000   SWI_IHOOKFXN
1182932c   SWI_RUNFXN
00000001   SYS$
11834428   SYS$config
1182c200   SYS_ABORTFXN
1182c340   SYS_ERRORFXN
1182c360   SYS_EXITFXN
1182c240   SYS_PUTCFXN
11834448   TRC_R_mask
11834444   TRC_cinit
00000001   TSK$
00000000   TSK_NUM_HOOKS
00000001   TSK_PRIORITY
00000000   TSK_READYFXN
00000000   TSK_STACKSEG
00000400   TSK_STACKSIZE
00000000   TSK_SWITCHFXN
1182c2a0   TSK_VCREATEFXN
1182c2a0   TSK_VDELETEFXN
1182c2a0   TSK_VEXITFXN
1182ffac   TSK_idle
00000000   TSK_idle$ord
00000000   TSK_idle$pri
11833130   TSK_idle$stack
118334c8   TSK_idle$stkptr
118342e4   TSK_idle$sts
118331e1   TSK_idle$sts$avgfmt
00000002   TSK_idle$sts$filter
00000001   TSK_idle$sts$filtmaxmult
00000001   TSK_idle$sts$filtsummult
118331d1   TSK_idle$sts$maxfmt
118342e0   TSK_idle$sts$stsobj
118331d9   TSK_idle$sts$sumfmt
00000000   TSK_idle$sts$unittype
00000000   TSK_idle$tsk
00000000   UDEV$
1182198c   _AIC3106_Init
11821a40   _AIC3106_readRegister
11821a94   _AIC3106_writeRegister
11833bd4   _B
1182c2a0   _BCACHE_bootInit
1182b594   _BCACHE_getMar
1182b544   _BCACHE_getSize
1182b514   _BCACHE_setCacheToSram
1182b4c4   _BCACHE_setMar
1182b480   _BCACHE_setSize
1182f840   _BIOS_init
1182fa70   _BIOS_start
118000a8   _BP_A
11800060   _BP_B
ffffffff   _CACHE_L1D
ffffffff   _CACHE_L1P
000493e0   _CLK_COUNTSPMS
11833cec   _CLK_DFLTMICROSECS
11833a78   _CLK_D_countspms
11833a6c   _CLK_D_dirty
11833cf0   _CLK_D_microseconds
11833a70   _CLK_D_prd
11833a74   _CLK_D_tddr
1182b030   _CLK_F_itime
00005dc0   _CLK_PRD
01c20000   _CLK_REGS
00000000   _CLK_TDDR
00000000   _CLK_TIMERNUM
00000001   _CLK_USETIMER
1182c280   _CLK_countspms
1182c380   _CLK_gethtime
11833a5c   _CLK_htimeDiv
11833a60   _CLK_htimeMult
11833c5c   _CLK_htimePerLtime
1181f6fc   _CLK_inputClock
1182b030   _CLK_itime
11833a64   _CLK_ltimeDiv
11833a68   _CLK_ltimeMult
1182c120   _CLK_measure
ffffffff   _DDR
11825d44   _DIP_get
11825da8   _DIP_getAll
11825d20   _DIP_init
0000000a   _EVENT10
00000064   _EVENT100
00000065   _EVENT101
00000066   _EVENT102
00000067   _EVENT103
00000068   _EVENT104
00000069   _EVENT105
0000006a   _EVENT106
0000006b   _EVENT107
0000006c   _EVENT108
0000006d   _EVENT109
0000000b   _EVENT11
0000006e   _EVENT110
0000006f   _EVENT111
00000070   _EVENT112
00000071   _EVENT113
00000072   _EVENT114
00000073   _EVENT115
00000074   _EVENT116
00000075   _EVENT117
00000076   _EVENT118
00000077   _EVENT119
0000000c   _EVENT12
00000078   _EVENT120
00000079   _EVENT121
0000007a   _EVENT122
0000007b   _EVENT123
0000007c   _EVENT124
0000007d   _EVENT125
0000007e   _EVENT126
0000007f   _EVENT127
0000000d   _EVENT13
0000000e   _EVENT14
0000000f   _EVENT15
00000010   _EVENT16
00000011   _EVENT17
00000012   _EVENT18
00000013   _EVENT19
00000014   _EVENT20
00000015   _EVENT21
00000016   _EVENT22
00000017   _EVENT23
00000018   _EVENT24
00000019   _EVENT25
0000001a   _EVENT26
0000001b   _EVENT27
0000001c   _EVENT28
0000001d   _EVENT29
0000001e   _EVENT30
0000001f   _EVENT31
00000020   _EVENT32
00000021   _EVENT33
00000022   _EVENT34
00000023   _EVENT35
00000024   _EVENT36
00000025   _EVENT37
00000026   _EVENT38
00000027   _EVENT39
00000004   _EVENT4
00000028   _EVENT40
00000029   _EVENT41
0000002a   _EVENT42
0000002b   _EVENT43
0000002c   _EVENT44
0000002d   _EVENT45
0000002e   _EVENT46
0000002f   _EVENT47
00000030   _EVENT48
00000031   _EVENT49
00000005   _EVENT5
00000032   _EVENT50
00000033   _EVENT51
00000034   _EVENT52
00000035   _EVENT53
00000036   _EVENT54
00000037   _EVENT55
00000038   _EVENT56
00000039   _EVENT57
0000003a   _EVENT58
0000003b   _EVENT59
00000006   _EVENT6
0000003c   _EVENT60
0000003d   _EVENT61
0000003e   _EVENT62
0000003f   _EVENT63
00000040   _EVENT64
00000041   _EVENT65
00000042   _EVENT66
00000043   _EVENT67
00000044   _EVENT68
00000045   _EVENT69
00000007   _EVENT7
00000046   _EVENT70
00000047   _EVENT71
00000048   _EVENT72
00000049   _EVENT73
0000004a   _EVENT74
0000004b   _EVENT75
0000004c   _EVENT76
0000004d   _EVENT77
0000004e   _EVENT78
0000004f   _EVENT79
00000008   _EVENT8
00000050   _EVENT80
00000051   _EVENT81
00000052   _EVENT82
00000053   _EVENT83
00000054   _EVENT84
00000055   _EVENT85
00000056   _EVENT86
00000057   _EVENT87
00000058   _EVENT88
00000059   _EVENT89
00000009   _EVENT9
0000005a   _EVENT90
0000005b   _EVENT91
0000005c   _EVENT92
0000005d   _EVENT93
0000005e   _EVENT94
0000005f   _EVENT95
00000060   _EVENT96
00000061   _EVENT97
00000062   _EVENT98
00000063   _EVENT99
118201e8   _EVMC6748_enableDsp
11820000   _EVMC6748_init
1182002c   _EVMC6748_initRAM
118202b0   _EVMC6748_lpscTransition
11820214   _EVMC6748_pinmuxConfig
11828b90   _EXC_clearLastStatus
1182a600   _EXC_dispatch
118289b4   _EXC_exceptionHandler
11833cb0   _EXC_exceptionHook
11828980   _EXC_external
11833cb8   _EXC_externalHook
11828960   _EXC_getLastStatus
11828920   _EXC_init
11828674   _EXC_internal
11833cb4   _EXC_internalHook
11828640   _EXC_nmi
11833cbc   _EXC_nmiHook
11833c68   _EXC_returnPtr
1182a7c4   _EXC_setReturnPtr
1181ffb8   _EXC_status
11833c60   _EXC_sysTrapTable
1182c2a0   _FXN_F_nop
1182bee4   _FXN_F_run
1182bf20   _FXN_F_zero
00000000   _GBL_CACHE
1182b628   _GBL_cacheInit64P
11833ad4   _GBL_clkIn
11833ad8   _GBL_freq
1182c2c0   _GBL_getVersion
11833ad0   _GBL_procId
11823578   _GPIO_getInput
11823500   _GPIO_setDir
118235ec   _GPIO_setOutput
1182366c   _GPIO_toggleLoop
11827580   _HOSTclose
11826360   _HOSTlseek
11826760   _HOSTopen
11826840   _HOSTread
11825a20   _HOSTrename
11826bc0   _HOSTunlink
11826c80   _HOSTwrite
11800120   _HP_A
118000f0   _HP_B
11831000   _HSRTDX_rec
11831760   _HSRTDX_xmt
11831fc0   _HST_A_TABBEG
11831ffc   _HST_A_TABEND
00005828   _HWI_CFGDISPATCHED
11833c8c   _HWI_D_inhwi
11833c80   _HWI_D_spsave
11828bc0   _HWI_F_dispatch
0000000a   _HWI_INT10
0000000b   _HWI_INT11
0000000c   _HWI_INT12
0000000d   _HWI_INT13
0000000e   _HWI_INT14
0000000f   _HWI_INT15
00000004   _HWI_INT4
00000005   _HWI_INT5
00000006   _HWI_INT6
00000007   _HWI_INT7
00000008   _HWI_INT8
00000009   _HWI_INT9
00000001   _HWI_NMI
00000002   _HWI_RESERVED0
00000003   _HWI_RESERVED1
00000000   _HWI_RESET
11833928   _HWI_STKBOTTOM
11833530   _HWI_STKTOP
11833c80   _HWI_data
1182bf40   _HWI_disable
11833930   _HWI_dispatchTab
1182bf58   _HWI_enable
1182bf6c   _HWI_restore
11822cb4   _I2CGPIO_getInput
11822dd0   _I2CGPIO_getInputAll
11822be0   _I2CGPIO_init
11822ee0   _I2CGPIO_setOutput
11823028   _I2CGPIO_setOutputAll
11823880   _I2C_init
1182396c   _I2C_read
11823ac8   _I2C_write
118342f4   _IDL_busyObj
11833ff0   _IDL_cpuLoad
1182c2e0   _IDL_loop
11833c40   _IRAM
1182c3a0   _IRAM_base
00002000   _IRAM_length
11833bf4   _KNL_alarm
1182b6e0   _KNL_check
11833c18   _KNL_curqueue
11833c08   _KNL_curtask
11833c10   _KNL_curtime
1181fd70   _KNL_dummy
1182ba40   _KNL_enter
1182ba00   _KNL_exit
1182b7a8   _KNL_idle
11833c30   _KNL_idlefxn
11833bfc   _KNL_inactive
1182bc00   _KNL_ipost
1182b7d0   _KNL_max
11833c1c   _KNL_maxqueue
1182bc80   _KNL_post
11833c0c   _KNL_prevtask
11833c00   _KNL_priority
1181fcd0   _KNL_queues
11829de0   _KNL_run
1182b080   _KNL_saveIsrFrame
11833c04   _KNL_set
11833bf8   _KNL_setpri
11834300   _KNL_swi
11833c14   _KNL_swiptr
1182b12c   _KNL_switch
11833c24   _KNL_tcreatefxn
11833c28   _KNL_tdeletefxn
1182a3f4   _KNL_tick
11833c2c   _KNL_treadyfxn
11833c20   _KNL_tswitchfxn
11833bec   _KNL_wFlag
11833bf0   _KNL_wList
ffffffff   _L3_CBA_RAM
1182bd20   _LCK_pend
1182bd00   _LCK_post
118254e0   _LED_init
1182552c   _LED_isOn
1182562c   _LED_toggle
118255e4   _LED_turnOff
11825594   _LED_turnOn
11833ff4   _LNK_dataPump
11833c9c   _LNK_dspFrameReadyMask
11833c98   _LNK_dspFrameRequestMask
11833ca4   _LNK_readDone
11833ca8   _LNK_readFail
11833ca0   _LNK_readPend
11833cac   _LNK_writeFail
118343e8   _LOG_A_TABBEG
11834418   _LOG_A_TABEND
00000002   _LOG_A_TABLEN
11833a3c   _LOG_D_system
1182bd80   _LOG_event
1182c300   _LOG_printf
118343e8   _LOG_system
11800030   _LP_A
11800000   _LP_B
11833d00   _MEM
11833adc   _MEM_D_NUMSEGMENTS
11833ae4   _MEM_D_freelist
11833ae8   _MEM_D_lockaddr
11833ae0   _MEM_D_memtab
11833aec   _MEM_D_unlockaddr
1182a020   _MEM_alloc
1182a420   _MEM_free
1182fc80   _MEM_init
11833c34   _MEM_memtab
11821610   _McASP_Init
11821754   _McASP_Start
1181ff10   _OBJ_segtab
1181fed8   _OBJ_table
11833f28   _PIP_A_TABBEG
11833ff0   _PIP_A_TABEND
11834200   _PRD0
11834220   _PRD1
11834240   _PRD2
11834260   _PRD3
11833a7c   _PRD_D_tick
1181fff8   _PRD_clock
1183432c   _PRD_swi
11833ff8   _RTA_dispatcher
11831fc4   _RTA_fromHost
11831fe0   _RTA_toHost
11832880   _RTDX_Buffer
11832c8c   _RTDX_Buffer_End
11831de0   _RTDX_Buffer_Initialize
11831f60   _RTDX_Buffer_Read
11831ea0   _RTDX_Buffer_ReadCB
11831ee0   _RTDX_Buffer_Size
11832c88   _RTDX_Buffer_Start
11831f80   _RTDX_Buffer_Write
118312a0   _RTDX_Buffer_WriteCB
11831d60   _RTDX_Final_RT_Monitor
11831e40   _RTDX_Init_RT_Monitor
00000002   _RTDX_JTAGONLY
11831fa0   _RTDX_Mask_IER
11831a60   _RTDX_Mon_Queue
11831cc0   _RTDX_Poll
00000000   _RTDX_interrupt_mask
11831f20   _RTDX_memfill
11832ce0   _RTDX_writing
11833c40   _SEG0
1182c000   _SEM_pend
1182a9c0   _SEM_pendEnterKnl
1182b920   _SEM_post
1182b920   _SEM_postBinary
1182bac0   _SEM_postEnterKnl
11834280   _STS_A_TABBEG
11834300   _STS_A_TABEND
1182c08c   _STS_add
1182c060   _STS_delta
1182c0a8   _STS_reset
1182c320   _STS_set
11833b14   _SWI_D_curfxn
11833b04   _SWI_D_curmask
11833b08   _SWI_D_curset
11833b00   _SWI_D_execaddr
11833b1c   _SWI_D_inswi
11833b0c   _SWI_D_lock
11833b18   _SWI_D_rdybeg
11833afc   _SWI_D_runaddr
11833afc   _SWI_data
11829110   _SWI_post
11833af0   _SYS
1182fda0   _SYS_PUTCBEG
1182ff9f   _SYS_PUTCEND
1182c0c0   _SYS_abort
1182be80   _SYS_error
1182bb60   _SYS_exit
1181ff80   _SYS_exitStack
11833cf4   _SYS_exitStackPtr
11833cf8   _SYS_exitStackTop
11821b50   _SetGpio
11834448   _TRC_R_mask
11833ce8   _TSK
1181fe78   _TSK_ATTRS
1181fe94   _TSK_config
1182b340   _TSK_exit
1182ffac   _TSK_idle
1182fd40   _TSK_init
11833ce0   _TSK_nTasks
11833ce4   _TSK_pid
1182ad40   _TSK_setup
1182b8a4   _TSK_startup
1181feb4   _TSK_timerSem
11821ad8   _USTIMER_delay
11820c00   _UTIL_isUIBoardAttached
11820aa8   _UTIL_printMem
1182c200   _UTL_doAbort
1182c340   _UTL_doError
1182c240   _UTL_doPutc
1182c360   _UTL_halt
11833d08   __CIOBUF_
1182b050   __CLK_lat1beg
1182b070   __CLK_lat1end
11833af8   __HOOK_NUMHOOKS
11833af4   __HOOK_knlId
11828bc0   __HWI_lat1beg
11828d48   __HWI_lat1end
11828d48   __HWI_lat2beg
11828f24   __HWI_lat2end1
11828eb0   __HWI_lat2end2
11828f40   __HWI_lat3beg
11828ee0   __HWI_lat3end2
1182bfa0   __IDL_lat1beg
1182bfe0   __IDL_lat1end
1182b72c   __KNL_lat1beg
1182b7a8   __KNL_lat1end
1182bd80   __LOG_lat1beg
1181ff54   __MEM_mutex
11829c00   __RTA_lat1beg
11829c34   __RTA_lat1end
1182aba0   __SEM_dopost
11833930   __STACK_END
00000400   __STACK_SIZE
11829218   __SWI_lat1beg
118292c4   __SWI_lat1end
118292c8   __SWI_lat2beg
11829328   __SWI_lat2end
118290a0   __SWI_lat3beg
1182910c   __SWI_lat3end
1181ff2c   __TSK_mutex
1181ffec   ___TI_enable_exit_profile_output
ffffffff   ___TI_pprof_out_hndl
ffffffff   ___TI_prof_data_size
ffffffff   ___TI_prof_data_start
11827e20   ___add_dtor
1181fa28   ___atexit_func_id__
ffffffff   ___binit__
11833930   ___bss__
ffffffff   ___c_args__
1182e3a0   ___cinit__
11800000   ___data__
11800000   ___edata__
11833d08   ___end__
11828080   ___etext__
11827e60   ___isinf
11834438   ___pinit__
11820000   ___text__
1182b200   __auto_init
11826ec0   __c6xabi_divu
11827040   __c6xabi_remi
11826d40   __cleanup
1181ffe4   __cleanup_ptr
11832e90   __ctypes_
11821b80   __divd
11827620   __divli
11826ec0   __divu
11825880   __divul
118249c0   __divull
11826f80   __doflush
1181ffe8   __dtors_ptr
11827800   __fixdli
11827a80   __fltlid
11827ee0   __frcmpyd_div
1181fa20   __ft_end
1181f700   __ftable
11827b00   __llshl
11827f20   __llshru
1181fff0   __lock
11827fa0   __negll
11827fc0   __nop
118230c0   __printfi
11828020   __register_lock
11828040   __register_unlock
11827040   __remi
11827f60   __remli
11833530   __stack
11827d00   __subcull
1181f8e0   __tmpnams
1181fff4   __unlock
11826560   __wrt_ok
11820f00   _add_to_buffer
11827100   _atexit
11826920   _atoi
118214d0   _audioHWI
11832f98   _bitval_u32
118002d0   _buffer
11833bb8   _buffer_len
1182fbc0   _c_int00
11826660   _call_dtors
11829b0c   _calloc
11826a00   _close
11820688   _config_pll0
118208c4   _config_pll1
11820e24   _dipPRD
1181fccc   _dtors
11833be8   _dur
11833be4   _duration
11833be0   _end_t
11826240   _fclose
11820de4   _flash_LED_filtering
11820db4   _flash_LED_playback
11820d6c   _flash_LED_rec
11825fc0   _fputc
11823c00   _fputs
118298e0   _free
118271c0   _fseek
118212f0   _get_buffer
11833bbe   _i
11821084   _iir_filter_bp
118211b8   _iir_filter_hp
11820f48   _iir_filter_lp
11833bac   _index_bp
11833bb0   _index_hp
11833ba8   _index_lp
118215a8   _initAll
11833bd0   _j
11833bd2   _k
11827280   _lseek
11827340   _ltoa
11833bbc   _m
11820c20   _main
11829904   _malloc
11829a48   _memalign
11827d60   _memccpy
118279e0   _memcpy
11826ae0   _memset
11833bba   _n
11833bc0   _n_temp
11833bc8   _out_bp
11833bcc   _out_hp
11833bc4   _out_lp
11833bb4   _past_idx
11827b80   _printf
11825fc0   _putc
11821560   _read_audio_sample
11827c00   _readmsg
11829964   _realloc
11828060   _remove
11833cc8   _rtdxNullChanCnt
11833ccc   _rtdxNullFuncCnt
11833cd4   _rtdxRecNotDoneCnt
11833cdc   _rtdxXmtErrorCnt
11833cd0   _rtdxXmtNotDoneCnt
11833cd8   _rtdxXmtRestartCnt
11832cd4   _rtdx_buffer_state
11832c90   _rtdx_mon_state
11833bd8   _sample_temp
11825ba0   _setvbuf
11833bdc   _start_t
11833b9c   _sw1
11833b9e   _sw2
11833ba0   _sw6
11833ba2   _sw7
11833ba4   _sw8
1181f6d0   _temp_lp
11833b98   _this
11834400   _trace
11827c80   _unlink
11827400   _write
11821584   _write_audio_sample
11827dc0   _writemsg
118001b0   _x_bp
11800240   _x_hp
11800150   _x_lp
118001f8   _y_bp
11800288   _y_hp
11800180   _y_lp
ffffffff   binit
1182e3a0   cinit
11800000   edata
11833d08   end
11828080   etext
11834000   hwi0
11834020   hwi1
11834140   hwi10
11834160   hwi11
11834180   hwi12
118341a0   hwi13
118341c0   hwi14
118341e0   hwi15
11834040   hwi2
11834060   hwi3
11834080   hwi4
118340a0   hwi5
118340c0   hwi6
118340e0   hwi7
11834100   hwi8
11834120   hwi9
11834438   pinit
11834400   trace
11830000   trace$buf
00000001   trace$datatype
00000000   trace$log
00000400   trace$size


GLOBAL SYMBOLS: SORTED BY Symbol Address 

address    name
--------   ----
00000000   BUF$
00000000   CLK_PRDHIGH
00000000   CLK_TDDR
00000000   CLK_TDDRHIGH
00000000   CLK_TIMERNUM
00000000   DEV$
00000000   DGN$
00000000   DHL$
00000000   DHL_gChannelsAvailable
00000000   DIO$
00000000   DIO_NUMSWIBASE
00000000   DIO_NUMTSKBASE
00000000   DIO_STATIC
00000000   DPI$
00000000   ECM$
00000000   ECM_ENABLE
00000000   GBL_BCACHEREADADDR0
00000000   GBL_BCACHEREADADDR1
00000000   GBL_BCACHEREADADDR2
00000000   GBL_BIGENDIAN
00000000   GBL_CACHE
00000000   GBL_CALLCSLCFGINIT
00000000   GBL_ENABLE_SK
00000000   GBL_GEMTRUECOMPEN
00000000   GBL_L2MAR0_31
00000000   GBL_L2MAR160_191
00000000   GBL_L2MAR224_255
00000000   GBL_L2MAR32_63
00000000   GBL_L2MAR64_95
00000000   GBL_L2MAR96_127
00000000   GBL_L2MODE
00000000   GBL_NULL
00000000   GBL_PROCID
00000000   GBL_ROM
00000000   GBL_SUPPORTCSL
00000000   GBL_USERINIT
00000000   GIO$
00000000   HOOK$
00000000   HOOK_KNLID
00000000   HST_DSM
00000000   HST_NONE
00000000   HWI_GENERATE_RESET_VEC
00000000   HWI_INT10$hwi
00000000   HWI_INT11$hwi
00000000   HWI_INT12$hwi
00000000   HWI_INT13$hwi
00000000   HWI_INT14$hwi
00000000   HWI_INT15$hwi
00000000   HWI_INT4$hwi
00000000   HWI_INT5$hwi
00000000   HWI_INT6$hwi
00000000   HWI_INT7$hwi
00000000   HWI_INT8$hwi
00000000   HWI_INT9$hwi
00000000   HWI_NMI$hwi
00000000   HWI_POLARITYMASK
00000000   HWI_RESERVED0$hwi
00000000   HWI_RESERVED1$hwi
00000000   HWI_RESET
00000000   HWI_RESET$hwi
00000000   HWI_ZEROTAB
00000000   IDL_busyObj$iB
00000000   IDL_busyObj$operation
00000000   KNL_swi$ord
00000000   KNL_swi$pri
00000000   KNL_swi$sts$unittype
00000000   KNL_swi$swi
00000000   LOG_system$datatype
00000000   LOG_system$log
00000000   MBX$
00000000   MEM_NULL
00000000   MEM_USEMPC
00000000   MSGQ$
00000000   MSGQ_USEMSGQ
00000000   OBJ$
00000000   PIP$
00000000   PIP_gNextId
00000000   POOL$
00000000   POOL_USEPOOL
00000000   PRD0$mode
00000000   PRD0$prd
00000000   PRD0$sts$filter
00000000   PRD1$mode
00000000   PRD1$prd
00000000   PRD1$sts$filter
00000000   PRD2$mode
00000000   PRD2$prd
00000000   PRD2$sts$filter
00000000   PRD3$mode
00000000   PRD3$prd
00000000   PRD3$sts$filter
00000000   PRD_swi$ord
00000000   PRD_swi$sts$unittype
00000000   PRD_swi$swi
00000000   PWRM_PWRM_ENABLE
00000000   PWRM_PWRM_INITSPPER
00000000   PWRM_PWRM_LOADENABLE
00000000   PWRM_PWRM_RESOURCETRACKING
00000000   PWRM_PWRM_SCALING
00000000   PWRM_PWRM_TIMERIDNUM
00000000   PWRM_PWRM_TIMERINTRMASK
00000000   PWRM_PWRM_TIMERWUGENMASK
00000000   PWRM_PWRM_USERRESOURCES
00000000   PWRM_PWRM_USETIMER
00000000   RTA_fromHost$hst
00000000   RTA_fromHost$mode
00000000   RTA_toHost$hst
00000000   RTA_toHost$id
00000000   RTDX_MODE
00000000   RTDX_USERTEXECUTION
00000000   SEM$
00000000   SIO$
00000000   SWI_EHOOKFXN
00000000   SWI_IHOOKFXN
00000000   TSK_NUM_HOOKS
00000000   TSK_READYFXN
00000000   TSK_STACKSEG
00000000   TSK_SWITCHFXN
00000000   TSK_idle$ord
00000000   TSK_idle$pri
00000000   TSK_idle$sts$unittype
00000000   TSK_idle$tsk
00000000   UDEV$
00000000   _CLK_TDDR
00000000   _CLK_TIMERNUM
00000000   _GBL_CACHE
00000000   _HWI_RESET
00000000   _RTDX_interrupt_mask
00000000   trace$log
00000001   BUF_ENABLED
00000001   CLK$
00000001   CLK_CALDIV
00000001   CLK_CALMULT
00000001   CLK_ENABLEHTIME
00000001   CLK_HTIMEDIV
00000001   CLK_HTIMEMULT
00000001   CLK_LTIMEDIV
00000001   CLK_POWERENABLE
00000001   CLK_RESETTIMER
00000001   CLK_USETIMER
00000001   GBL$
00000001   GBL_ENABLEINST
00000001   GBL_L2CONFIGURE
00000001   GBL_L2MAR128_159
00000001   GBL_boot
00000001   HST$
00000001   HST_RTDX
00000001   HWI$
00000001   HWI_ENABLE_EXC
00000001   HWI_NMI
00000001   IDL$
00000001   IDL_USECLKIDLTIME
00000001   IDL_busyObj$filter
00000001   IDL_busyObj$iA
00000001   IDL_busyObj$iC
00000001   ISRC$
00000001   KNL_swi$dorta
00000001   KNL_swi$sts$filtmaxmult
00000001   KNL_swi$sts$filtsummult
00000001   LCK$
00000001   LOG$
00000001   LOG_ENABLED
00000001   MEM$
00000001   MEM_gNumHeap
00000001   PRD$
00000001   PRD_SCALAR
00000001   PRD_swi$dorta
00000001   PRD_swi$pri
00000001   PRD_swi$sts$filtmaxmult
00000001   PRD_swi$sts$filtsummult
00000001   PWRM$
00000001   PWRM_PWRM_NUMSLOTS
00000001   QUE$
00000001   RTA_fromHost$id
00000001   RTA_toHost$mode
00000001   RTDX$
00000001   RTDX_NORMALIZED_HDR
00000001   RTDX_USERTDX
00000001   STS$
00000001   SWI$
00000001   SYS$
00000001   TSK$
00000001   TSK_PRIORITY
00000001   TSK_idle$sts$filtmaxmult
00000001   TSK_idle$sts$filtsummult
00000001   _CLK_USETIMER
00000001   _HWI_NMI
00000001   trace$datatype
00000002   HWI_RESERVED0
00000002   IDL_busyObj$unittype
00000002   KNL_swi$sts$filter
00000002   LOG_A_TABLEN
00000002   PIP_A_TABLEN
00000002   PIP_gNumEmbed
00000002   PRD0$ord
00000002   PRD0$sts$unittype
00000002   PRD1$sts$unittype
00000002   PRD2$sts$unittype
00000002   PRD3$sts$unittype
00000002   PRD_swi$sts$filter
00000002   PWRM_PWRM_INITSPCPU
00000002   SWI_A_TABLEN
00000002   TSK_idle$sts$filter
00000002   _HWI_RESERVED0
00000002   _LOG_A_TABLEN
00000002   _RTDX_JTAGONLY
00000003   HWI_RESERVED1
00000003   PRD1$ord
00000003   _HWI_RESERVED1
00000004   CLK_COUNTSPMSHIGH
00000004   EVENT4
00000004   HWI_INT4
00000004   PRD2$ord
00000004   PRD_A_TABLEN
00000004   RTA_fromHost$framesize
00000004   _EVENT4
00000004   _HWI_INT4
00000005   CLK_TIMMODE
00000005   EVENT5
00000005   HWI_INT5
00000005   PRD3$ord
00000005   _EVENT5
00000005   _HWI_INT5
00000006   EVENT6
00000006   HWI_INT6
00000006   IDL_CALIBRERROR
00000006   _EVENT6
00000006   _HWI_INT6
00000007   EVENT7
00000007   GBL_L1DMODE
00000007   GBL_L1PMODE
00000007   HWI_INT7
00000007   _EVENT7
00000007   _HWI_INT7
00000008   EVENT8
00000008   HWI_INT8
00000008   _EVENT8
00000008   _HWI_INT8
00000009   EVENT9
00000009   HWI_INT9
00000009   _EVENT9
00000009   _HWI_INT9
0000000a   EVENT10
0000000a   HWI_INT10
0000000a   PWRM_PWRM_CLKTICKSPERSLOT
0000000a   _EVENT10
0000000a   _HWI_INT10
0000000b   EVENT11
0000000b   HWI_INT11
0000000b   _EVENT11
0000000b   _HWI_INT11
0000000c   EVENT12
0000000c   HWI_INT12
0000000c   _EVENT12
0000000c   _HWI_INT12
0000000d   EVENT13
0000000d   HWI_INT13
0000000d   _EVENT13
0000000d   _HWI_INT13
0000000e   EVENT14
0000000e   HWI_INT14
0000000e   _EVENT14
0000000e   _HWI_INT14
0000000f   EVENT15
0000000f   HWI_INT15
0000000f   _EVENT15
0000000f   _HWI_INT15
00000010   EVENT16
00000010   _EVENT16
00000011   EVENT17
00000011   _EVENT17
00000012   EVENT18
00000012   _EVENT18
00000013   EVENT19
00000013   _EVENT19
00000014   EVENT20
00000014   _EVENT20
00000015   EVENT21
00000015   _EVENT21
00000016   EVENT22
00000016   _EVENT22
00000017   EVENT23
00000017   _EVENT23
00000018   EVENT24
00000018   _EVENT24
00000019   EVENT25
00000019   _EVENT25
0000001a   EVENT26
0000001a   _EVENT26
0000001b   EVENT27
0000001b   _EVENT27
0000001c   EVENT28
0000001c   _EVENT28
0000001d   EVENT29
0000001d   _EVENT29
0000001e   EVENT30
0000001e   _EVENT30
0000001f   EVENT31
0000001f   _EVENT31
00000020   CLK_TCR
00000020   EVENT32
00000020   _EVENT32
00000021   EVENT33
00000021   _EVENT33
00000022   EVENT34
00000022   _EVENT34
00000023   EVENT35
00000023   _EVENT35
00000024   EVENT36
00000024   _EVENT36
00000025   EVENT37
00000025   _EVENT37
00000026   EVENT38
00000026   _EVENT38
00000027   EVENT39
00000027   _EVENT39
00000028   EVENT40
00000028   _EVENT40
00000029   EVENT41
00000029   _EVENT41
0000002a   EVENT42
0000002a   _EVENT42
0000002b   EVENT43
0000002b   _EVENT43
0000002c   EVENT44
0000002c   _EVENT44
0000002d   EVENT45
0000002d   _EVENT45
0000002e   EVENT46
0000002e   _EVENT46
0000002f   EVENT47
0000002f   _EVENT47
00000030   EVENT48
00000030   PWRM_PWRM_CAPSMASK
00000030   _EVENT48
00000031   EVENT49
00000031   _EVENT49
00000032   EVENT50
00000032   PRD1$period
00000032   _EVENT50
00000033   EVENT51
00000033   _EVENT51
00000034   EVENT52
00000034   _EVENT52
00000035   EVENT53
00000035   _EVENT53
00000036   EVENT54
00000036   _EVENT54
00000037   EVENT55
00000037   _EVENT55
00000038   EVENT56
00000038   _EVENT56
00000039   EVENT57
00000039   _EVENT57
0000003a   EVENT58
0000003a   _EVENT58
0000003b   EVENT59
0000003b   _EVENT59
0000003c   EVENT60
0000003c   _EVENT60
0000003d   EVENT61
0000003d   _EVENT61
0000003e   EVENT62
0000003e   GBL_DSPTYPE
0000003e   _EVENT62
0000003f   EVENT63
0000003f   _EVENT63
00000040   EVENT64
00000040   HST_MAXFRAMESET
00000040   RTA_toHost$framesize
00000040   _EVENT64
00000041   EVENT65
00000041   _EVENT65
00000042   EVENT66
00000042   GBL_FOOTPRINT
00000042   _EVENT66
00000043   EVENT67
00000043   _EVENT67
00000044   EVENT68
00000044   _EVENT68
00000045   EVENT69
00000045   _EVENT69
00000046   EVENT70
00000046   _EVENT70
00000047   EVENT71
00000047   _EVENT71
00000048   EVENT72
00000048   _EVENT72
00000049   EVENT73
00000049   _EVENT73
0000004a   EVENT74
0000004a   _EVENT74
0000004b   EVENT75
0000004b   _EVENT75
0000004c   EVENT76
0000004c   _EVENT76
0000004d   EVENT77
0000004d   _EVENT77
0000004e   EVENT78
0000004e   _EVENT78
0000004f   EVENT79
0000004f   _EVENT79
00000050   EVENT80
00000050   _EVENT80
00000051   EVENT81
00000051   _EVENT81
00000052   EVENT82
00000052   _EVENT82
00000053   EVENT83
00000053   _EVENT83
00000054   EVENT84
00000054   _EVENT84
00000055   EVENT85
00000055   _EVENT85
00000056   EVENT86
00000056   _EVENT86
00000057   EVENT87
00000057   _EVENT87
00000058   EVENT88
00000058   _EVENT88
00000059   EVENT89
00000059   _EVENT89
0000005a   EVENT90
0000005a   _EVENT90
0000005b   EVENT91
0000005b   _EVENT91
0000005c   EVENT92
0000005c   _EVENT92
0000005d   EVENT93
0000005d   _EVENT93
0000005e   EVENT94
0000005e   _EVENT94
0000005f   EVENT95
0000005f   _EVENT95
00000060   EVENT96
00000060   _EVENT96
00000061   EVENT97
00000061   _EVENT97
00000062   EVENT98
00000062   _EVENT98
00000063   EVENT99
00000063   _EVENT99
00000064   EVENT100
00000064   PIP_OBJSIZE
00000064   _EVENT100
00000065   EVENT101
00000065   _EVENT101
00000066   EVENT102
00000066   _EVENT102
00000067   EVENT103
00000067   _EVENT103
00000068   EVENT104
00000068   _EVENT104
00000069   EVENT105
00000069   _EVENT105
0000006a   EVENT106
0000006a   _EVENT106
0000006b   EVENT107
0000006b   _EVENT107
0000006c   EVENT108
0000006c   _EVENT108
0000006d   EVENT109
0000006d   _EVENT109
0000006e   EVENT110
0000006e   _EVENT110
0000006f   EVENT111
0000006f   _EVENT111
00000070   EVENT112
00000070   _EVENT112
00000071   EVENT113
00000071   _EVENT113
00000072   EVENT114
00000072   _EVENT114
00000073   EVENT115
00000073   _EVENT115
00000074   EVENT116
00000074   _EVENT116
00000075   EVENT117
00000075   _EVENT117
00000076   EVENT118
00000076   _EVENT118
00000077   EVENT119
00000077   _EVENT119
00000078   EVENT120
00000078   _EVENT120
00000079   EVENT121
00000079   _EVENT121
0000007a   EVENT122
0000007a   _EVENT122
0000007b   EVENT123
0000007b   _EVENT123
0000007c   EVENT124
0000007c   _EVENT124
0000007d   EVENT125
0000007d   _EVENT125
0000007e   EVENT126
0000007e   _EVENT126
0000007f   EVENT127
0000007f   _EVENT127
000000a7   PRD3$period
000000ff   HST_MAXFRAMEALLOWED
000001f4   PRD0$period
000001f4   PRD2$period
00000200   LOG_system$size
000003e8   CLK_MICROSECS
00000400   HST_DSMMEMSIZE
00000400   TSK_STACKSIZE
00000400   __STACK_SIZE
00000400   trace$size
00000408   RTDX_BUFMEMSIZE
00001a5b   GBL_CLKTYPE
00001a5c   GBL_DSPSUBTYPE
00002000   IRAM$L
00002000   _IRAM_length
00004000   CLK_INTBIT
00004e20   GBL_CLKIN
00005205   GBL_A_VERSION
00005828   HWI_CFGDISPATCHED
00005828   _HWI_CFGDISPATCHED
00005dc0   CLK_INPUTCLK
00005dc0   CLK_PRD
00005dc0   _CLK_PRD
0000dbef   GBL_TRCMASKVALUE
000493e0   CLK_COUNTSPMS
000493e0   CLK_HTIMEPERLTIME
000493e0   CLK_LTIMEMULT
000493e0   GBL_FREQ
000493e0   _CLK_COUNTSPMS
01c20000   CLK_REGS
01c20000   _CLK_REGS
07063d04   HWI_INTRMUX1
0b0a0908   HWI_INTRMUX2
11800000   .data
11800000   _LP_B
11800000   ___data__
11800000   ___edata__
11800000   edata
11800030   _LP_A
11800060   _BP_B
118000a8   _BP_A
118000f0   _HP_B
11800120   _HP_A
11800150   _x_lp
11800180   _y_lp
118001b0   _x_bp
118001f8   _y_bp
11800240   _x_hp
11800288   _y_hp
118002d0   _buffer
1181f6d0   _temp_lp
1181f6fc   _CLK_inputClock
1181f700   __ftable
1181f8e0   __tmpnams
1181fa20   __ft_end
1181fa28   ___atexit_func_id__
1181fccc   _dtors
1181fcd0   _KNL_queues
1181fd70   _KNL_dummy
1181fe78   _TSK_ATTRS
1181fe94   _TSK_config
1181feb4   _TSK_timerSem
1181fed8   _OBJ_table
1181ff10   _OBJ_segtab
1181ff2c   __TSK_mutex
1181ff54   __MEM_mutex
1181ff80   _SYS_exitStack
1181ffb8   _EXC_status
1181ffe4   __cleanup_ptr
1181ffe8   __dtors_ptr
1181ffec   ___TI_enable_exit_profile_output
1181fff0   __lock
1181fff4   __unlock
1181fff8   CLK_A_TABBEG
1181fff8   PRD_clock
1181fff8   _PRD_clock
1181fffc   CLK_null
11820000   .text
11820000   _EVMC6748_init
11820000   ___text__
1182002c   _EVMC6748_initRAM
118201e8   _EVMC6748_enableDsp
11820214   _EVMC6748_pinmuxConfig
118202b0   _EVMC6748_lpscTransition
11820688   _config_pll0
118208c4   _config_pll1
11820aa8   _UTIL_printMem
11820c00   _UTIL_isUIBoardAttached
11820c20   _main
11820d6c   _flash_LED_rec
11820db4   _flash_LED_playback
11820de4   _flash_LED_filtering
11820e24   _dipPRD
11820f00   _add_to_buffer
11820f48   _iir_filter_lp
11821084   _iir_filter_bp
118211b8   _iir_filter_hp
118212f0   _get_buffer
118214d0   _audioHWI
11821560   _read_audio_sample
11821584   _write_audio_sample
118215a8   _initAll
11821610   _McASP_Init
11821754   _McASP_Start
1182198c   _AIC3106_Init
11821a40   _AIC3106_readRegister
11821a94   _AIC3106_writeRegister
11821ad8   _USTIMER_delay
11821b50   _SetGpio
11821b80   __divd
11822be0   _I2CGPIO_init
11822cb4   _I2CGPIO_getInput
11822dd0   _I2CGPIO_getInputAll
11822ee0   _I2CGPIO_setOutput
11823028   _I2CGPIO_setOutputAll
118230c0   __printfi
11823500   _GPIO_setDir
11823578   _GPIO_getInput
118235ec   _GPIO_setOutput
1182366c   _GPIO_toggleLoop
11823880   _I2C_init
1182396c   _I2C_read
11823ac8   _I2C_write
11823c00   _fputs
118249c0   __divull
118254e0   _LED_init
1182552c   _LED_isOn
11825594   _LED_turnOn
118255e4   _LED_turnOff
1182562c   _LED_toggle
11825880   __divul
11825a20   _HOSTrename
11825ba0   _setvbuf
11825d20   _DIP_init
11825d44   _DIP_get
11825da8   _DIP_getAll
11825fc0   _fputc
11825fc0   _putc
11826240   _fclose
11826360   _HOSTlseek
11826560   __wrt_ok
11826660   _call_dtors
11826760   _HOSTopen
11826840   _HOSTread
11826920   _atoi
11826a00   _close
11826ae0   _memset
11826bc0   _HOSTunlink
11826c80   _HOSTwrite
11826d40   __cleanup
11826ec0   __c6xabi_divu
11826ec0   __divu
11826f80   __doflush
11827040   __c6xabi_remi
11827040   __remi
11827100   _atexit
118271c0   _fseek
11827280   _lseek
11827340   _ltoa
11827400   _write
11827580   _HOSTclose
11827620   __divli
11827800   __fixdli
118279e0   _memcpy
11827a80   __fltlid
11827b00   __llshl
11827b80   _printf
11827c00   _readmsg
11827c80   _unlink
11827d00   __subcull
11827d60   _memccpy
11827dc0   _writemsg
11827e18   C$$IO$$
11827e20   ___add_dtor
11827e60   ___isinf
11827ee0   __frcmpyd_div
11827f20   __llshru
11827f60   __remli
11827fa0   __negll
11827fc0   __nop
11828020   __register_lock
11828040   __register_unlock
11828060   _remove
11828080   LNK_F_checkBufferCall
11828080   ___etext__
11828080   etext
118280a0   LNK_F_getChanPtr
118280f8   LNK_F_init
11828100   LNK_F_dataPump
11828110   LNK_rcloop
118281d4   LNK_rdrtry
118281e4   LNK_rrloop
118282a4   LNK_wrrtry
118282b0   LNK_wrloop
11828380   LNK_newin
118284b4   LNK_newout
11828608   LNK_F_readCallBack
11828640   _EXC_nmi
11828674   _EXC_internal
11828920   _EXC_init
11828960   _EXC_getLastStatus
11828980   _EXC_external
118289b4   _EXC_exceptionHandler
11828b90   _EXC_clearLastStatus
11828bc0   CLK_HOOKFXN
11828bc0   HWI_F_dispatch
11828bc0   _HWI_F_dispatch
11828bc0   __HWI_lat1beg
11828d48   __HWI_lat1end
11828d48   __HWI_lat2beg
11828eb0   __HWI_lat2end2
11828ee0   __HWI_lat3end2
11828f24   __HWI_lat2end1
11828f40   __HWI_lat3beg
118290a0   SWI_F_enable
118290a0   __SWI_lat3beg
1182910c   __SWI_lat3end
11829110   SWI_F_post
11829110   _SWI_post
11829218   __SWI_lat1beg
11829284   SWI_EXECFXN
11829284   SWI_F_exec
118292ac   SWI_F_iexec
118292c4   __SWI_lat1end
118292c8   __SWI_lat2beg
11829328   __SWI_lat2end
1182932c   SWI_F_run
1182932c   SWI_RUNFXN
11829560   PRD_F_swi
118297e4   PRD_F_tick
118298e0   _free
11829904   _malloc
11829964   _realloc
11829a48   _memalign
11829b0c   _calloc
11829b60   RTA_F_getlog
11829b98   RTA_F_getsts
11829bd8   RTA_F_readblk
11829bf4   RTA_F_writeword
11829c00   RTA_F_resetmem
11829c00   __RTA_lat1beg
11829c34   __RTA_lat1end
11829c40   RTA_F_dispatch
11829c8c   RTA_execute
11829de0   _KNL_run
1182a020   _MEM_alloc
1182a3f4   PRD_THOOKFXN
1182a3f4   _KNL_tick
1182a420   _MEM_free
1182a600   _EXC_dispatch
1182a7c4   _EXC_setReturnPtr
1182a7e0   PIP_F_take
1182a858   PIP_F_give
1182a858   PIP_F_probe
1182a928   PIP_F_start
1182a9c0   _SEM_pendEnterKnl
1182aba0   __SEM_dopost
1182ad40   _TSK_setup
1182aee0   CLK_F_getltime
1182aef0   CLK_F_isr
1182b030   CLK_F_itime
1182b030   _CLK_F_itime
1182b030   _CLK_itime
1182b050   __CLK_lat1beg
1182b070   __CLK_lat1end
1182b080   _KNL_saveIsrFrame
1182b12c   _KNL_switch
1182b1d8   KNL_glue
1182b200   __auto_init
1182b340   _TSK_exit
1182b480   _BCACHE_setSize
1182b4c4   _BCACHE_setMar
1182b514   _BCACHE_setCacheToSram
1182b544   _BCACHE_getSize
1182b594   _BCACHE_getMar
1182b628   _GBL_cacheInit64P
1182b6e0   _KNL_check
1182b72c   __KNL_lat1beg
1182b7a8   _KNL_idle
1182b7a8   __KNL_lat1end
1182b7d0   _KNL_max
1182b8a4   _TSK_startup
1182b920   _SEM_post
1182b920   _SEM_postBinary
1182ba00   _KNL_exit
1182ba40   _KNL_enter
1182bac0   _SEM_postEnterKnl
1182bb60   _SYS_exit
1182bc00   _KNL_ipost
1182bc80   _KNL_post
1182bd00   _LCK_post
1182bd20   _LCK_pend
1182bd80   LOG_F_event
1182bd80   _LOG_event
1182bd80   __LOG_lat1beg
1182be00   IDL_F_calibrate
1182be80   _SYS_error
1182bee0   FXN_F_nop
1182bee4   FXN_F_run
1182bee4   _FXN_F_run
1182bf20   FXN_F_zero
1182bf20   _FXN_F_zero
1182bf40   _HWI_disable
1182bf58   _HWI_enable
1182bf6c   _HWI_restore
1182bfa0   IDL_F_busy
1182bfa0   __IDL_lat1beg
1182bfe0   __IDL_lat1end
1182c000   _SEM_pend
1182c060   STS_F_delta
1182c060   _STS_delta
1182c08c   STS_F_add
1182c08c   _STS_add
1182c0a8   STS_F_reset
1182c0a8   _STS_reset
1182c0c0   _SYS_abort
1182c120   _CLK_measure
1182c180   IDL_CALIBRFXN
1182c180   IDL_F_stub
1182c1c0   RTA_F_andn
1182c1d8   RTA_F_or
1182c200   SYS_ABORTFXN
1182c200   _UTL_doAbort
1182c240   SYS_PUTCFXN
1182c240   _UTL_doPutc
1182c280   _CLK_countspms
1182c2a0   GBL_USERINITFXN
1182c2a0   GIO_CREATEFXN
1182c2a0   GIO_DELETEFXN
1182c2a0   GIO_PENDFXN
1182c2a0   GIO_POSTFXN
1182c2a0   PWRM_PWRM_SHAREDRESOURCEFXN
1182c2a0   PWRM_PWRM_SLOTHOOKFXN
1182c2a0   TSK_VCREATEFXN
1182c2a0   TSK_VDELETEFXN
1182c2a0   TSK_VEXITFXN
1182c2a0   _BCACHE_bootInit
1182c2a0   _FXN_F_nop
1182c2c0   _GBL_getVersion
1182c2e0   IDL_F_loop
1182c2e0   _IDL_loop
1182c300   _LOG_printf
1182c320   _STS_set
1182c340   SYS_ERRORFXN
1182c340   _UTL_doError
1182c360   SYS_EXITFXN
1182c360   _UTL_halt
1182c380   CLK_F_gethtime
1182c380   CLK_TIMEFXN
1182c380   _CLK_gethtime
1182c3a0   IRAM$B
1182c3a0   _IRAM_base
1182e3a0   ___cinit__
1182e3a0   cinit
1182f82c   RTA_fromHost$buf
1182f840   BIOS_init
1182f840   _BIOS_init
1182f9c4   BIOS$$CLKON
1182fa04   BIOS$$CLKOFF
1182fa70   BIOS_start
1182fa70   _BIOS_start
1182fbc0   _c_int00
1182fc80   _MEM_init
1182fd40   _TSK_init
1182fda0   _SYS_PUTCBEG
1182ff9f   _SYS_PUTCEND
1182ffac   TSK_idle
1182ffac   _TSK_idle
11830000   trace$buf
11831000   _HSRTDX_rec
118312a0   _RTDX_Buffer_WriteCB
11831760   _HSRTDX_xmt
11831a60   _RTDX_Mon_Queue
11831cc0   _RTDX_Poll
11831d60   _RTDX_Final_RT_Monitor
11831de0   _RTDX_Buffer_Initialize
11831e40   _RTDX_Init_RT_Monitor
11831ea0   _RTDX_Buffer_ReadCB
11831ee0   _RTDX_Buffer_Size
11831f20   _RTDX_memfill
11831f60   _RTDX_Buffer_Read
11831f80   _RTDX_Buffer_Write
11831fa0   _RTDX_Mask_IER
11831fc0   HST_A_TABBEG
11831fc0   _HST_A_TABBEG
11831fc4   RTA_fromHost
11831fc4   _RTA_fromHost
11831fcc   RTA_fromHost$rtdx
11831fe0   RTA_toHost
11831fe0   _RTA_toHost
11831fe8   RTA_toHost$rtdx
11831ffc   HST_A_TABEND
11831ffc   _HST_A_TABEND
11832000   LOG_system$buf
11832880   _RTDX_Buffer
11832c88   _RTDX_Buffer_Start
11832c8c   _RTDX_Buffer_End
11832c90   _rtdx_mon_state
11832cd4   _rtdx_buffer_state
11832ce0   _RTDX_writing
11832e90   __ctypes_
11832f98   _bitval_u32
11833129   PRD0$sts$maxfmt
11833130   TSK_idle$stack
11833132   PRD0$sts$sumfmt
1183313b   PRD0$sts$avgfmt
11833146   PRD1$sts$maxfmt
1183314f   PRD1$sts$sumfmt
11833158   PRD1$sts$avgfmt
11833163   PRD2$sts$maxfmt
1183316c   PRD2$sts$sumfmt
11833175   PRD2$sts$avgfmt
11833180   PRD3$sts$maxfmt
11833189   PRD3$sts$sumfmt
11833192   PRD3$sts$avgfmt
1183319d   KNL_swi$sts$maxfmt
118331a5   KNL_swi$sts$sumfmt
118331ad   KNL_swi$sts$avgfmt
118331b7   PRD_swi$sts$maxfmt
118331bf   PRD_swi$sts$sumfmt
118331c7   PRD_swi$sts$avgfmt
118331d1   TSK_idle$sts$maxfmt
118331d9   TSK_idle$sts$sumfmt
118331e1   TSK_idle$sts$avgfmt
118331eb   IDL_busyObj$maxfmt
118331ee   IDL_busyObj$sumfmt
118331f1   IDL_busyObj$avgfmt
118334c8   TSK_idle$stkptr
11833530   GBL_stackbeg
11833530   _HWI_STKTOP
11833530   __stack
11833928   _HWI_STKBOTTOM
1183392f   GBL_stackend
11833930   $bss
11833930   .bss
11833930   _HWI_dispatchTab
11833930   __STACK_END
11833930   ___bss__
11833a30   IDL_D_tabbeg
11833a34   IDL_D_calibrate
11833a38   IDL_D_calbeg
11833a3c   LOG_D_system
11833a3c   _LOG_D_system
11833a40   PIP_D_tabbeg
11833a44   PIP_D_tablen
11833a48   CLK_R_time
11833a4c   CLK_D_timefxn
11833a50   CLK_D_tabbeg
11833a54   CLK_D_isrhook
11833a58   CLK_D_idletime
11833a5c   _CLK_htimeDiv
11833a60   _CLK_htimeMult
11833a64   _CLK_ltimeDiv
11833a68   _CLK_ltimeMult
11833a6c   _CLK_D_dirty
11833a70   _CLK_D_prd
11833a74   _CLK_D_tddr
11833a78   _CLK_D_countspms
11833a7c   PRD_D_tick
11833a7c   _PRD_D_tick
11833a80   PRD_D_cur
11833a84   PRD_D_elapsed
11833a88   PRD_D_prevtim
11833a8c   PRD_D_scalar
11833a90   PRD_D_swihandle
11833a94   PRD_D_tabbeg
11833a98   PRD_D_tablen
11833a9c   PRD_D_thook
11833aa0   RTA_D_fromHost
11833aa4   RTA_D_toHost
11833aa8   RTA_D_logval
11833ab8   RTA_D_stsval
11833ac4   HST_D_chanmask
11833ac8   HST_D_tabbeg
11833acc   HST_D_tabend
11833ad0   _GBL_procId
11833ad4   _GBL_clkIn
11833ad8   _GBL_freq
11833adc   _MEM_D_NUMSEGMENTS
11833ae0   _MEM_D_memtab
11833ae4   _MEM_D_freelist
11833ae8   _MEM_D_lockaddr
11833aec   _MEM_D_unlockaddr
11833af0   _SYS
11833af4   __HOOK_knlId
11833af8   __HOOK_NUMHOOKS
11833afc   SWI_D_runaddr
11833afc   _SWI_D_runaddr
11833afc   _SWI_data
11833b00   SWI_D_execaddr
11833b00   _SWI_D_execaddr
11833b04   SWI_D_curmask
11833b04   _SWI_D_curmask
11833b08   SWI_D_curset
11833b08   _SWI_D_curset
11833b0c   SWI_D_lock
11833b0c   _SWI_D_lock
11833b10   SWI_D_curmbox
11833b14   SWI_D_curfxn
11833b14   _SWI_D_curfxn
11833b18   SWI_D_rdybeg
11833b18   _SWI_D_rdybeg
11833b1c   SWI_D_inswi
11833b1c   _SWI_D_inswi
11833b20   SWI_D_rdytab
11833b98   _this
11833b9c   _sw1
11833b9e   _sw2
11833ba0   _sw6
11833ba2   _sw7
11833ba4   _sw8
11833ba8   _index_lp
11833bac   _index_bp
11833bb0   _index_hp
11833bb4   _past_idx
11833bb8   _buffer_len
11833bba   _n
11833bbc   _m
11833bbe   _i
11833bc0   _n_temp
11833bc4   _out_lp
11833bc8   _out_bp
11833bcc   _out_hp
11833bd0   _j
11833bd2   _k
11833bd4   _B
11833bd8   _sample_temp
11833bdc   _start_t
11833be0   _end_t
11833be4   _duration
11833be8   _dur
11833bec   _KNL_wFlag
11833bf0   _KNL_wList
11833bf4   _KNL_alarm
11833bf8   _KNL_setpri
11833bfc   _KNL_inactive
11833c00   _KNL_priority
11833c04   _KNL_set
11833c08   _KNL_curtask
11833c0c   _KNL_prevtask
11833c10   _KNL_curtime
11833c14   _KNL_swiptr
11833c18   _KNL_curqueue
11833c1c   _KNL_maxqueue
11833c20   _KNL_tswitchfxn
11833c24   _KNL_tcreatefxn
11833c28   _KNL_tdeletefxn
11833c2c   _KNL_treadyfxn
11833c30   _KNL_idlefxn
11833c34   _MEM_memtab
11833c40   HST_DSMBUFSEG
11833c40   IRAM
11833c40   MEM_MALLOCSEG
11833c40   MEM_SEGZERO
11833c40   RTDX_DATAMEMSEG
11833c40   _IRAM
11833c40   _SEG0
11833c44   RTA_fromHost$pipe$dtab
11833c50   RTA_toHost$pipe$dtab
11833c5c   _CLK_htimePerLtime
11833c60   _EXC_sysTrapTable
11833c68   _EXC_returnPtr
11833c80   HWI_D_spsave
11833c80   _HWI_D_spsave
11833c80   _HWI_data
11833c8c   _HWI_D_inhwi
11833c90   HWI_D_bss
11833c94   HWI_D_ccmask
11833c98   LNK_dspFrameRequestMask
11833c98   _LNK_dspFrameRequestMask
11833c9c   LNK_dspFrameReadyMask
11833c9c   _LNK_dspFrameReadyMask
11833ca0   LNK_readPend
11833ca0   _LNK_readPend
11833ca4   LNK_readDone
11833ca4   _LNK_readDone
11833ca8   LNK_readFail
11833ca8   _LNK_readFail
11833cac   LNK_writeFail
11833cac   _LNK_writeFail
11833cb0   _EXC_exceptionHook
11833cb4   _EXC_internalHook
11833cb8   _EXC_externalHook
11833cbc   _EXC_nmiHook
11833cc8   _rtdxNullChanCnt
11833ccc   _rtdxNullFuncCnt
11833cd0   _rtdxXmtNotDoneCnt
11833cd4   _rtdxRecNotDoneCnt
11833cd8   _rtdxXmtRestartCnt
11833cdc   _rtdxXmtErrorCnt
11833ce0   _TSK_nTasks
11833ce4   _TSK_pid
11833ce8   _TSK
11833cec   _CLK_DFLTMICROSECS
11833cf0   _CLK_D_microseconds
11833cf4   _SYS_exitStackPtr
11833cf8   _SYS_exitStackTop
11833cfc   IDL_D_busyObj
11833d00   _MEM
11833d08   __CIOBUF_
11833d08   ___end__
11833d08   end
11833e28   RTA_toHost$buf
11833f28   PIP_A_TABBEG
11833f28   RTA_fromHost$pipe
11833f28   _PIP_A_TABBEG
11833f2c   RTA_fromHost$pipe$rd
11833f58   RTA_fromHost$pipe$aaa
11833f5c   RTA_fromHost$pipe$wr
11833f88   RTA_fromHost$pipe$bbb
11833f8c   RTA_toHost$pipe
11833f90   RTA_toHost$pipe$rd
11833fbc   RTA_toHost$pipe$aaa
11833fc0   RTA_toHost$pipe$wr
11833fec   RTA_toHost$pipe$bbb
11833ff0   IDL_A_TABBEG
11833ff0   IDL_cpuLoad
11833ff0   PIP_A_TABEND
11833ff0   _IDL_cpuLoad
11833ff0   _PIP_A_TABEND
11833ff4   LNK_dataPump
11833ff4   _LNK_dataPump
11833ff8   RTA_dispatcher
11833ff8   _RTA_dispatcher
11833ffc   IDL_END
11834000   HWI_A_VECS
11834000   hwi0
11834020   hwi1
11834040   hwi2
11834060   hwi3
11834080   hwi4
118340a0   hwi5
118340c0   hwi6
118340e0   hwi7
11834100   hwi8
11834120   hwi9
11834140   hwi10
11834160   hwi11
11834180   hwi12
118341a0   hwi13
118341c0   hwi14
118341e0   hwi15
11834200   PRD0
11834200   PRD_A_TABBEG
11834200   _PRD0
1183421c   PRD0$aaa
11834220   PRD1
11834220   _PRD1
1183423c   PRD1$aaa
11834240   PRD2
11834240   _PRD2
1183425c   PRD2$aaa
11834260   PRD3
11834260   _PRD3
1183427c   PRD3$aaa
11834280   PRD0$sts$stsobj
11834280   PRD_A_TABEND
11834280   STS_A_TABBEG
11834280   _STS_A_TABBEG
11834284   PRD0$sts
11834290   PRD1$sts$stsobj
11834294   PRD1$sts
118342a0   PRD2$sts$stsobj
118342a4   PRD2$sts
118342b0   PRD3$sts$stsobj
118342b4   PRD3$sts
118342c0   KNL_swi$sts$stsobj
118342c4   KNL_swi$sts
118342d0   PRD_swi$sts$stsobj
118342d4   PRD_swi$sts
118342e0   TSK_idle$sts$stsobj
118342e4   TSK_idle$sts
118342f0   IDL_busyObj$stsobj
118342f4   IDL_busyObj
118342f4   _IDL_busyObj
11834300   KNL_swi
11834300   STS_A_TABEND
11834300   SWI_A_TABBEG
11834300   _KNL_swi
11834300   _STS_A_TABEND
1183432c   PRD_SWIHANDLE
1183432c   PRD_swi
1183432c   _PRD_swi
11834358   SWI_A_TABEND
118343e8   LOG_A_TABBEG
118343e8   LOG_system
118343e8   _LOG_A_TABBEG
118343e8   _LOG_system
11834400   _trace
11834400   trace
11834418   IDL_A_CALBEG
11834418   IDL_cpuLoad$
11834418   LOG_A_TABEND
11834418   _LOG_A_TABEND
1183441c   LNK_dataPump$
11834420   RTA_dispatcher$
11834424   IDL_END$
11834428   SYS$config
11834438   ___pinit__
11834438   pinit
11834444   TRC_cinit
11834448   TRC_R_mask
11834448   _TRC_R_mask
1183444c   GBL_initdone
28040d0c   HWI_INTRMUX3
ffffffff   CACHE_L1D
ffffffff   CACHE_L1P
ffffffff   DDR
ffffffff   ECM_EVTMASK0
ffffffff   ECM_EVTMASK1
ffffffff   ECM_EVTMASK2
ffffffff   ECM_EVTMASK3
ffffffff   GBL_L2MAR192_223
ffffffff   L3_CBA_RAM
ffffffff   _CACHE_L1D
ffffffff   _CACHE_L1P
ffffffff   _DDR
ffffffff   _L3_CBA_RAM
ffffffff   ___TI_pprof_out_hndl
ffffffff   ___TI_prof_data_size
ffffffff   ___TI_prof_data_start
ffffffff   ___binit__
ffffffff   ___c_args__
ffffffff   binit

[1223 symbols]
