******************************************************************************
               TMS320C6x Linker PC v7.3.23                     
******************************************************************************
>> Linked Fri Mar 28 12:16:11 2025

OUTPUT FILE NAME:   <MiniProjectOpt.out>
ENTRY POINT SYMBOL: "_c_int00"  address: 11830520


MEMORY CONFIGURATION

         name            origin    length      used     unused   attr    fill
----------------------  --------  ---------  --------  --------  ----  --------
  IRAM                  11800000   00040000  00034d9d  0000b263  RWIX
  CACHE_L1P             11e00000   00008000  00000000  00008000  RWIX
  CACHE_L1D             11f00000   00008000  00000000  00008000  RWIX
  L3_CBA_RAM            80000000   00020000  00000000  00020000  RWIX
  DDR                   c3000000   01000000  00000000  01000000  RWIX


SECTION ALLOCATION MAP

 output                                  attributes/
section   page    origin      length       input sections
--------  ----  ----------  ----------   ----------------
.vers      0    00000000    0000003c     COPY SECTION
                  00000000    0000003c     hellocfg.obj (.vers)

.data      0    11800000    00000000     UNINITIALIZED

.far       0    11800000    0001ffc8     UNINITIALIZED
                  11800000    0001f6d0     main.obj (.far)
                  1181f6d0    00000324     rts6740.lib : defs.obj (.far)
                  1181f9f4    00000004     bios6748.a674 : clk_data.o674 (.far)
                  1181f9f8    00000188     rts6740.lib : atexit.obj (.far)
                  1181fb80    0000011c                 : lowlev.obj (.far)
                  1181fc9c    00000004                 : fopen.obj (.far)
                  1181fca0    000000d8     bios.a674 : knl.o674 (.far)
                  1181fd78    000000d0     rts6740.lib : trgdrv.obj (.far)
                  1181fe48    0000005c     bios.a674 : tsk.o674 (.far)
                  1181fea4    00000004     rts6740.lib : sinit.obj (.far)
                  1181fea8    00000054     bios.a674 : obj_init.o674 (.far)
                  1181fefc    00000050               : tsk_stup.o674 (.far)
                  1181ff4c    00000004     --HOLE--
                  1181ff50    00000020               : sys.o674 (.far)
                  1181ff70    00000018     rtdx64xplus.lib : rtdx_mon.o64P (.far)
                  1181ff88    00000010     bios.a674 : exc.o674 (.far)
                  1181ff98    00000010               : knl_tick.o674 (.far)
                  1181ffa8    0000000c               : utl_putc.o674 (.far)
                  1181ffb4    0000000c     rts6740.lib : exit.obj (.far)
                  1181ffc0    00000008                 : _lock.obj (.far)

.hst1      0    1181ffc8    00000010     UNINITIALIZED
                  1181ffc8    00000010     hellocfg.obj (.hst1)

.clk       0    1181ffd8    00000008     UNINITIALIZED
                  1181ffd8    00000008     hellocfg.obj (.clk)

.text      0    1181ffe0    00008a00     
                  1181ffe0    00001180     main.obj (.text)
                  11821160    00000c20     evmc6748_bsl.lib : evmc6748.obj (.text)
                  11821d80    00000760     framework.obj (.text)
                  118224e0    000005a0     rts6740.lib : divd.obj (.text:__divd)
                  11822a80    00000580                 : _printfi.obj (.text:__getarg_diouxp)
                  11823000    00000540                 : _printfi.obj (.text:__setfield)
                  11823540    000004e0     evmc6748_bsl.lib : evmc6748_i2c_gpio.obj (.text)
                  11823a20    00000440     rts6740.lib : _printfi.obj (.text:__printfi)
                  11823e60    00000380     evmc6748_bsl.lib : evmc6748_gpio.obj (.text)
                  118241e0    00000380                      : evmc6748_i2c.obj (.text)
                  11824560    00000300     rts6740.lib : fputs.obj (.text:_fputs)
                  11824860    000002c0                 : _printfi.obj (.text:__pproc_fge)
                  11824b20    000002c0                 : _printfi.obj (.text:__pproc_fwp)
                  11824de0    000002a0                 : _printfi.obj (.text:_ecvt)
                  11825080    000002a0                 : _printfi.obj (.text:_fcvt)
                  11825320    00000260                 : imath64.obj (.text:__divull)
                  11825580    00000260                 : _printfi.obj (.text:__pconv_e)
                  118257e0    00000240                 : _printfi.obj (.text:__pproc_diouxp)
                  11825a20    00000220                 : _printfi.obj (.text:__pproc_str)
                  11825c40    00000200                 : _printfi.obj (.text:__pconv_g)
                  11825e40    000001e0     evmc6748_bsl.lib : evmc6748_led.obj (.text)
                  11826020    000001c0     rts6740.lib : _printfi.obj (.text:__mcpy)
                  118261e0    000001a0                 : imath40.obj (.text:__divul)
                  11826380    00000180                 : trgdrv.obj (.text:_HOSTrename)
                  11826500    00000180                 : setvbuf.obj (.text:_setvbuf)
                  11826680    00000160     evmc6748_bsl.lib : evmc6748_dip.obj (.text)
                  118267e0    00000140     rts6740.lib : _printfi.obj (.text:__pproc_fflags)
                  11826920    00000140                 : fputc.obj (.text:_fputc)
                  11826a60    00000140                 : lowlev.obj (.text:_getdevice)
                  11826ba0    00000120                 : fclose.obj (.text:_fclose)
                  11826cc0    00000100                 : trgdrv.obj (.text:_HOSTlseek)
                  11826dc0    00000100                 : _printfi.obj (.text:__ltostr)
                  11826ec0    00000100                 : _io_perm.obj (.text:__wrt_ok)
                  11826fc0    00000100                 : sinit.obj (.text:_call_dtors)
                  118270c0    000000e0                 : trgdrv.obj (.text:_HOSTopen)
                  118271a0    000000e0                 : trgdrv.obj (.text:_HOSTread)
                  11827280    000000e0                 : atoi.obj (.text:_atoi)
                  11827360    000000e0                 : lowlev.obj (.text:_close)
                  11827440    000000e0                 : memset.obj (.text:_memset)
                  11827520    000000c0                 : trgdrv.obj (.text:_HOSTunlink)
                  118275e0    000000c0                 : trgdrv.obj (.text:_HOSTwrite)
                  118276a0    000000c0                 : fopen.obj (.text:__cleanup)
                  11827760    000000c0                 : _printfi.obj (.text:__div)
                  11827820    000000c0                 : divu.obj (.text:__divu)
                  118278e0    000000c0                 : fflush.obj (.text:__doflush)
                  118279a0    000000c0                 : remi.obj (.text:__remi)
                  11827a60    000000c0                 : atexit.obj (.text:_atexit)
                  11827b20    000000c0                 : fseek.obj (.text:_fseek)
                  11827be0    000000c0                 : lowlev.obj (.text:_lseek)
                  11827ca0    000000c0                 : ltoa.obj (.text:_ltoa)
                  11827d60    000000c0                 : lowlev.obj (.text:_write)
                  11827e20    000000c0     bios.a674 : tsk_stup.o674 (.text)
                  11827ee0    000000a0     rts6740.lib : trgdrv.obj (.text:_HOSTclose)
                  11827f80    000000a0                 : imath40.obj (.text:__divli)
                  11828020    000000a0                 : _printfi.obj (.text:__ecpy)
                  118280c0    000000a0                 : _printfi.obj (.text:__fcpy)
                  11828160    000000a0                 : fixdli.obj (.text:__fixdli)
                  11828200    000000a0                 : _printfi.obj (.text:__pconv_f)
                  118282a0    000000a0                 : lowlev.obj (.text:_finddevice)
                  11828340    000000a0                 : memcpy64.obj (.text:_memcpy)
                  118283e0    00000080                 : fltlid.obj (.text:__fltlid)
                  11828460    00000080                 : llshift.obj (.text:__llshl)
                  118284e0    00000080                 : printf.obj (.text:_printf)
                  11828560    00000080                 : trgmsg.obj (.text:_readmsg)
                  118285e0    00000080                 : lowlev.obj (.text:_unlink)
                  11828660    00000060                 : imath64.obj (.text:__subcull)
                  118286c0    00000060                 : memccpy.obj (.text:_memccpy)
                  11828720    00000060                 : trgmsg.obj (.text:_writemsg)
                  11828780    00000040                 : sinit.obj (.text:___add_dtor)
                  118287c0    00000040                 : isinf.obj (.text:___isinf)
                  11828800    00000040                 : _printfi.obj (.text:___isnan)
                  11828840    00000040                 : frcmpyd_div.obj (.text:__frcmpyd_div)
                  11828880    00000040                 : llshift.obj (.text:__llshru)
                  118288c0    00000040                 : imath40.obj (.text:__remli)
                  11828900    00000020                 : negll.obj (.text:__negll)
                  11828920    00000020                 : _lock.obj (.text:__nop)
                  11828940    00000020                 : printf.obj (.text:__outc)
                  11828960    00000020                 : printf.obj (.text:__outs)
                  11828980    00000020                 : _lock.obj (.text:__register_lock)
                  118289a0    00000020                 : _lock.obj (.text:__register_unlock)
                  118289c0    00000020                 : remove.obj (.text:_remove)

.bios      0    118289e0    00004320     
                  118289e0    000005c0     lnkrtdx.a674 : rtdx.o674 (.bios)
                  11828fa0    00000580     bios.a674 : exc.o674 (.bios)
                  11829520    000004e0               : hwi_disp_asm.o674 (.bios)
                  11829a00    000004c0               : swi.o674 (.bios)
                  11829ec0    00000380               : prd.o674 (.bios)
                  1182a240    00000280               : malloc.o674 (.bios)
                  1182a4c0    00000280               : rta.o674 (.bios)
                  1182a740    00000240               : knl_run.o674 (.bios)
                  1182a980    00000200               : mem_allo.o674 (.bios:.near)
                  1182ab80    00000200               : knl_tick.o674 (.bios)
                  1182ad80    000001e0               : mem_free.o674 (.bios:.near)
                  1182af60    000001e0               : exc_asm.o674 (.bios)
                  1182b140    000001e0               : pip.o674 (.bios)
                  1182b320    000001e0               : sem_pend.o674 (.bios)
                  1182b500    000001a0               : sem_dopo.o674 (.bios)
                  1182b6a0    000001a0               : tsk_setu.o674 (.bios)
                  1182b840    000001a0     bios6748.a674 : clk.o674 (.bios)
                  1182b9e0    00000180     bios.a674 : knl_swit.o674 (.bios)
                  1182bb60    00000140               : autoinit.o674 (.bios)
                  1182bca0    00000140               : tsk_exit.o674 (.bios)
                  1182bde0    00000140     bios6748.a674 : bcache_init.o674 (.bios)
                  1182bf20    00000120     bios.a674 : gbl_cacheinit64P.o674 (.bios)
                  1182c040    00000120               : knl_chec.o674 (.bios)
                  1182c160    00000120               : tsk_stup.o674 (.bios)
                  1182c280    000000e0               : sem_post_asm.o674 (.bios)
                  1182c360    000000c0               : knl_exit.o674 (.bios)
                  1182c420    000000a0               : sem_post.o674 (.bios)
                  1182c4c0    000000a0               : sys_exit.o674 (.bios)
                  1182c560    00000080               : knl_ipos.o674 (.bios)
                  1182c5e0    00000080               : knl_post.o674 (.bios)
                  1182c660    00000080               : lck.o674 (.bios)
                  1182c6e0    00000080               : log.o674 (.bios)
                  1182c760    00000080     bios6748.a674 : idl_cal.o674 (.bios)
                  1182c7e0    00000060     bios.a674 : sys_erro.o674 (.bios:.near)
                  1182c840    00000060               : fxn.o674 (.bios)
                  1182c8a0    00000060               : hwi_c.o674 (.bios)
                  1182c900    00000060               : idl_busy.o674 (.bios)
                  1182c960    00000060               : sem_pend_counting.o674 (.bios)
                  1182c9c0    00000060               : sts.o674 (.bios)
                  1182ca20    00000060               : sys_abor.o674 (.bios)
                  1182ca80    00000060     bios6748.a674 : clk_meas.o674 (.bios)
                  1182cae0    00000040     bios.a674 : idl_stub.o674 (.bios)
                  1182cb20    00000040               : rta_andn.o674 (.bios)
                  1182cb60    00000040               : utl_doab.o674 (.bios)
                  1182cba0    00000040               : utl_putc.o674 (.bios)
                  1182cbe0    00000020               : clk_countspms.o674 (.bios)
                  1182cc00    00000020               : fxn_c.o674 (.bios)
                  1182cc20    00000020               : gbl_vers.o674 (.bios)
                  1182cc40    00000020               : idl.o674 (.bios)
                  1182cc60    00000020               : log_printf.o674 (.bios)
                  1182cc80    00000020               : sts_set.o674 (.bios)
                  1182cca0    00000020               : utl_doer.o674 (.bios)
                  1182ccc0    00000020               : utl_halt.o674 (.bios)
                  1182cce0    00000020     bios6748.a674 : clk_gethtime.o674 (.bios)

.IRAM$heap 
*          0    1182cd00    00002000     UNINITIALIZED
                  1182cd00    00002000     --HOLE--

.cinit     0    1182ed00    0000149c     
                  1182ed00    000007cc     hellocfg.obj (.cinit)
                  1182f4cc    00000004     --HOLE-- [fill = 0]
                  1182f4d0    0000031c     main.obj (.cinit)
                  1182f7ec    00000004     --HOLE-- [fill = 0]
                  1182f7f0    0000026c     bios.a674 : biosdata.o674 (.cinit)
                  1182fa5c    00000004     --HOLE-- [fill = 0]
                  1182fa60    000001a4               : knl.o674 (.cinit)
                  1182fc04    00000004     --HOLE-- [fill = 0]
                  1182fc08    000000b0               : swi.o674 (.cinit)
                  1182fcb8    00000080               : tsk.o674 (.cinit)
                  1182fd38    00000068     rtdx64xplus.lib : rtdx_mon.o64P (.cinit)
                  1182fda0    00000060     bios.a674 : tsk_stup.o674 (.cinit)
                  1182fe00    0000005c     lnkrtdx.a674 : rtdx.o674 (.cinit)
                  1182fe5c    00000004     --HOLE-- [fill = 0]
                  1182fe60    0000005c     rts6740.lib : defs.obj (.cinit)
                  1182febc    00000004     --HOLE-- [fill = 0]
                  1182fec0    0000005c                 : lowlev.obj (.cinit)
                  1182ff1c    00000004     --HOLE-- [fill = 0]
                  1182ff20    0000004c     bios.a674 : rta.o674 (.cinit)
                  1182ff6c    00000004     --HOLE-- [fill = 0]
                  1182ff70    0000004c     rtdx64xplus.lib : buffer1.o64P (.cinit)
                  1182ffbc    00000004     --HOLE-- [fill = 0]
                  1182ffc0    0000003c     bios.a674 : exc.o674 (.cinit)
                  1182fffc    00000004     --HOLE-- [fill = 0]
                  11830000    00000034               : hwi.o674 (.cinit)
                  11830034    00000004     --HOLE-- [fill = 0]
                  11830038    0000002c               : utl_putc.o674 (.cinit)
                  11830064    00000004     --HOLE-- [fill = 0]
                  11830068    0000002c     rts6740.lib : exit.obj (.cinit)
                  11830094    00000004     --HOLE-- [fill = 0]
                  11830098    00000024     bios.a674 : obj_init.o674 (.cinit)
                  118300bc    00000004     --HOLE-- [fill = 0]
                  118300c0    0000001c               : exc_asm.o674 (.cinit)
                  118300dc    00000004     --HOLE-- [fill = 0]
                  118300e0    0000001c               : sys.o674 (.cinit)
                  118300fc    00000004     --HOLE-- [fill = 0]
                  11830100    0000001c     rts6740.lib : _lock.obj (.cinit)
                  1183011c    00000004     --HOLE-- [fill = 0]
                  11830120    0000001c                 : atexit.obj (.cinit)
                  1183013c    00000004     --HOLE-- [fill = 0]
                  11830140    00000018     bios.a674 : knl_tick.o674 (.cinit)
                  11830158    0000000c               : idl_busy.o674 (.cinit)
                  11830164    00000004     --HOLE-- [fill = 0]
                  11830168    0000000c               : knl_swit.o674 (.cinit)
                  11830174    00000004     --HOLE-- [fill = 0]
                  11830178    0000000c     rts6740.lib : fopen.obj (.cinit)
                  11830184    00000004     --HOLE-- [fill = 0]
                  11830188    0000000c                 : sinit.obj (.cinit)
                  11830194    00000004     --HOLE-- [fill = 0]
                  11830198    00000004     (.pad.cinit) [fill = 0]

.args      0    1183019c    00000004     
                  1183019c    00000004     --HOLE-- [fill = 0]

.sysinit   0    118301a0    00000560     
                  118301a0    00000380     hellocfg.obj (.sysinit)
                  11830520    000000c0     bios.a674 : boot.o674 (.sysinit)
                  118305e0    000000c0               : mem_init.o674 (.sysinit)
                  118306a0    00000060               : tsk_init.o674 (.sysinit)

.hst0      0    11830700    00000100     UNINITIALIZED
                  11830700    00000100     hellocfg.obj (.hst0)

.LOG_system$buf 
*          0    11830800    00000800     UNINITIALIZED
                  11830800    00000800     hellocfg.obj (.LOG_system$buf)

.trace$buf 
*          0    11831000    00001000     UNINITIALIZED
                  11831000    00001000     hellocfg.obj (.trace$buf)

.rtdx_text 
*          0    11832000    00000fc0     
                  11832000    000002a0     rtdx64xplus.lib : rtdx_mon.o64P (.rtdx_text:_HSRTDX_rec)
                  118322a0    00000260                     : buffer1.o64P (.rtdx_text:_RTDX_Buffer_WriteCB)
                  11832500    00000260                     : buffer1.o64P (.rtdx_text:_RTDX_write_next)
                  11832760    000001a0                     : rtdx_mon.o64P (.rtdx_text:_HSRTDX_xmt)
                  11832900    00000160                     : rtdx_mon.o64P (.rtdx_text:_RTDX_Send_To_Host)
                  11832a60    000000e0                     : rtdx_mon.o64P (.rtdx_text:_RTDX_Mon_Queue)
                  11832b40    000000e0                     : buffer1.o64P (.rtdx_text:_claim)
                  11832c20    000000a0                     : rtdx_mon.o64P (.rtdx_text:_RTDX_GetH2THeader)
                  11832cc0    000000a0                     : rtdx_mon.o64P (.rtdx_text:_RTDX_Poll)
                  11832d60    00000080                     : rtdx_mon.o64P (.rtdx_text:_RTDX_Final_RT_Monitor)
                  11832de0    00000060                     : buffer1.o64P (.rtdx_text:_RTDX_Buffer_Initialize)
                  11832e40    00000060                     : rtdx_mon.o64P (.rtdx_text:_RTDX_Init_RT_Monitor)
                  11832ea0    00000040                     : buffer2.o64P (.rtdx_text:_RTDX_Buffer_ReadCB)
                  11832ee0    00000040                     : buffer1.o64P (.rtdx_text:_RTDX_Buffer_Size)
                  11832f20    00000040                     : memfill.o64P (.rtdx_text:_RTDX_memfill)
                  11832f60    00000020                     : buffer2.o64P (.rtdx_text:_RTDX_Buffer_Read)
                  11832f80    00000020                     : buffer1.o64P (.rtdx_text:_RTDX_Buffer_Write)
                  11832fa0    00000020                     : intr_tgt.o64P (.rtdx_text)

.rtdx_data 
*          0    11832fc0    000004f4     UNINITIALIZED
                  11832fc0    00000080     --HOLE--
                  11833040    00000410     hellocfg.obj (.rtdx_data)
                  11833450    00000044     rtdx64xplus.lib : rtdx_mon.o64P (.rtdx_data)
                  11833494    00000020                     : buffer1.o64P (.rtdx_data)

.mem       0    118334b4    00000004     UNINITIALIZED
                  118334b4    00000004     hellocfg.obj (.mem)

.const     0    118334b8    00000431     
                  118334b8    00000193     bios.a674 : exc.o674 (.const:.string)
                  1183364b    00000004               : mem_allo.o674 (.const:.string)
                  1183364f    00000001     --HOLE-- [fill = 0]
                  11833650    00000101     rts6740.lib : ctype.obj (.const:.string:__ctypes_)
                  11833751    00000004     bios.a674 : mem_free.o674 (.const:.string)
                  11833755    00000002     rts6740.lib : fputs.obj (.const:.string)
                  11833757    00000001     --HOLE-- [fill = 0]
                  11833758    00000080     evmc6748_bsl.lib : evmc6748.obj (.const:_bitval_u32)
                  118337d8    0000004e     bios.a674 : tsk_stup.o674 (.const:.string)
                  11833826    00000002     --HOLE-- [fill = 0]
                  11833828    00000040     evmc6748_bsl.lib : evmc6748.obj (.const:.string)
                  11833868    00000023     bios.a674 : utl_doab.o674 (.const:.string)
                  1183388b    00000023     rts6740.lib : _printfi.obj (.const:.string)
                  118338ae    00000022     bios.a674 : utl_doer.o674 (.const:.string)
                  118338d0    00000018     main.obj (.const:.string)
                  118338e8    00000001     bios.a674 : tsk.o674 (.const:.string)

.printf    0    118338e9    000000cd     COPY SECTION
                  118338e9    000000cd     hellocfg.obj (.printf)

.TSK_idle$stk 
*          0    118338f0    00000400     UNINITIALIZED
                  118338f0    00000400     hellocfg.obj (.TSK_idle$stk)

.stack     0    11833cf0    00000400     UNINITIALIZED
                  11833cf0    00000400     --HOLE--

.bss       0    118340f0    000003d0     UNINITIALIZED
                  118340f0    00000100     bios.a674 : hwi_disp_asm.o674 (.bss)
                  118341f0    000000cc               : biosdata.o674 (.bss)
                  118342bc    0000009c               : swi.o674 (.bss)
                  11834358    0000004a     main.obj (.bss)
                  118343a2    00000002     --HOLE--
                  118343a4    00000048     bios.a674 : knl.o674 (.bss)
                  118343ec    00000028     hellocfg.obj (.bss)
                  11834414    00000004     bios.a674 : clk_data2.o674 (.bss)
                  11834418    00000020               : exc_asm.o674 (.bss)
                  11834438    00000018               : hwi.o674 (.bss)
                  11834450    00000018     lnkrtdx.a674 : rtdx.o674 (.bss)
                  11834468    00000010     bios.a674 : exc.o674 (.bss)
                  11834478    00000010     rtdx64xplus.lib : buffer1.o64P (.bss)
                  11834488    00000010                     : rtdx_mon.o64P (.bss)
                  11834498    0000000c     bios.a674 : tsk.o674 (.bss)
                  118344a4    00000008               : clk_data.o674 (.bss)
                  118344ac    00000008               : sys.o674 (.bss)
                  118344b4    00000004               : idl_busy.o674 (.bss)
                  118344b8    00000004               : mem_asm.o674 (.bss)
                  118344bc    00000004     evmc6748_bsl.lib : evmc6748_i2c.obj (.bss)

.trace     0    118344c0    00000200     
                  118344c0    00000200     --HOLE-- [fill = 00000000]

.cio       0    118346c0    00000120     UNINITIALIZED
                  118346c0    00000120     rts6740.lib : trgmsg.obj (.cio)

.idl       0    118347e0    00000010     UNINITIALIZED
                  118347e0    00000010     hellocfg.obj (.idl)

.idlcal    0    118347f0    00000010     UNINITIALIZED
                  118347f0    00000010     hellocfg.obj (.idlcal)

.hwi_vec   0    11834800    00000200     
                  11834800    00000200     hellocfg.obj (.hwi_vec)

.pip       0    11834a00    000000c8     UNINITIALIZED
                  11834a00    000000c8     hellocfg.obj (.pip)

.prd       0    11834ac8    00000080     UNINITIALIZED
                  11834ac8    00000080     hellocfg.obj (.prd)

.sts       0    11834b48    00000080     
                  11834b48    00000080     hellocfg.obj (.sts)

.tsk       0    11834bc8    00000060     UNINITIALIZED
                  11834bc8    00000060     hellocfg.obj (.tsk)

.swi       0    11834c28    00000058     UNINITIALIZED
                  11834c28    00000058     hellocfg.obj (.swi)

.gblinit   0    11834c80    0000004c     
                  11834c80    0000004c     hellocfg.obj (.gblinit)

.switch    0    11834ccc    00000044     
                  11834ccc    00000024     evmc6748_bsl.lib : evmc6748_gpio.obj (.switch:_getRegisterBankAndBit)
                  11834cf0    00000020                      : evmc6748_dip.obj (.switch:_convertDipToI2CGpio)

.hst       0    11834d10    0000003c     UNINITIALIZED
                  11834d10    0000003c     hellocfg.obj (.hst)

.log       0    11834d4c    00000030     
                  11834d4c    00000030     hellocfg.obj (.log)

.sys       0    11834d7c    00000010     UNINITIALIZED
                  11834d7c    00000010     hellocfg.obj (.sys)

.pinit     0    11834d8c    0000000c     
                  11834d8c    00000004     rtdx64xplus.lib : buffer1.o64P (.pinit)
                  11834d90    00000004                     : rtdx_mon.o64P (.pinit)
                  11834d94    00000004     --HOLE-- [fill = 0]

.trcdata   0    11834d98    0000000c     
                  11834d98    0000000c     bios.a674 : trc.o674 (.trcdata)


GLOBAL SYMBOLS: SORTED ALPHABETICALLY BY Name 

address    name
--------   ----
118340f0   $bss
118340f0   .bss
11800000   .data
1181ffe0   .text
11830364   BIOS$$CLKOFF
11830324   BIOS$$CLKON
118301a0   BIOS_init
118303d0   BIOS_start
00000000   BUF$
00000001   BUF_ENABLED
11828778   C$$IO$$
ffffffff   CACHE_L1D
ffffffff   CACHE_L1P
00000001   CLK$
1181ffd8   CLK_A_TABBEG
00000001   CLK_CALDIV
00000001   CLK_CALMULT
000493e0   CLK_COUNTSPMS
00000004   CLK_COUNTSPMSHIGH
11834218   CLK_D_idletime
11834214   CLK_D_isrhook
11834210   CLK_D_tabbeg
1183420c   CLK_D_timefxn
00000001   CLK_ENABLEHTIME
1182cce0   CLK_F_gethtime
1182b840   CLK_F_getltime
1182b850   CLK_F_isr
1182b990   CLK_F_itime
11829520   CLK_HOOKFXN
00000001   CLK_HTIMEDIV
00000001   CLK_HTIMEMULT
000493e0   CLK_HTIMEPERLTIME
00005dc0   CLK_INPUTCLK
00004000   CLK_INTBIT
00000001   CLK_LTIMEDIV
000493e0   CLK_LTIMEMULT
000003e8   CLK_MICROSECS
00000001   CLK_POWERENABLE
00005dc0   CLK_PRD
00000000   CLK_PRDHIGH
01c20000   CLK_REGS
00000001   CLK_RESETTIMER
11834208   CLK_R_time
00000020   CLK_TCR
00000000   CLK_TDDR
00000000   CLK_TDDRHIGH
1182cce0   CLK_TIMEFXN
00000000   CLK_TIMERNUM
00000005   CLK_TIMMODE
00000001   CLK_USETIMER
1181ffdc   CLK_null
ffffffff   DDR
00000000   DEV$
00000000   DGN$
00000000   DHL$
00000000   DHL_gChannelsAvailable
00000000   DIO$
00000000   DIO_NUMSWIBASE
00000000   DIO_NUMTSKBASE
00000000   DIO_STATIC
00000000   DPI$
00000000   ECM$
00000000   ECM_ENABLE
ffffffff   ECM_EVTMASK0
ffffffff   ECM_EVTMASK1
ffffffff   ECM_EVTMASK2
ffffffff   ECM_EVTMASK3
0000000a   EVENT10
00000064   EVENT100
00000065   EVENT101
00000066   EVENT102
00000067   EVENT103
00000068   EVENT104
00000069   EVENT105
0000006a   EVENT106
0000006b   EVENT107
0000006c   EVENT108
0000006d   EVENT109
0000000b   EVENT11
0000006e   EVENT110
0000006f   EVENT111
00000070   EVENT112
00000071   EVENT113
00000072   EVENT114
00000073   EVENT115
00000074   EVENT116
00000075   EVENT117
00000076   EVENT118
00000077   EVENT119
0000000c   EVENT12
00000078   EVENT120
00000079   EVENT121
0000007a   EVENT122
0000007b   EVENT123
0000007c   EVENT124
0000007d   EVENT125
0000007e   EVENT126
0000007f   EVENT127
0000000d   EVENT13
0000000e   EVENT14
0000000f   EVENT15
00000010   EVENT16
00000011   EVENT17
00000012   EVENT18
00000013   EVENT19
00000014   EVENT20
00000015   EVENT21
00000016   EVENT22
00000017   EVENT23
00000018   EVENT24
00000019   EVENT25
0000001a   EVENT26
0000001b   EVENT27
0000001c   EVENT28
0000001d   EVENT29
0000001e   EVENT30
0000001f   EVENT31
00000020   EVENT32
00000021   EVENT33
00000022   EVENT34
00000023   EVENT35
00000024   EVENT36
00000025   EVENT37
00000026   EVENT38
00000027   EVENT39
00000004   EVENT4
00000028   EVENT40
00000029   EVENT41
0000002a   EVENT42
0000002b   EVENT43
0000002c   EVENT44
0000002d   EVENT45
0000002e   EVENT46
0000002f   EVENT47
00000030   EVENT48
00000031   EVENT49
00000005   EVENT5
00000032   EVENT50
00000033   EVENT51
00000034   EVENT52
00000035   EVENT53
00000036   EVENT54
00000037   EVENT55
00000038   EVENT56
00000039   EVENT57
0000003a   EVENT58
0000003b   EVENT59
00000006   EVENT6
0000003c   EVENT60
0000003d   EVENT61
0000003e   EVENT62
0000003f   EVENT63
00000040   EVENT64
00000041   EVENT65
00000042   EVENT66
00000043   EVENT67
00000044   EVENT68
00000045   EVENT69
00000007   EVENT7
00000046   EVENT70
00000047   EVENT71
00000048   EVENT72
00000049   EVENT73
0000004a   EVENT74
0000004b   EVENT75
0000004c   EVENT76
0000004d   EVENT77
0000004e   EVENT78
0000004f   EVENT79
00000008   EVENT8
00000050   EVENT80
00000051   EVENT81
00000052   EVENT82
00000053   EVENT83
00000054   EVENT84
00000055   EVENT85
00000056   EVENT86
00000057   EVENT87
00000058   EVENT88
00000059   EVENT89
00000009   EVENT9
0000005a   EVENT90
0000005b   EVENT91
0000005c   EVENT92
0000005d   EVENT93
0000005e   EVENT94
0000005f   EVENT95
00000060   EVENT96
00000061   EVENT97
00000062   EVENT98
00000063   EVENT99
1182c840   FXN_F_nop
1182c844   FXN_F_run
1182c880   FXN_F_zero
00000001   GBL$
00005205   GBL_A_VERSION
00000000   GBL_BCACHEREADADDR0
00000000   GBL_BCACHEREADADDR1
00000000   GBL_BCACHEREADADDR2
00000000   GBL_BIGENDIAN
00000000   GBL_CACHE
00000000   GBL_CALLCSLCFGINIT
00004e20   GBL_CLKIN
00001a5b   GBL_CLKTYPE
00001a5c   GBL_DSPSUBTYPE
0000003e   GBL_DSPTYPE
00000001   GBL_ENABLEINST
00000000   GBL_ENABLE_SK
00000042   GBL_FOOTPRINT
000493e0   GBL_FREQ
00000000   GBL_GEMTRUECOMPEN
00000007   GBL_L1DMODE
00000007   GBL_L1PMODE
00000001   GBL_L2CONFIGURE
00000000   GBL_L2MAR0_31
00000001   GBL_L2MAR128_159
00000000   GBL_L2MAR160_191
ffffffff   GBL_L2MAR192_223
00000000   GBL_L2MAR224_255
00000000   GBL_L2MAR32_63
00000000   GBL_L2MAR64_95
00000000   GBL_L2MAR96_127
00000000   GBL_L2MODE
00000000   GBL_NULL
00000000   GBL_PROCID
00000000   GBL_ROM
00000000   GBL_SUPPORTCSL
0000dbef   GBL_TRCMASKVALUE
00000000   GBL_USERINIT
1182cc00   GBL_USERINITFXN
00000001   GBL_boot
11834da0   GBL_initdone
11833cf0   GBL_stackbeg
118340ef   GBL_stackend
00000000   GIO$
1182cc00   GIO_CREATEFXN
1182cc00   GIO_DELETEFXN
1182cc00   GIO_PENDFXN
1182cc00   GIO_POSTFXN
00000000   HOOK$
00000000   HOOK_KNLID
00000001   HST$
11834d10   HST_A_TABBEG
11834d4c   HST_A_TABEND
00000000   HST_DSM
118343f8   HST_DSMBUFSEG
00000400   HST_DSMMEMSIZE
11834284   HST_D_chanmask
11834288   HST_D_tabbeg
1183428c   HST_D_tabend
000000ff   HST_MAXFRAMEALLOWED
00000040   HST_MAXFRAMESET
00000000   HST_NONE
00000001   HST_RTDX
00000001   HWI$
11834800   HWI_A_VECS
00005828   HWI_CFGDISPATCHED
11834448   HWI_D_bss
1183444c   HWI_D_ccmask
11834438   HWI_D_spsave
00000001   HWI_ENABLE_EXC
11829520   HWI_F_dispatch
00000000   HWI_GENERATE_RESET_VEC
0000000a   HWI_INT10
00000000   HWI_INT10$hwi
0000000b   HWI_INT11
00000000   HWI_INT11$hwi
0000000c   HWI_INT12
00000000   HWI_INT12$hwi
0000000d   HWI_INT13
00000000   HWI_INT13$hwi
0000000e   HWI_INT14
00000000   HWI_INT14$hwi
0000000f   HWI_INT15
00000000   HWI_INT15$hwi
00000004   HWI_INT4
00000000   HWI_INT4$hwi
00000005   HWI_INT5
00000000   HWI_INT5$hwi
00000006   HWI_INT6
00000000   HWI_INT6$hwi
00000007   HWI_INT7
00000000   HWI_INT7$hwi
00000008   HWI_INT8
00000000   HWI_INT8$hwi
00000009   HWI_INT9
00000000   HWI_INT9$hwi
07063d04   HWI_INTRMUX1
0b0a0908   HWI_INTRMUX2
28040d0c   HWI_INTRMUX3
00000001   HWI_NMI
00000000   HWI_NMI$hwi
00000000   HWI_POLARITYMASK
00000002   HWI_RESERVED0
00000000   HWI_RESERVED0$hwi
00000003   HWI_RESERVED1
00000000   HWI_RESERVED1$hwi
00000000   HWI_RESET
00000000   HWI_RESET$hwi
00000000   HWI_ZEROTAB
00000001   IDL$
118347f0   IDL_A_CALBEG
118347e0   IDL_A_TABBEG
00000006   IDL_CALIBRERROR
1182cae0   IDL_CALIBRFXN
118344b4   IDL_D_busyObj
118341f8   IDL_D_calbeg
118341f4   IDL_D_calibrate
118341f0   IDL_D_tabbeg
118347ec   IDL_END
118347fc   IDL_END$
1182c900   IDL_F_busy
1182c760   IDL_F_calibrate
1182cc40   IDL_F_loop
1182cae0   IDL_F_stub
00000001   IDL_USECLKIDLTIME
11834bbc   IDL_busyObj
118339b1   IDL_busyObj$avgfmt
00000001   IDL_busyObj$filter
00000001   IDL_busyObj$iA
00000000   IDL_busyObj$iB
00000001   IDL_busyObj$iC
118339ab   IDL_busyObj$maxfmt
00000000   IDL_busyObj$operation
11834bb8   IDL_busyObj$stsobj
118339ae   IDL_busyObj$sumfmt
00000002   IDL_busyObj$unittype
118347e0   IDL_cpuLoad
118347f0   IDL_cpuLoad$
118343f8   IRAM
1182cd00   IRAM$B
00002000   IRAM$L
00000001   ISRC$
1182bb38   KNL_glue
11834c28   KNL_swi
00000001   KNL_swi$dorta
00000000   KNL_swi$ord
00000000   KNL_swi$pri
11834b8c   KNL_swi$sts
1183396d   KNL_swi$sts$avgfmt
00000002   KNL_swi$sts$filter
00000001   KNL_swi$sts$filtmaxmult
00000001   KNL_swi$sts$filtsummult
1183395d   KNL_swi$sts$maxfmt
11834b88   KNL_swi$sts$stsobj
11833965   KNL_swi$sts$sumfmt
00000000   KNL_swi$sts$unittype
00000000   KNL_swi$swi
ffffffff   L3_CBA_RAM
00000001   LCK$
118289e0   LNK_F_checkBufferCall
11828a60   LNK_F_dataPump
11828a00   LNK_F_getChanPtr
11828a58   LNK_F_init
11828f68   LNK_F_readCallBack
118347e4   LNK_dataPump
118347f4   LNK_dataPump$
11834454   LNK_dspFrameReadyMask
11834450   LNK_dspFrameRequestMask
11828ce0   LNK_newin
11828e14   LNK_newout
11828a70   LNK_rcloop
11828b34   LNK_rdrtry
1183445c   LNK_readDone
11834460   LNK_readFail
11834458   LNK_readPend
11828b44   LNK_rrloop
11834464   LNK_writeFail
11828c10   LNK_wrloop
11828c04   LNK_wrrtry
00000001   LOG$
11834d4c   LOG_A_TABBEG
11834d7c   LOG_A_TABEND
00000002   LOG_A_TABLEN
118341fc   LOG_D_system
00000001   LOG_ENABLED
1182c6e0   LOG_F_event
11834d4c   LOG_system
11830800   LOG_system$buf
00000000   LOG_system$datatype
00000000   LOG_system$log
00000200   LOG_system$size
00000000   MBX$
00000001   MEM$
118343f8   MEM_MALLOCSEG
00000000   MEM_NULL
118343f8   MEM_SEGZERO
00000000   MEM_USEMPC
00000001   MEM_gNumHeap
00000000   MSGQ$
00000000   MSGQ_USEMSGQ
00000000   OBJ$
00000000   PIP$
11834a00   PIP_A_TABBEG
11834ac8   PIP_A_TABEND
00000002   PIP_A_TABLEN
11834200   PIP_D_tabbeg
11834204   PIP_D_tablen
1182b1b8   PIP_F_give
1182b1b8   PIP_F_probe
1182b288   PIP_F_start
1182b140   PIP_F_take
00000064   PIP_OBJSIZE
00000000   PIP_gNextId
00000002   PIP_gNumEmbed
00000000   POOL$
00000000   POOL_USEPOOL
00000001   PRD$
11834ac8   PRD0
11834ae4   PRD0$aaa
00000000   PRD0$mode
00000002   PRD0$ord
000001f4   PRD0$period
00000000   PRD0$prd
11834b4c   PRD0$sts
118338fb   PRD0$sts$avgfmt
00000000   PRD0$sts$filter
118338e9   PRD0$sts$maxfmt
11834b48   PRD0$sts$stsobj
118338f2   PRD0$sts$sumfmt
00000002   PRD0$sts$unittype
11834ae8   PRD1
11834b04   PRD1$aaa
00000000   PRD1$mode
00000003   PRD1$ord
00000032   PRD1$period
00000000   PRD1$prd
11834b5c   PRD1$sts
11833918   PRD1$sts$avgfmt
00000000   PRD1$sts$filter
11833906   PRD1$sts$maxfmt
11834b58   PRD1$sts$stsobj
1183390f   PRD1$sts$sumfmt
00000002   PRD1$sts$unittype
11834b08   PRD2
11834b24   PRD2$aaa
00000000   PRD2$mode
00000004   PRD2$ord
000001f4   PRD2$period
00000000   PRD2$prd
11834b6c   PRD2$sts
11833935   PRD2$sts$avgfmt
00000000   PRD2$sts$filter
11833923   PRD2$sts$maxfmt
11834b68   PRD2$sts$stsobj
1183392c   PRD2$sts$sumfmt
00000002   PRD2$sts$unittype
11834b28   PRD3
11834b44   PRD3$aaa
00000000   PRD3$mode
00000005   PRD3$ord
000000a7   PRD3$period
00000000   PRD3$prd
11834b7c   PRD3$sts
11833952   PRD3$sts$avgfmt
00000000   PRD3$sts$filter
11833940   PRD3$sts$maxfmt
11834b78   PRD3$sts$stsobj
11833949   PRD3$sts$sumfmt
00000002   PRD3$sts$unittype
11834ac8   PRD_A_TABBEG
11834b48   PRD_A_TABEND
00000004   PRD_A_TABLEN
11834240   PRD_D_cur
11834244   PRD_D_elapsed
11834248   PRD_D_prevtim
1183424c   PRD_D_scalar
11834250   PRD_D_swihandle
11834254   PRD_D_tabbeg
11834258   PRD_D_tablen
1183425c   PRD_D_thook
1183423c   PRD_D_tick
11829ec0   PRD_F_swi
1182a144   PRD_F_tick
00000001   PRD_SCALAR
11834c54   PRD_SWIHANDLE
1182ad54   PRD_THOOKFXN
1181ffd8   PRD_clock
11834c54   PRD_swi
00000001   PRD_swi$dorta
00000000   PRD_swi$ord
00000001   PRD_swi$pri
11834b9c   PRD_swi$sts
11833987   PRD_swi$sts$avgfmt
00000002   PRD_swi$sts$filter
00000001   PRD_swi$sts$filtmaxmult
00000001   PRD_swi$sts$filtsummult
11833977   PRD_swi$sts$maxfmt
11834b98   PRD_swi$sts$stsobj
1183397f   PRD_swi$sts$sumfmt
00000000   PRD_swi$sts$unittype
00000000   PRD_swi$swi
00000001   PWRM$
00000030   PWRM_PWRM_CAPSMASK
0000000a   PWRM_PWRM_CLKTICKSPERSLOT
00000000   PWRM_PWRM_ENABLE
00000002   PWRM_PWRM_INITSPCPU
00000000   PWRM_PWRM_INITSPPER
00000000   PWRM_PWRM_LOADENABLE
00000001   PWRM_PWRM_NUMSLOTS
00000000   PWRM_PWRM_RESOURCETRACKING
00000000   PWRM_PWRM_SCALING
1182cc00   PWRM_PWRM_SHAREDRESOURCEFXN
1182cc00   PWRM_PWRM_SLOTHOOKFXN
00000000   PWRM_PWRM_TIMERIDNUM
00000000   PWRM_PWRM_TIMERINTRMASK
00000000   PWRM_PWRM_TIMERWUGENMASK
00000000   PWRM_PWRM_USERRESOURCES
00000000   PWRM_PWRM_USETIMER
00000001   QUE$
11834260   RTA_D_fromHost
11834268   RTA_D_logval
11834278   RTA_D_stsval
11834264   RTA_D_toHost
1182cb20   RTA_F_andn
1182a5a0   RTA_F_dispatch
1182a4c0   RTA_F_getlog
1182a4f8   RTA_F_getsts
1182cb38   RTA_F_or
1182a538   RTA_F_readblk
1182a560   RTA_F_resetmem
1182a554   RTA_F_writeword
118347e8   RTA_dispatcher
118347f8   RTA_dispatcher$
1182a5ec   RTA_execute
11834d14   RTA_fromHost
1181ffc8   RTA_fromHost$buf
00000004   RTA_fromHost$framesize
00000000   RTA_fromHost$hst
00000001   RTA_fromHost$id
00000000   RTA_fromHost$mode
11834a00   RTA_fromHost$pipe
11834a30   RTA_fromHost$pipe$aaa
11834a60   RTA_fromHost$pipe$bbb
118343fc   RTA_fromHost$pipe$dtab
11834a04   RTA_fromHost$pipe$rd
11834a34   RTA_fromHost$pipe$wr
11834d1c   RTA_fromHost$rtdx
11834d30   RTA_toHost
11830700   RTA_toHost$buf
00000040   RTA_toHost$framesize
00000000   RTA_toHost$hst
00000000   RTA_toHost$id
00000001   RTA_toHost$mode
11834a64   RTA_toHost$pipe
11834a94   RTA_toHost$pipe$aaa
11834ac4   RTA_toHost$pipe$bbb
11834408   RTA_toHost$pipe$dtab
11834a68   RTA_toHost$pipe$rd
11834a98   RTA_toHost$pipe$wr
11834d38   RTA_toHost$rtdx
00000001   RTDX$
00000408   RTDX_BUFMEMSIZE
118343f8   RTDX_DATAMEMSEG
00000000   RTDX_MODE
00000001   RTDX_NORMALIZED_HDR
00000001   RTDX_USERTDX
00000000   RTDX_USERTEXECUTION
00000000   SEM$
00000000   SIO$
00000001   STS$
11834b48   STS_A_TABBEG
11834bc8   STS_A_TABEND
1182c9ec   STS_F_add
1182c9c0   STS_F_delta
1182ca08   STS_F_reset
00000001   SWI$
11834c28   SWI_A_TABBEG
11834c80   SWI_A_TABEND
00000002   SWI_A_TABLEN
118342d4   SWI_D_curfxn
118342c4   SWI_D_curmask
118342d0   SWI_D_curmbox
118342c8   SWI_D_curset
118342c0   SWI_D_execaddr
118342dc   SWI_D_inswi
118342cc   SWI_D_lock
118342d8   SWI_D_rdybeg
118342e0   SWI_D_rdytab
118342bc   SWI_D_runaddr
00000000   SWI_EHOOKFXN
11829be4   SWI_EXECFXN
11829a00   SWI_F_enable
11829be4   SWI_F_exec
11829c0c   SWI_F_iexec
11829a70   SWI_F_post
11829c8c   SWI_F_run
00000000   SWI_IHOOKFXN
11829c8c   SWI_RUNFXN
00000001   SYS$
11834d7c   SYS$config
1182cb60   SYS_ABORTFXN
1182cca0   SYS_ERRORFXN
1182ccc0   SYS_EXITFXN
1182cba0   SYS_PUTCFXN
11834d9c   TRC_R_mask
11834d98   TRC_cinit
00000001   TSK$
00000000   TSK_NUM_HOOKS
00000001   TSK_PRIORITY
00000000   TSK_READYFXN
00000000   TSK_STACKSEG
00000400   TSK_STACKSIZE
00000000   TSK_SWITCHFXN
1182cc00   TSK_VCREATEFXN
1182cc00   TSK_VDELETEFXN
1182cc00   TSK_VEXITFXN
11834bd4   TSK_idle
00000000   TSK_idle$ord
00000000   TSK_idle$pri
118338f0   TSK_idle$stack
11833c88   TSK_idle$stkptr
11834bac   TSK_idle$sts
118339a1   TSK_idle$sts$avgfmt
00000002   TSK_idle$sts$filter
00000001   TSK_idle$sts$filtmaxmult
00000001   TSK_idle$sts$filtsummult
11833991   TSK_idle$sts$maxfmt
11834ba8   TSK_idle$sts$stsobj
11833999   TSK_idle$sts$sumfmt
00000000   TSK_idle$sts$unittype
00000000   TSK_idle$tsk
00000000   UDEV$
11821f2c   _AIC3106_Init
11822460   _AIC3106_readRegister
11821ef4   _AIC3106_writeRegister
11834388   _B
1182cc00   _BCACHE_bootInit
1182bef4   _BCACHE_getMar
1182bea4   _BCACHE_getSize
1182be74   _BCACHE_setCacheToSram
1182be24   _BCACHE_setMar
1182bde0   _BCACHE_setSize
118301a0   _BIOS_init
118303d0   _BIOS_start
118000a8   _BP_A
11800060   _BP_B
ffffffff   _CACHE_L1D
ffffffff   _CACHE_L1P
000493e0   _CLK_COUNTSPMS
118344a4   _CLK_DFLTMICROSECS
11834238   _CLK_D_countspms
1183422c   _CLK_D_dirty
118344a8   _CLK_D_microseconds
11834230   _CLK_D_prd
11834234   _CLK_D_tddr
1182b990   _CLK_F_itime
00005dc0   _CLK_PRD
01c20000   _CLK_REGS
00000000   _CLK_TDDR
00000000   _CLK_TIMERNUM
00000001   _CLK_USETIMER
1182cbe0   _CLK_countspms
1182cce0   _CLK_gethtime
1183421c   _CLK_htimeDiv
11834220   _CLK_htimeMult
11834414   _CLK_htimePerLtime
1181f9f4   _CLK_inputClock
1182b990   _CLK_itime
11834224   _CLK_ltimeDiv
11834228   _CLK_ltimeMult
1182ca80   _CLK_measure
ffffffff   _DDR
118266a4   _DIP_get
11826708   _DIP_getAll
11826680   _DIP_init
0000000a   _EVENT10
00000064   _EVENT100
00000065   _EVENT101
00000066   _EVENT102
00000067   _EVENT103
00000068   _EVENT104
00000069   _EVENT105
0000006a   _EVENT106
0000006b   _EVENT107
0000006c   _EVENT108
0000006d   _EVENT109
0000000b   _EVENT11
0000006e   _EVENT110
0000006f   _EVENT111
00000070   _EVENT112
00000071   _EVENT113
00000072   _EVENT114
00000073   _EVENT115
00000074   _EVENT116
00000075   _EVENT117
00000076   _EVENT118
00000077   _EVENT119
0000000c   _EVENT12
00000078   _EVENT120
00000079   _EVENT121
0000007a   _EVENT122
0000007b   _EVENT123
0000007c   _EVENT124
0000007d   _EVENT125
0000007e   _EVENT126
0000007f   _EVENT127
0000000d   _EVENT13
0000000e   _EVENT14
0000000f   _EVENT15
00000010   _EVENT16
00000011   _EVENT17
00000012   _EVENT18
00000013   _EVENT19
00000014   _EVENT20
00000015   _EVENT21
00000016   _EVENT22
00000017   _EVENT23
00000018   _EVENT24
00000019   _EVENT25
0000001a   _EVENT26
0000001b   _EVENT27
0000001c   _EVENT28
0000001d   _EVENT29
0000001e   _EVENT30
0000001f   _EVENT31
00000020   _EVENT32
00000021   _EVENT33
00000022   _EVENT34
00000023   _EVENT35
00000024   _EVENT36
00000025   _EVENT37
00000026   _EVENT38
00000027   _EVENT39
00000004   _EVENT4
00000028   _EVENT40
00000029   _EVENT41
0000002a   _EVENT42
0000002b   _EVENT43
0000002c   _EVENT44
0000002d   _EVENT45
0000002e   _EVENT46
0000002f   _EVENT47
00000030   _EVENT48
00000031   _EVENT49
00000005   _EVENT5
00000032   _EVENT50
00000033   _EVENT51
00000034   _EVENT52
00000035   _EVENT53
00000036   _EVENT54
00000037   _EVENT55
00000038   _EVENT56
00000039   _EVENT57
0000003a   _EVENT58
0000003b   _EVENT59
00000006   _EVENT6
0000003c   _EVENT60
0000003d   _EVENT61
0000003e   _EVENT62
0000003f   _EVENT63
00000040   _EVENT64
00000041   _EVENT65
00000042   _EVENT66
00000043   _EVENT67
00000044   _EVENT68
00000045   _EVENT69
00000007   _EVENT7
00000046   _EVENT70
00000047   _EVENT71
00000048   _EVENT72
00000049   _EVENT73
0000004a   _EVENT74
0000004b   _EVENT75
0000004c   _EVENT76
0000004d   _EVENT77
0000004e   _EVENT78
0000004f   _EVENT79
00000008   _EVENT8
00000050   _EVENT80
00000051   _EVENT81
00000052   _EVENT82
00000053   _EVENT83
00000054   _EVENT84
00000055   _EVENT85
00000056   _EVENT86
00000057   _EVENT87
00000058   _EVENT88
00000059   _EVENT89
00000009   _EVENT9
0000005a   _EVENT90
0000005b   _EVENT91
0000005c   _EVENT92
0000005d   _EVENT93
0000005e   _EVENT94
0000005f   _EVENT95
00000060   _EVENT96
00000061   _EVENT97
00000062   _EVENT98
00000063   _EVENT99
11821348   _EVMC6748_enableDsp
11821160   _EVMC6748_init
1182118c   _EVMC6748_initRAM
11821410   _EVMC6748_lpscTransition
11821374   _EVMC6748_pinmuxConfig
118294f0   _EXC_clearLastStatus
1182af60   _EXC_dispatch
11829314   _EXC_exceptionHandler
11834468   _EXC_exceptionHook
118292e0   _EXC_external
11834470   _EXC_externalHook
118292c0   _EXC_getLastStatus
11829280   _EXC_init
11828fd4   _EXC_internal
1183446c   _EXC_internalHook
11828fa0   _EXC_nmi
11834474   _EXC_nmiHook
11834420   _EXC_returnPtr
1182b124   _EXC_setReturnPtr
1181ff88   _EXC_status
11834418   _EXC_sysTrapTable
1182cc00   _FXN_F_nop
1182c844   _FXN_F_run
1182c880   _FXN_F_zero
00000000   _GBL_CACHE
1182bf88   _GBL_cacheInit64P
11834294   _GBL_clkIn
11834298   _GBL_freq
1182cc20   _GBL_getVersion
11834290   _GBL_procId
11823ed8   _GPIO_getInput
11823e60   _GPIO_setDir
11823f4c   _GPIO_setOutput
11823fcc   _GPIO_toggleLoop
11827ee0   _HOSTclose
11826cc0   _HOSTlseek
118270c0   _HOSTopen
118271a0   _HOSTread
11826380   _HOSTrename
11827520   _HOSTunlink
118275e0   _HOSTwrite
11800120   _HP_A
118000f0   _HP_B
11832000   _HSRTDX_rec
11832760   _HSRTDX_xmt
11834d10   _HST_A_TABBEG
11834d4c   _HST_A_TABEND
00005828   _HWI_CFGDISPATCHED
11834444   _HWI_D_inhwi
11834438   _HWI_D_spsave
11829520   _HWI_F_dispatch
0000000a   _HWI_INT10
0000000b   _HWI_INT11
0000000c   _HWI_INT12
0000000d   _HWI_INT13
0000000e   _HWI_INT14
0000000f   _HWI_INT15
00000004   _HWI_INT4
00000005   _HWI_INT5
00000006   _HWI_INT6
00000007   _HWI_INT7
00000008   _HWI_INT8
00000009   _HWI_INT9
00000001   _HWI_NMI
00000002   _HWI_RESERVED0
00000003   _HWI_RESERVED1
00000000   _HWI_RESET
118340e8   _HWI_STKBOTTOM
11833cf0   _HWI_STKTOP
11834438   _HWI_data
1182c8a0   _HWI_disable
118340f0   _HWI_dispatchTab
1182c8b8   _HWI_enable
1182c8cc   _HWI_restore
11823614   _I2CGPIO_getInput
11823730   _I2CGPIO_getInputAll
11823540   _I2CGPIO_init
11823840   _I2CGPIO_setOutput
11823988   _I2CGPIO_setOutputAll
118241e0   _I2C_init
118242cc   _I2C_read
11824428   _I2C_write
11834bbc   _IDL_busyObj
118347e0   _IDL_cpuLoad
1182cc40   _IDL_loop
118343f8   _IRAM
1182cd00   _IRAM_base
00002000   _IRAM_length
118343ac   _KNL_alarm
1182c040   _KNL_check
118343d0   _KNL_curqueue
118343c0   _KNL_curtask
118343c8   _KNL_curtime
1181fd40   _KNL_dummy
1182c3a0   _KNL_enter
1182c360   _KNL_exit
1182c108   _KNL_idle
118343e8   _KNL_idlefxn
118343b4   _KNL_inactive
1182c560   _KNL_ipost
1182c130   _KNL_max
118343d4   _KNL_maxqueue
1182c5e0   _KNL_post
118343c4   _KNL_prevtask
118343b8   _KNL_priority
1181fca0   _KNL_queues
1182a740   _KNL_run
1182b9e0   _KNL_saveIsrFrame
118343bc   _KNL_set
118343b0   _KNL_setpri
11834c28   _KNL_swi
118343cc   _KNL_swiptr
1182ba8c   _KNL_switch
118343dc   _KNL_tcreatefxn
118343e0   _KNL_tdeletefxn
1182ad54   _KNL_tick
118343e4   _KNL_treadyfxn
118343d8   _KNL_tswitchfxn
118343a4   _KNL_wFlag
118343a8   _KNL_wList
ffffffff   _L3_CBA_RAM
1182c680   _LCK_pend
1182c660   _LCK_post
11825e40   _LED_init
11825e8c   _LED_isOn
11825f8c   _LED_toggle
11825f44   _LED_turnOff
11825ef4   _LED_turnOn
118347e4   _LNK_dataPump
11834454   _LNK_dspFrameReadyMask
11834450   _LNK_dspFrameRequestMask
1183445c   _LNK_readDone
11834460   _LNK_readFail
11834458   _LNK_readPend
11834464   _LNK_writeFail
11834d4c   _LOG_A_TABBEG
11834d7c   _LOG_A_TABEND
00000002   _LOG_A_TABLEN
118341fc   _LOG_D_system
1182c6e0   _LOG_event
1182cc60   _LOG_printf
11834d4c   _LOG_system
11800030   _LP_A
11800000   _LP_B
118344b8   _MEM
1183429c   _MEM_D_NUMSEGMENTS
118342a4   _MEM_D_freelist
118342a8   _MEM_D_lockaddr
118342a0   _MEM_D_memtab
118342ac   _MEM_D_unlockaddr
1182a980   _MEM_alloc
1182ad80   _MEM_free
118305e0   _MEM_init
118343ec   _MEM_memtab
11821dcc   _McASP_Init
11821fe0   _McASP_Start
1181fee0   _OBJ_segtab
1181fea8   _OBJ_table
11834a00   _PIP_A_TABBEG
11834ac8   _PIP_A_TABEND
11834ac8   _PRD0
11834ae8   _PRD1
11834b08   _PRD2
11834b28   _PRD3
1183423c   _PRD_D_tick
1181ffd8   _PRD_clock
11834c54   _PRD_swi
118347e8   _RTA_dispatcher
11834d14   _RTA_fromHost
11834d30   _RTA_toHost
11833040   _RTDX_Buffer
1183344c   _RTDX_Buffer_End
11832de0   _RTDX_Buffer_Initialize
11832f60   _RTDX_Buffer_Read
11832ea0   _RTDX_Buffer_ReadCB
11832ee0   _RTDX_Buffer_Size
11833448   _RTDX_Buffer_Start
11832f80   _RTDX_Buffer_Write
118322a0   _RTDX_Buffer_WriteCB
11832d60   _RTDX_Final_RT_Monitor
11832e40   _RTDX_Init_RT_Monitor
00000002   _RTDX_JTAGONLY
11832fa0   _RTDX_Mask_IER
11832a60   _RTDX_Mon_Queue
11832cc0   _RTDX_Poll
00000000   _RTDX_interrupt_mask
11832f20   _RTDX_memfill
118334a0   _RTDX_writing
118343f8   _SEG0
1182c960   _SEM_pend
1182b320   _SEM_pendEnterKnl
1182c280   _SEM_post
1182c280   _SEM_postBinary
1182c420   _SEM_postEnterKnl
11834b48   _STS_A_TABBEG
11834bc8   _STS_A_TABEND
1182c9ec   _STS_add
1182c9c0   _STS_delta
1182ca08   _STS_reset
1182cc80   _STS_set
118342d4   _SWI_D_curfxn
118342c4   _SWI_D_curmask
118342c8   _SWI_D_curset
118342c0   _SWI_D_execaddr
118342dc   _SWI_D_inswi
118342cc   _SWI_D_lock
118342d8   _SWI_D_rdybeg
118342bc   _SWI_D_runaddr
118342bc   _SWI_data
11829a70   _SWI_post
118342b0   _SYS
118344c0   _SYS_PUTCBEG
118346bf   _SYS_PUTCEND
1182ca20   _SYS_abort
1182c7e0   _SYS_error
1182c4c0   _SYS_exit
1181ff50   _SYS_exitStack
118344ac   _SYS_exitStackPtr
118344b0   _SYS_exitStackTop
11821da4   _SetGpio
11834d9c   _TRC_R_mask
118344a0   _TSK
1181fe48   _TSK_ATTRS
1181fe64   _TSK_config
1182bca0   _TSK_exit
11834bd4   _TSK_idle
118306a0   _TSK_init
11834498   _TSK_nTasks
1183449c   _TSK_pid
1182b6a0   _TSK_setup
1182c204   _TSK_startup
1181fe84   _TSK_timerSem
118223cc   _USTIMER_delay
11821d60   _UTIL_isUIBoardAttached
11821c08   _UTIL_printMem
1182cb60   _UTL_doAbort
1182cca0   _UTL_doError
1182cba0   _UTL_doPutc
1182ccc0   _UTL_halt
118346c0   __CIOBUF_
1182b9b0   __CLK_lat1beg
1182b9d0   __CLK_lat1end
118342b8   __HOOK_NUMHOOKS
118342b4   __HOOK_knlId
11829520   __HWI_lat1beg
118296a8   __HWI_lat1end
118296a8   __HWI_lat2beg
11829884   __HWI_lat2end1
11829810   __HWI_lat2end2
118298a0   __HWI_lat3beg
11829840   __HWI_lat3end2
1182c900   __IDL_lat1beg
1182c940   __IDL_lat1end
1182c08c   __KNL_lat1beg
1182c108   __KNL_lat1end
1182c6e0   __LOG_lat1beg
1181ff24   __MEM_mutex
1182a560   __RTA_lat1beg
1182a594   __RTA_lat1end
1182b500   __SEM_dopost
118340f0   __STACK_END
00000400   __STACK_SIZE
11829b78   __SWI_lat1beg
11829c24   __SWI_lat1end
11829c28   __SWI_lat2beg
11829c88   __SWI_lat2end
11829a00   __SWI_lat3beg
11829a6c   __SWI_lat3end
1181fefc   __TSK_mutex
1181ffbc   ___TI_enable_exit_profile_output
ffffffff   ___TI_pprof_out_hndl
ffffffff   ___TI_prof_data_size
ffffffff   ___TI_prof_data_start
11828780   ___add_dtor
1181f9f8   ___atexit_func_id__
ffffffff   ___binit__
118340f0   ___bss__
ffffffff   ___c_args__
1182ed00   ___cinit__
11800000   ___data__
11800000   ___edata__
118344c0   ___end__
118289e0   ___etext__
118287c0   ___isinf
11834d8c   ___pinit__
1181ffe0   ___text__
1182bb60   __auto_init
11827820   __c6xabi_divu
118279a0   __c6xabi_remi
118276a0   __cleanup
1181ffb4   __cleanup_ptr
11833650   __ctypes_
118224e0   __divd
11827f80   __divli
11827820   __divu
118261e0   __divul
11825320   __divull
118278e0   __doflush
1181ffb8   __dtors_ptr
11828160   __fixdli
118283e0   __fltlid
11828840   __frcmpyd_div
1181f9f0   __ft_end
1181f6d0   __ftable
11828460   __llshl
11828880   __llshru
1181ffc0   __lock
11828900   __negll
11828920   __nop
11823a20   __printfi
11828980   __register_lock
118289a0   __register_unlock
118279a0   __remi
118288c0   __remli
11833cf0   __stack
11828660   __subcull
1181f8b0   __tmpnams
1181ffc4   __unlock
11826ec0   __wrt_ok
118210b4   _add_to_buffer
11827a60   _atexit
11827280   _atoi
118210e8   _audioHWI
11833758   _bitval_u32
118002d0   _buffer
1183436e   _buffer_len
11830520   _c_int00
11826fc0   _call_dtors
1182a46c   _calloc
11827360   _close
118217e8   _config_pll0
11821a24   _config_pll1
11820fec   _dipPRD
1181fea4   _dtors
118343a0   _dur
1183439c   _duration
11834398   _end_t
11826ba0   _fclose
11820f98   _flash_LED_filtering
11820f58   _flash_LED_playback
11820f00   _flash_LED_rec
11826920   _fputc
11824560   _fputs
1182a240   _free
11827b20   _fseek
11820d48   _get_buffer
11834374   _i
11820810   _iir_filter_bp
118204b4   _iir_filter_hp
11820138   _iir_filter_lp
11834368   _index_bp
1183436a   _index_hp
11834366   _index_lp
11834390   _index_lp_T
11822360   _initAll
11834384   _j
11834386   _k
11827be0   _lseek
11827ca0   _ltoa
11834372   _m
1181ffe0   _main
1182a264   _malloc
1182a3a8   _memalign
118286c0   _memccpy
11828340   _memcpy
11827440   _memset
11834370   _n
11834376   _n_temp
1183437c   _out_bp
11834380   _out_hp
11834378   _out_lp
1183436c   _past_idx
118284e0   _printf
11826920   _putc
11821d90   _read_audio_sample
11828560   _readmsg
1182a2c4   _realloc
118289c0   _remove
11834480   _rtdxNullChanCnt
11834484   _rtdxNullFuncCnt
1183448c   _rtdxRecNotDoneCnt
11834494   _rtdxXmtErrorCnt
11834488   _rtdxXmtNotDoneCnt
11834490   _rtdxXmtRestartCnt
11833494   _rtdx_buffer_state
11833450   _rtdx_mon_state
1183438c   _sample_temp
11826500   _setvbuf
11834394   _start_t
1183435c   _sw1
1183435e   _sw2
11834360   _sw6
11834362   _sw7
11834364   _sw8
11834358   _this
11834d64   _trace
118285e0   _unlink
11827d60   _write
11821d80   _write_audio_sample
11828720   _writemsg
118001b0   _x_bp
11800240   _x_hp
11800150   _x_lp
118001f8   _y_bp
11800288   _y_hp
11800180   _y_lp
ffffffff   binit
1182ed00   cinit
11800000   edata
118344c0   end
118289e0   etext
11834800   hwi0
11834820   hwi1
11834940   hwi10
11834960   hwi11
11834980   hwi12
118349a0   hwi13
118349c0   hwi14
118349e0   hwi15
11834840   hwi2
11834860   hwi3
11834880   hwi4
118348a0   hwi5
118348c0   hwi6
118348e0   hwi7
11834900   hwi8
11834920   hwi9
11834d8c   pinit
11834d64   trace
11831000   trace$buf
00000001   trace$datatype
00000000   trace$log
00000400   trace$size


GLOBAL SYMBOLS: SORTED BY Symbol Address 

address    name
--------   ----
00000000   BUF$
00000000   CLK_PRDHIGH
00000000   CLK_TDDR
00000000   CLK_TDDRHIGH
00000000   CLK_TIMERNUM
00000000   DEV$
00000000   DGN$
00000000   DHL$
00000000   DHL_gChannelsAvailable
00000000   DIO$
00000000   DIO_NUMSWIBASE
00000000   DIO_NUMTSKBASE
00000000   DIO_STATIC
00000000   DPI$
00000000   ECM$
00000000   ECM_ENABLE
00000000   GBL_BCACHEREADADDR0
00000000   GBL_BCACHEREADADDR1
00000000   GBL_BCACHEREADADDR2
00000000   GBL_BIGENDIAN
00000000   GBL_CACHE
00000000   GBL_CALLCSLCFGINIT
00000000   GBL_ENABLE_SK
00000000   GBL_GEMTRUECOMPEN
00000000   GBL_L2MAR0_31
00000000   GBL_L2MAR160_191
00000000   GBL_L2MAR224_255
00000000   GBL_L2MAR32_63
00000000   GBL_L2MAR64_95
00000000   GBL_L2MAR96_127
00000000   GBL_L2MODE
00000000   GBL_NULL
00000000   GBL_PROCID
00000000   GBL_ROM
00000000   GBL_SUPPORTCSL
00000000   GBL_USERINIT
00000000   GIO$
00000000   HOOK$
00000000   HOOK_KNLID
00000000   HST_DSM
00000000   HST_NONE
00000000   HWI_GENERATE_RESET_VEC
00000000   HWI_INT10$hwi
00000000   HWI_INT11$hwi
00000000   HWI_INT12$hwi
00000000   HWI_INT13$hwi
00000000   HWI_INT14$hwi
00000000   HWI_INT15$hwi
00000000   HWI_INT4$hwi
00000000   HWI_INT5$hwi
00000000   HWI_INT6$hwi
00000000   HWI_INT7$hwi
00000000   HWI_INT8$hwi
00000000   HWI_INT9$hwi
00000000   HWI_NMI$hwi
00000000   HWI_POLARITYMASK
00000000   HWI_RESERVED0$hwi
00000000   HWI_RESERVED1$hwi
00000000   HWI_RESET
00000000   HWI_RESET$hwi
00000000   HWI_ZEROTAB
00000000   IDL_busyObj$iB
00000000   IDL_busyObj$operation
00000000   KNL_swi$ord
00000000   KNL_swi$pri
00000000   KNL_swi$sts$unittype
00000000   KNL_swi$swi
00000000   LOG_system$datatype
00000000   LOG_system$log
00000000   MBX$
00000000   MEM_NULL
00000000   MEM_USEMPC
00000000   MSGQ$
00000000   MSGQ_USEMSGQ
00000000   OBJ$
00000000   PIP$
00000000   PIP_gNextId
00000000   POOL$
00000000   POOL_USEPOOL
00000000   PRD0$mode
00000000   PRD0$prd
00000000   PRD0$sts$filter
00000000   PRD1$mode
00000000   PRD1$prd
00000000   PRD1$sts$filter
00000000   PRD2$mode
00000000   PRD2$prd
00000000   PRD2$sts$filter
00000000   PRD3$mode
00000000   PRD3$prd
00000000   PRD3$sts$filter
00000000   PRD_swi$ord
00000000   PRD_swi$sts$unittype
00000000   PRD_swi$swi
00000000   PWRM_PWRM_ENABLE
00000000   PWRM_PWRM_INITSPPER
00000000   PWRM_PWRM_LOADENABLE
00000000   PWRM_PWRM_RESOURCETRACKING
00000000   PWRM_PWRM_SCALING
00000000   PWRM_PWRM_TIMERIDNUM
00000000   PWRM_PWRM_TIMERINTRMASK
00000000   PWRM_PWRM_TIMERWUGENMASK
00000000   PWRM_PWRM_USERRESOURCES
00000000   PWRM_PWRM_USETIMER
00000000   RTA_fromHost$hst
00000000   RTA_fromHost$mode
00000000   RTA_toHost$hst
00000000   RTA_toHost$id
00000000   RTDX_MODE
00000000   RTDX_USERTEXECUTION
00000000   SEM$
00000000   SIO$
00000000   SWI_EHOOKFXN
00000000   SWI_IHOOKFXN
00000000   TSK_NUM_HOOKS
00000000   TSK_READYFXN
00000000   TSK_STACKSEG
00000000   TSK_SWITCHFXN
00000000   TSK_idle$ord
00000000   TSK_idle$pri
00000000   TSK_idle$sts$unittype
00000000   TSK_idle$tsk
00000000   UDEV$
00000000   _CLK_TDDR
00000000   _CLK_TIMERNUM
00000000   _GBL_CACHE
00000000   _HWI_RESET
00000000   _RTDX_interrupt_mask
00000000   trace$log
00000001   BUF_ENABLED
00000001   CLK$
00000001   CLK_CALDIV
00000001   CLK_CALMULT
00000001   CLK_ENABLEHTIME
00000001   CLK_HTIMEDIV
00000001   CLK_HTIMEMULT
00000001   CLK_LTIMEDIV
00000001   CLK_POWERENABLE
00000001   CLK_RESETTIMER
00000001   CLK_USETIMER
00000001   GBL$
00000001   GBL_ENABLEINST
00000001   GBL_L2CONFIGURE
00000001   GBL_L2MAR128_159
00000001   GBL_boot
00000001   HST$
00000001   HST_RTDX
00000001   HWI$
00000001   HWI_ENABLE_EXC
00000001   HWI_NMI
00000001   IDL$
00000001   IDL_USECLKIDLTIME
00000001   IDL_busyObj$filter
00000001   IDL_busyObj$iA
00000001   IDL_busyObj$iC
00000001   ISRC$
00000001   KNL_swi$dorta
00000001   KNL_swi$sts$filtmaxmult
00000001   KNL_swi$sts$filtsummult
00000001   LCK$
00000001   LOG$
00000001   LOG_ENABLED
00000001   MEM$
00000001   MEM_gNumHeap
00000001   PRD$
00000001   PRD_SCALAR
00000001   PRD_swi$dorta
00000001   PRD_swi$pri
00000001   PRD_swi$sts$filtmaxmult
00000001   PRD_swi$sts$filtsummult
00000001   PWRM$
00000001   PWRM_PWRM_NUMSLOTS
00000001   QUE$
00000001   RTA_fromHost$id
00000001   RTA_toHost$mode
00000001   RTDX$
00000001   RTDX_NORMALIZED_HDR
00000001   RTDX_USERTDX
00000001   STS$
00000001   SWI$
00000001   SYS$
00000001   TSK$
00000001   TSK_PRIORITY
00000001   TSK_idle$sts$filtmaxmult
00000001   TSK_idle$sts$filtsummult
00000001   _CLK_USETIMER
00000001   _HWI_NMI
00000001   trace$datatype
00000002   HWI_RESERVED0
00000002   IDL_busyObj$unittype
00000002   KNL_swi$sts$filter
00000002   LOG_A_TABLEN
00000002   PIP_A_TABLEN
00000002   PIP_gNumEmbed
00000002   PRD0$ord
00000002   PRD0$sts$unittype
00000002   PRD1$sts$unittype
00000002   PRD2$sts$unittype
00000002   PRD3$sts$unittype
00000002   PRD_swi$sts$filter
00000002   PWRM_PWRM_INITSPCPU
00000002   SWI_A_TABLEN
00000002   TSK_idle$sts$filter
00000002   _HWI_RESERVED0
00000002   _LOG_A_TABLEN
00000002   _RTDX_JTAGONLY
00000003   HWI_RESERVED1
00000003   PRD1$ord
00000003   _HWI_RESERVED1
00000004   CLK_COUNTSPMSHIGH
00000004   EVENT4
00000004   HWI_INT4
00000004   PRD2$ord
00000004   PRD_A_TABLEN
00000004   RTA_fromHost$framesize
00000004   _EVENT4
00000004   _HWI_INT4
00000005   CLK_TIMMODE
00000005   EVENT5
00000005   HWI_INT5
00000005   PRD3$ord
00000005   _EVENT5
00000005   _HWI_INT5
00000006   EVENT6
00000006   HWI_INT6
00000006   IDL_CALIBRERROR
00000006   _EVENT6
00000006   _HWI_INT6
00000007   EVENT7
00000007   GBL_L1DMODE
00000007   GBL_L1PMODE
00000007   HWI_INT7
00000007   _EVENT7
00000007   _HWI_INT7
00000008   EVENT8
00000008   HWI_INT8
00000008   _EVENT8
00000008   _HWI_INT8
00000009   EVENT9
00000009   HWI_INT9
00000009   _EVENT9
00000009   _HWI_INT9
0000000a   EVENT10
0000000a   HWI_INT10
0000000a   PWRM_PWRM_CLKTICKSPERSLOT
0000000a   _EVENT10
0000000a   _HWI_INT10
0000000b   EVENT11
0000000b   HWI_INT11
0000000b   _EVENT11
0000000b   _HWI_INT11
0000000c   EVENT12
0000000c   HWI_INT12
0000000c   _EVENT12
0000000c   _HWI_INT12
0000000d   EVENT13
0000000d   HWI_INT13
0000000d   _EVENT13
0000000d   _HWI_INT13
0000000e   EVENT14
0000000e   HWI_INT14
0000000e   _EVENT14
0000000e   _HWI_INT14
0000000f   EVENT15
0000000f   HWI_INT15
0000000f   _EVENT15
0000000f   _HWI_INT15
00000010   EVENT16
00000010   _EVENT16
00000011   EVENT17
00000011   _EVENT17
00000012   EVENT18
00000012   _EVENT18
00000013   EVENT19
00000013   _EVENT19
00000014   EVENT20
00000014   _EVENT20
00000015   EVENT21
00000015   _EVENT21
00000016   EVENT22
00000016   _EVENT22
00000017   EVENT23
00000017   _EVENT23
00000018   EVENT24
00000018   _EVENT24
00000019   EVENT25
00000019   _EVENT25
0000001a   EVENT26
0000001a   _EVENT26
0000001b   EVENT27
0000001b   _EVENT27
0000001c   EVENT28
0000001c   _EVENT28
0000001d   EVENT29
0000001d   _EVENT29
0000001e   EVENT30
0000001e   _EVENT30
0000001f   EVENT31
0000001f   _EVENT31
00000020   CLK_TCR
00000020   EVENT32
00000020   _EVENT32
00000021   EVENT33
00000021   _EVENT33
00000022   EVENT34
00000022   _EVENT34
00000023   EVENT35
00000023   _EVENT35
00000024   EVENT36
00000024   _EVENT36
00000025   EVENT37
00000025   _EVENT37
00000026   EVENT38
00000026   _EVENT38
00000027   EVENT39
00000027   _EVENT39
00000028   EVENT40
00000028   _EVENT40
00000029   EVENT41
00000029   _EVENT41
0000002a   EVENT42
0000002a   _EVENT42
0000002b   EVENT43
0000002b   _EVENT43
0000002c   EVENT44
0000002c   _EVENT44
0000002d   EVENT45
0000002d   _EVENT45
0000002e   EVENT46
0000002e   _EVENT46
0000002f   EVENT47
0000002f   _EVENT47
00000030   EVENT48
00000030   PWRM_PWRM_CAPSMASK
00000030   _EVENT48
00000031   EVENT49
00000031   _EVENT49
00000032   EVENT50
00000032   PRD1$period
00000032   _EVENT50
00000033   EVENT51
00000033   _EVENT51
00000034   EVENT52
00000034   _EVENT52
00000035   EVENT53
00000035   _EVENT53
00000036   EVENT54
00000036   _EVENT54
00000037   EVENT55
00000037   _EVENT55
00000038   EVENT56
00000038   _EVENT56
00000039   EVENT57
00000039   _EVENT57
0000003a   EVENT58
0000003a   _EVENT58
0000003b   EVENT59
0000003b   _EVENT59
0000003c   EVENT60
0000003c   _EVENT60
0000003d   EVENT61
0000003d   _EVENT61
0000003e   EVENT62
0000003e   GBL_DSPTYPE
0000003e   _EVENT62
0000003f   EVENT63
0000003f   _EVENT63
00000040   EVENT64
00000040   HST_MAXFRAMESET
00000040   RTA_toHost$framesize
00000040   _EVENT64
00000041   EVENT65
00000041   _EVENT65
00000042   EVENT66
00000042   GBL_FOOTPRINT
00000042   _EVENT66
00000043   EVENT67
00000043   _EVENT67
00000044   EVENT68
00000044   _EVENT68
00000045   EVENT69
00000045   _EVENT69
00000046   EVENT70
00000046   _EVENT70
00000047   EVENT71
00000047   _EVENT71
00000048   EVENT72
00000048   _EVENT72
00000049   EVENT73
00000049   _EVENT73
0000004a   EVENT74
0000004a   _EVENT74
0000004b   EVENT75
0000004b   _EVENT75
0000004c   EVENT76
0000004c   _EVENT76
0000004d   EVENT77
0000004d   _EVENT77
0000004e   EVENT78
0000004e   _EVENT78
0000004f   EVENT79
0000004f   _EVENT79
00000050   EVENT80
00000050   _EVENT80
00000051   EVENT81
00000051   _EVENT81
00000052   EVENT82
00000052   _EVENT82
00000053   EVENT83
00000053   _EVENT83
00000054   EVENT84
00000054   _EVENT84
00000055   EVENT85
00000055   _EVENT85
00000056   EVENT86
00000056   _EVENT86
00000057   EVENT87
00000057   _EVENT87
00000058   EVENT88
00000058   _EVENT88
00000059   EVENT89
00000059   _EVENT89
0000005a   EVENT90
0000005a   _EVENT90
0000005b   EVENT91
0000005b   _EVENT91
0000005c   EVENT92
0000005c   _EVENT92
0000005d   EVENT93
0000005d   _EVENT93
0000005e   EVENT94
0000005e   _EVENT94
0000005f   EVENT95
0000005f   _EVENT95
00000060   EVENT96
00000060   _EVENT96
00000061   EVENT97
00000061   _EVENT97
00000062   EVENT98
00000062   _EVENT98
00000063   EVENT99
00000063   _EVENT99
00000064   EVENT100
00000064   PIP_OBJSIZE
00000064   _EVENT100
00000065   EVENT101
00000065   _EVENT101
00000066   EVENT102
00000066   _EVENT102
00000067   EVENT103
00000067   _EVENT103
00000068   EVENT104
00000068   _EVENT104
00000069   EVENT105
00000069   _EVENT105
0000006a   EVENT106
0000006a   _EVENT106
0000006b   EVENT107
0000006b   _EVENT107
0000006c   EVENT108
0000006c   _EVENT108
0000006d   EVENT109
0000006d   _EVENT109
0000006e   EVENT110
0000006e   _EVENT110
0000006f   EVENT111
0000006f   _EVENT111
00000070   EVENT112
00000070   _EVENT112
00000071   EVENT113
00000071   _EVENT113
00000072   EVENT114
00000072   _EVENT114
00000073   EVENT115
00000073   _EVENT115
00000074   EVENT116
00000074   _EVENT116
00000075   EVENT117
00000075   _EVENT117
00000076   EVENT118
00000076   _EVENT118
00000077   EVENT119
00000077   _EVENT119
00000078   EVENT120
00000078   _EVENT120
00000079   EVENT121
00000079   _EVENT121
0000007a   EVENT122
0000007a   _EVENT122
0000007b   EVENT123
0000007b   _EVENT123
0000007c   EVENT124
0000007c   _EVENT124
0000007d   EVENT125
0000007d   _EVENT125
0000007e   EVENT126
0000007e   _EVENT126
0000007f   EVENT127
0000007f   _EVENT127
000000a7   PRD3$period
000000ff   HST_MAXFRAMEALLOWED
000001f4   PRD0$period
000001f4   PRD2$period
00000200   LOG_system$size
000003e8   CLK_MICROSECS
00000400   HST_DSMMEMSIZE
00000400   TSK_STACKSIZE
00000400   __STACK_SIZE
00000400   trace$size
00000408   RTDX_BUFMEMSIZE
00001a5b   GBL_CLKTYPE
00001a5c   GBL_DSPSUBTYPE
00002000   IRAM$L
00002000   _IRAM_length
00004000   CLK_INTBIT
00004e20   GBL_CLKIN
00005205   GBL_A_VERSION
00005828   HWI_CFGDISPATCHED
00005828   _HWI_CFGDISPATCHED
00005dc0   CLK_INPUTCLK
00005dc0   CLK_PRD
00005dc0   _CLK_PRD
0000dbef   GBL_TRCMASKVALUE
000493e0   CLK_COUNTSPMS
000493e0   CLK_HTIMEPERLTIME
000493e0   CLK_LTIMEMULT
000493e0   GBL_FREQ
000493e0   _CLK_COUNTSPMS
01c20000   CLK_REGS
01c20000   _CLK_REGS
07063d04   HWI_INTRMUX1
0b0a0908   HWI_INTRMUX2
11800000   .data
11800000   _LP_B
11800000   ___data__
11800000   ___edata__
11800000   edata
11800030   _LP_A
11800060   _BP_B
118000a8   _BP_A
118000f0   _HP_B
11800120   _HP_A
11800150   _x_lp
11800180   _y_lp
118001b0   _x_bp
118001f8   _y_bp
11800240   _x_hp
11800288   _y_hp
118002d0   _buffer
1181f6d0   __ftable
1181f8b0   __tmpnams
1181f9f0   __ft_end
1181f9f4   _CLK_inputClock
1181f9f8   ___atexit_func_id__
1181fca0   _KNL_queues
1181fd40   _KNL_dummy
1181fe48   _TSK_ATTRS
1181fe64   _TSK_config
1181fe84   _TSK_timerSem
1181fea4   _dtors
1181fea8   _OBJ_table
1181fee0   _OBJ_segtab
1181fefc   __TSK_mutex
1181ff24   __MEM_mutex
1181ff50   _SYS_exitStack
1181ff88   _EXC_status
1181ffb4   __cleanup_ptr
1181ffb8   __dtors_ptr
1181ffbc   ___TI_enable_exit_profile_output
1181ffc0   __lock
1181ffc4   __unlock
1181ffc8   RTA_fromHost$buf
1181ffd8   CLK_A_TABBEG
1181ffd8   PRD_clock
1181ffd8   _PRD_clock
1181ffdc   CLK_null
1181ffe0   .text
1181ffe0   ___text__
1181ffe0   _main
11820138   _iir_filter_lp
118204b4   _iir_filter_hp
11820810   _iir_filter_bp
11820d48   _get_buffer
11820f00   _flash_LED_rec
11820f58   _flash_LED_playback
11820f98   _flash_LED_filtering
11820fec   _dipPRD
118210b4   _add_to_buffer
118210e8   _audioHWI
11821160   _EVMC6748_init
1182118c   _EVMC6748_initRAM
11821348   _EVMC6748_enableDsp
11821374   _EVMC6748_pinmuxConfig
11821410   _EVMC6748_lpscTransition
118217e8   _config_pll0
11821a24   _config_pll1
11821c08   _UTIL_printMem
11821d60   _UTIL_isUIBoardAttached
11821d80   _write_audio_sample
11821d90   _read_audio_sample
11821da4   _SetGpio
11821dcc   _McASP_Init
11821ef4   _AIC3106_writeRegister
11821f2c   _AIC3106_Init
11821fe0   _McASP_Start
11822360   _initAll
118223cc   _USTIMER_delay
11822460   _AIC3106_readRegister
118224e0   __divd
11823540   _I2CGPIO_init
11823614   _I2CGPIO_getInput
11823730   _I2CGPIO_getInputAll
11823840   _I2CGPIO_setOutput
11823988   _I2CGPIO_setOutputAll
11823a20   __printfi
11823e60   _GPIO_setDir
11823ed8   _GPIO_getInput
11823f4c   _GPIO_setOutput
11823fcc   _GPIO_toggleLoop
118241e0   _I2C_init
118242cc   _I2C_read
11824428   _I2C_write
11824560   _fputs
11825320   __divull
11825e40   _LED_init
11825e8c   _LED_isOn
11825ef4   _LED_turnOn
11825f44   _LED_turnOff
11825f8c   _LED_toggle
118261e0   __divul
11826380   _HOSTrename
11826500   _setvbuf
11826680   _DIP_init
118266a4   _DIP_get
11826708   _DIP_getAll
11826920   _fputc
11826920   _putc
11826ba0   _fclose
11826cc0   _HOSTlseek
11826ec0   __wrt_ok
11826fc0   _call_dtors
118270c0   _HOSTopen
118271a0   _HOSTread
11827280   _atoi
11827360   _close
11827440   _memset
11827520   _HOSTunlink
118275e0   _HOSTwrite
118276a0   __cleanup
11827820   __c6xabi_divu
11827820   __divu
118278e0   __doflush
118279a0   __c6xabi_remi
118279a0   __remi
11827a60   _atexit
11827b20   _fseek
11827be0   _lseek
11827ca0   _ltoa
11827d60   _write
11827ee0   _HOSTclose
11827f80   __divli
11828160   __fixdli
11828340   _memcpy
118283e0   __fltlid
11828460   __llshl
118284e0   _printf
11828560   _readmsg
118285e0   _unlink
11828660   __subcull
118286c0   _memccpy
11828720   _writemsg
11828778   C$$IO$$
11828780   ___add_dtor
118287c0   ___isinf
11828840   __frcmpyd_div
11828880   __llshru
118288c0   __remli
11828900   __negll
11828920   __nop
11828980   __register_lock
118289a0   __register_unlock
118289c0   _remove
118289e0   LNK_F_checkBufferCall
118289e0   ___etext__
118289e0   etext
11828a00   LNK_F_getChanPtr
11828a58   LNK_F_init
11828a60   LNK_F_dataPump
11828a70   LNK_rcloop
11828b34   LNK_rdrtry
11828b44   LNK_rrloop
11828c04   LNK_wrrtry
11828c10   LNK_wrloop
11828ce0   LNK_newin
11828e14   LNK_newout
11828f68   LNK_F_readCallBack
11828fa0   _EXC_nmi
11828fd4   _EXC_internal
11829280   _EXC_init
118292c0   _EXC_getLastStatus
118292e0   _EXC_external
11829314   _EXC_exceptionHandler
118294f0   _EXC_clearLastStatus
11829520   CLK_HOOKFXN
11829520   HWI_F_dispatch
11829520   _HWI_F_dispatch
11829520   __HWI_lat1beg
118296a8   __HWI_lat1end
118296a8   __HWI_lat2beg
11829810   __HWI_lat2end2
11829840   __HWI_lat3end2
11829884   __HWI_lat2end1
118298a0   __HWI_lat3beg
11829a00   SWI_F_enable
11829a00   __SWI_lat3beg
11829a6c   __SWI_lat3end
11829a70   SWI_F_post
11829a70   _SWI_post
11829b78   __SWI_lat1beg
11829be4   SWI_EXECFXN
11829be4   SWI_F_exec
11829c0c   SWI_F_iexec
11829c24   __SWI_lat1end
11829c28   __SWI_lat2beg
11829c88   __SWI_lat2end
11829c8c   SWI_F_run
11829c8c   SWI_RUNFXN
11829ec0   PRD_F_swi
1182a144   PRD_F_tick
1182a240   _free
1182a264   _malloc
1182a2c4   _realloc
1182a3a8   _memalign
1182a46c   _calloc
1182a4c0   RTA_F_getlog
1182a4f8   RTA_F_getsts
1182a538   RTA_F_readblk
1182a554   RTA_F_writeword
1182a560   RTA_F_resetmem
1182a560   __RTA_lat1beg
1182a594   __RTA_lat1end
1182a5a0   RTA_F_dispatch
1182a5ec   RTA_execute
1182a740   _KNL_run
1182a980   _MEM_alloc
1182ad54   PRD_THOOKFXN
1182ad54   _KNL_tick
1182ad80   _MEM_free
1182af60   _EXC_dispatch
1182b124   _EXC_setReturnPtr
1182b140   PIP_F_take
1182b1b8   PIP_F_give
1182b1b8   PIP_F_probe
1182b288   PIP_F_start
1182b320   _SEM_pendEnterKnl
1182b500   __SEM_dopost
1182b6a0   _TSK_setup
1182b840   CLK_F_getltime
1182b850   CLK_F_isr
1182b990   CLK_F_itime
1182b990   _CLK_F_itime
1182b990   _CLK_itime
1182b9b0   __CLK_lat1beg
1182b9d0   __CLK_lat1end
1182b9e0   _KNL_saveIsrFrame
1182ba8c   _KNL_switch
1182bb38   KNL_glue
1182bb60   __auto_init
1182bca0   _TSK_exit
1182bde0   _BCACHE_setSize
1182be24   _BCACHE_setMar
1182be74   _BCACHE_setCacheToSram
1182bea4   _BCACHE_getSize
1182bef4   _BCACHE_getMar
1182bf88   _GBL_cacheInit64P
1182c040   _KNL_check
1182c08c   __KNL_lat1beg
1182c108   _KNL_idle
1182c108   __KNL_lat1end
1182c130   _KNL_max
1182c204   _TSK_startup
1182c280   _SEM_post
1182c280   _SEM_postBinary
1182c360   _KNL_exit
1182c3a0   _KNL_enter
1182c420   _SEM_postEnterKnl
1182c4c0   _SYS_exit
1182c560   _KNL_ipost
1182c5e0   _KNL_post
1182c660   _LCK_post
1182c680   _LCK_pend
1182c6e0   LOG_F_event
1182c6e0   _LOG_event
1182c6e0   __LOG_lat1beg
1182c760   IDL_F_calibrate
1182c7e0   _SYS_error
1182c840   FXN_F_nop
1182c844   FXN_F_run
1182c844   _FXN_F_run
1182c880   FXN_F_zero
1182c880   _FXN_F_zero
1182c8a0   _HWI_disable
1182c8b8   _HWI_enable
1182c8cc   _HWI_restore
1182c900   IDL_F_busy
1182c900   __IDL_lat1beg
1182c940   __IDL_lat1end
1182c960   _SEM_pend
1182c9c0   STS_F_delta
1182c9c0   _STS_delta
1182c9ec   STS_F_add
1182c9ec   _STS_add
1182ca08   STS_F_reset
1182ca08   _STS_reset
1182ca20   _SYS_abort
1182ca80   _CLK_measure
1182cae0   IDL_CALIBRFXN
1182cae0   IDL_F_stub
1182cb20   RTA_F_andn
1182cb38   RTA_F_or
1182cb60   SYS_ABORTFXN
1182cb60   _UTL_doAbort
1182cba0   SYS_PUTCFXN
1182cba0   _UTL_doPutc
1182cbe0   _CLK_countspms
1182cc00   GBL_USERINITFXN
1182cc00   GIO_CREATEFXN
1182cc00   GIO_DELETEFXN
1182cc00   GIO_PENDFXN
1182cc00   GIO_POSTFXN
1182cc00   PWRM_PWRM_SHAREDRESOURCEFXN
1182cc00   PWRM_PWRM_SLOTHOOKFXN
1182cc00   TSK_VCREATEFXN
1182cc00   TSK_VDELETEFXN
1182cc00   TSK_VEXITFXN
1182cc00   _BCACHE_bootInit
1182cc00   _FXN_F_nop
1182cc20   _GBL_getVersion
1182cc40   IDL_F_loop
1182cc40   _IDL_loop
1182cc60   _LOG_printf
1182cc80   _STS_set
1182cca0   SYS_ERRORFXN
1182cca0   _UTL_doError
1182ccc0   SYS_EXITFXN
1182ccc0   _UTL_halt
1182cce0   CLK_F_gethtime
1182cce0   CLK_TIMEFXN
1182cce0   _CLK_gethtime
1182cd00   IRAM$B
1182cd00   _IRAM_base
1182ed00   ___cinit__
1182ed00   cinit
118301a0   BIOS_init
118301a0   _BIOS_init
11830324   BIOS$$CLKON
11830364   BIOS$$CLKOFF
118303d0   BIOS_start
118303d0   _BIOS_start
11830520   _c_int00
118305e0   _MEM_init
118306a0   _TSK_init
11830700   RTA_toHost$buf
11830800   LOG_system$buf
11831000   trace$buf
11832000   _HSRTDX_rec
118322a0   _RTDX_Buffer_WriteCB
11832760   _HSRTDX_xmt
11832a60   _RTDX_Mon_Queue
11832cc0   _RTDX_Poll
11832d60   _RTDX_Final_RT_Monitor
11832de0   _RTDX_Buffer_Initialize
11832e40   _RTDX_Init_RT_Monitor
11832ea0   _RTDX_Buffer_ReadCB
11832ee0   _RTDX_Buffer_Size
11832f20   _RTDX_memfill
11832f60   _RTDX_Buffer_Read
11832f80   _RTDX_Buffer_Write
11832fa0   _RTDX_Mask_IER
11833040   _RTDX_Buffer
11833448   _RTDX_Buffer_Start
1183344c   _RTDX_Buffer_End
11833450   _rtdx_mon_state
11833494   _rtdx_buffer_state
118334a0   _RTDX_writing
11833650   __ctypes_
11833758   _bitval_u32
118338e9   PRD0$sts$maxfmt
118338f0   TSK_idle$stack
118338f2   PRD0$sts$sumfmt
118338fb   PRD0$sts$avgfmt
11833906   PRD1$sts$maxfmt
1183390f   PRD1$sts$sumfmt
11833918   PRD1$sts$avgfmt
11833923   PRD2$sts$maxfmt
1183392c   PRD2$sts$sumfmt
11833935   PRD2$sts$avgfmt
11833940   PRD3$sts$maxfmt
11833949   PRD3$sts$sumfmt
11833952   PRD3$sts$avgfmt
1183395d   KNL_swi$sts$maxfmt
11833965   KNL_swi$sts$sumfmt
1183396d   KNL_swi$sts$avgfmt
11833977   PRD_swi$sts$maxfmt
1183397f   PRD_swi$sts$sumfmt
11833987   PRD_swi$sts$avgfmt
11833991   TSK_idle$sts$maxfmt
11833999   TSK_idle$sts$sumfmt
118339a1   TSK_idle$sts$avgfmt
118339ab   IDL_busyObj$maxfmt
118339ae   IDL_busyObj$sumfmt
118339b1   IDL_busyObj$avgfmt
11833c88   TSK_idle$stkptr
11833cf0   GBL_stackbeg
11833cf0   _HWI_STKTOP
11833cf0   __stack
118340e8   _HWI_STKBOTTOM
118340ef   GBL_stackend
118340f0   $bss
118340f0   .bss
118340f0   _HWI_dispatchTab
118340f0   __STACK_END
118340f0   ___bss__
118341f0   IDL_D_tabbeg
118341f4   IDL_D_calibrate
118341f8   IDL_D_calbeg
118341fc   LOG_D_system
118341fc   _LOG_D_system
11834200   PIP_D_tabbeg
11834204   PIP_D_tablen
11834208   CLK_R_time
1183420c   CLK_D_timefxn
11834210   CLK_D_tabbeg
11834214   CLK_D_isrhook
11834218   CLK_D_idletime
1183421c   _CLK_htimeDiv
11834220   _CLK_htimeMult
11834224   _CLK_ltimeDiv
11834228   _CLK_ltimeMult
1183422c   _CLK_D_dirty
11834230   _CLK_D_prd
11834234   _CLK_D_tddr
11834238   _CLK_D_countspms
1183423c   PRD_D_tick
1183423c   _PRD_D_tick
11834240   PRD_D_cur
11834244   PRD_D_elapsed
11834248   PRD_D_prevtim
1183424c   PRD_D_scalar
11834250   PRD_D_swihandle
11834254   PRD_D_tabbeg
11834258   PRD_D_tablen
1183425c   PRD_D_thook
11834260   RTA_D_fromHost
11834264   RTA_D_toHost
11834268   RTA_D_logval
11834278   RTA_D_stsval
11834284   HST_D_chanmask
11834288   HST_D_tabbeg
1183428c   HST_D_tabend
11834290   _GBL_procId
11834294   _GBL_clkIn
11834298   _GBL_freq
1183429c   _MEM_D_NUMSEGMENTS
118342a0   _MEM_D_memtab
118342a4   _MEM_D_freelist
118342a8   _MEM_D_lockaddr
118342ac   _MEM_D_unlockaddr
118342b0   _SYS
118342b4   __HOOK_knlId
118342b8   __HOOK_NUMHOOKS
118342bc   SWI_D_runaddr
118342bc   _SWI_D_runaddr
118342bc   _SWI_data
118342c0   SWI_D_execaddr
118342c0   _SWI_D_execaddr
118342c4   SWI_D_curmask
118342c4   _SWI_D_curmask
118342c8   SWI_D_curset
118342c8   _SWI_D_curset
118342cc   SWI_D_lock
118342cc   _SWI_D_lock
118342d0   SWI_D_curmbox
118342d4   SWI_D_curfxn
118342d4   _SWI_D_curfxn
118342d8   SWI_D_rdybeg
118342d8   _SWI_D_rdybeg
118342dc   SWI_D_inswi
118342dc   _SWI_D_inswi
118342e0   SWI_D_rdytab
11834358   _this
1183435c   _sw1
1183435e   _sw2
11834360   _sw6
11834362   _sw7
11834364   _sw8
11834366   _index_lp
11834368   _index_bp
1183436a   _index_hp
1183436c   _past_idx
1183436e   _buffer_len
11834370   _n
11834372   _m
11834374   _i
11834376   _n_temp
11834378   _out_lp
1183437c   _out_bp
11834380   _out_hp
11834384   _j
11834386   _k
11834388   _B
1183438c   _sample_temp
11834390   _index_lp_T
11834394   _start_t
11834398   _end_t
1183439c   _duration
118343a0   _dur
118343a4   _KNL_wFlag
118343a8   _KNL_wList
118343ac   _KNL_alarm
118343b0   _KNL_setpri
118343b4   _KNL_inactive
118343b8   _KNL_priority
118343bc   _KNL_set
118343c0   _KNL_curtask
118343c4   _KNL_prevtask
118343c8   _KNL_curtime
118343cc   _KNL_swiptr
118343d0   _KNL_curqueue
118343d4   _KNL_maxqueue
118343d8   _KNL_tswitchfxn
118343dc   _KNL_tcreatefxn
118343e0   _KNL_tdeletefxn
118343e4   _KNL_treadyfxn
118343e8   _KNL_idlefxn
118343ec   _MEM_memtab
118343f8   HST_DSMBUFSEG
118343f8   IRAM
118343f8   MEM_MALLOCSEG
118343f8   MEM_SEGZERO
118343f8   RTDX_DATAMEMSEG
118343f8   _IRAM
118343f8   _SEG0
118343fc   RTA_fromHost$pipe$dtab
11834408   RTA_toHost$pipe$dtab
11834414   _CLK_htimePerLtime
11834418   _EXC_sysTrapTable
11834420   _EXC_returnPtr
11834438   HWI_D_spsave
11834438   _HWI_D_spsave
11834438   _HWI_data
11834444   _HWI_D_inhwi
11834448   HWI_D_bss
1183444c   HWI_D_ccmask
11834450   LNK_dspFrameRequestMask
11834450   _LNK_dspFrameRequestMask
11834454   LNK_dspFrameReadyMask
11834454   _LNK_dspFrameReadyMask
11834458   LNK_readPend
11834458   _LNK_readPend
1183445c   LNK_readDone
1183445c   _LNK_readDone
11834460   LNK_readFail
11834460   _LNK_readFail
11834464   LNK_writeFail
11834464   _LNK_writeFail
11834468   _EXC_exceptionHook
1183446c   _EXC_internalHook
11834470   _EXC_externalHook
11834474   _EXC_nmiHook
11834480   _rtdxNullChanCnt
11834484   _rtdxNullFuncCnt
11834488   _rtdxXmtNotDoneCnt
1183448c   _rtdxRecNotDoneCnt
11834490   _rtdxXmtRestartCnt
11834494   _rtdxXmtErrorCnt
11834498   _TSK_nTasks
1183449c   _TSK_pid
118344a0   _TSK
118344a4   _CLK_DFLTMICROSECS
118344a8   _CLK_D_microseconds
118344ac   _SYS_exitStackPtr
118344b0   _SYS_exitStackTop
118344b4   IDL_D_busyObj
118344b8   _MEM
118344c0   _SYS_PUTCBEG
118344c0   ___end__
118344c0   end
118346bf   _SYS_PUTCEND
118346c0   __CIOBUF_
118347e0   IDL_A_TABBEG
118347e0   IDL_cpuLoad
118347e0   _IDL_cpuLoad
118347e4   LNK_dataPump
118347e4   _LNK_dataPump
118347e8   RTA_dispatcher
118347e8   _RTA_dispatcher
118347ec   IDL_END
118347f0   IDL_A_CALBEG
118347f0   IDL_cpuLoad$
118347f4   LNK_dataPump$
118347f8   RTA_dispatcher$
118347fc   IDL_END$
11834800   HWI_A_VECS
11834800   hwi0
11834820   hwi1
11834840   hwi2
11834860   hwi3
11834880   hwi4
118348a0   hwi5
118348c0   hwi6
118348e0   hwi7
11834900   hwi8
11834920   hwi9
11834940   hwi10
11834960   hwi11
11834980   hwi12
118349a0   hwi13
118349c0   hwi14
118349e0   hwi15
11834a00   PIP_A_TABBEG
11834a00   RTA_fromHost$pipe
11834a00   _PIP_A_TABBEG
11834a04   RTA_fromHost$pipe$rd
11834a30   RTA_fromHost$pipe$aaa
11834a34   RTA_fromHost$pipe$wr
11834a60   RTA_fromHost$pipe$bbb
11834a64   RTA_toHost$pipe
11834a68   RTA_toHost$pipe$rd
11834a94   RTA_toHost$pipe$aaa
11834a98   RTA_toHost$pipe$wr
11834ac4   RTA_toHost$pipe$bbb
11834ac8   PIP_A_TABEND
11834ac8   PRD0
11834ac8   PRD_A_TABBEG
11834ac8   _PIP_A_TABEND
11834ac8   _PRD0
11834ae4   PRD0$aaa
11834ae8   PRD1
11834ae8   _PRD1
11834b04   PRD1$aaa
11834b08   PRD2
11834b08   _PRD2
11834b24   PRD2$aaa
11834b28   PRD3
11834b28   _PRD3
11834b44   PRD3$aaa
11834b48   PRD0$sts$stsobj
11834b48   PRD_A_TABEND
11834b48   STS_A_TABBEG
11834b48   _STS_A_TABBEG
11834b4c   PRD0$sts
11834b58   PRD1$sts$stsobj
11834b5c   PRD1$sts
11834b68   PRD2$sts$stsobj
11834b6c   PRD2$sts
11834b78   PRD3$sts$stsobj
11834b7c   PRD3$sts
11834b88   KNL_swi$sts$stsobj
11834b8c   KNL_swi$sts
11834b98   PRD_swi$sts$stsobj
11834b9c   PRD_swi$sts
11834ba8   TSK_idle$sts$stsobj
11834bac   TSK_idle$sts
11834bb8   IDL_busyObj$stsobj
11834bbc   IDL_busyObj
11834bbc   _IDL_busyObj
11834bc8   STS_A_TABEND
11834bc8   _STS_A_TABEND
11834bd4   TSK_idle
11834bd4   _TSK_idle
11834c28   KNL_swi
11834c28   SWI_A_TABBEG
11834c28   _KNL_swi
11834c54   PRD_SWIHANDLE
11834c54   PRD_swi
11834c54   _PRD_swi
11834c80   SWI_A_TABEND
11834d10   HST_A_TABBEG
11834d10   _HST_A_TABBEG
11834d14   RTA_fromHost
11834d14   _RTA_fromHost
11834d1c   RTA_fromHost$rtdx
11834d30   RTA_toHost
11834d30   _RTA_toHost
11834d38   RTA_toHost$rtdx
11834d4c   HST_A_TABEND
11834d4c   LOG_A_TABBEG
11834d4c   LOG_system
11834d4c   _HST_A_TABEND
11834d4c   _LOG_A_TABBEG
11834d4c   _LOG_system
11834d64   _trace
11834d64   trace
11834d7c   LOG_A_TABEND
11834d7c   SYS$config
11834d7c   _LOG_A_TABEND
11834d8c   ___pinit__
11834d8c   pinit
11834d98   TRC_cinit
11834d9c   TRC_R_mask
11834d9c   _TRC_R_mask
11834da0   GBL_initdone
28040d0c   HWI_INTRMUX3
ffffffff   CACHE_L1D
ffffffff   CACHE_L1P
ffffffff   DDR
ffffffff   ECM_EVTMASK0
ffffffff   ECM_EVTMASK1
ffffffff   ECM_EVTMASK2
ffffffff   ECM_EVTMASK3
ffffffff   GBL_L2MAR192_223
ffffffff   L3_CBA_RAM
ffffffff   _CACHE_L1D
ffffffff   _CACHE_L1P
ffffffff   _DDR
ffffffff   _L3_CBA_RAM
ffffffff   ___TI_pprof_out_hndl
ffffffff   ___TI_prof_data_size
ffffffff   ___TI_prof_data_start
ffffffff   ___binit__
ffffffff   ___c_args__
ffffffff   binit

[1223 symbols]
