******************************************************************************
               TMS320C6x Linker PC v7.3.23                     
******************************************************************************
>> Linked Fri Mar 21 12:55:50 2025

OUTPUT FILE NAME:   <MiniProject.out>
ENTRY POINT SYMBOL: "_c_int00"  address: 11832340


MEMORY CONFIGURATION

         name            origin    length      used     unused   attr    fill
----------------------  --------  ---------  --------  --------  ----  --------
  IRAM                  11800000   00040000  00033e6d  0000c193  RWIX
  CACHE_L1P             11e00000   00008000  00000000  00008000  RWIX
  CACHE_L1D             11f00000   00008000  00000000  00008000  RWIX
  L3_CBA_RAM            80000000   00020000  00000000  00020000  RWIX
  DDR                   c3000000   01000000  00000000  01000000  RWIX


SECTION ALLOCATION MAP

 output                                  attributes/
section   page    origin      length       input sections
--------  ----  ----------  ----------   ----------------
.vers      0    00000000    0000003c     COPY SECTION
                  00000000    0000003c     hellocfg.obj (.vers)

.data      0    11800000    00000000     UNINITIALIZED

.far       0    11800000    0001ff28     UNINITIALIZED
                  11800000    0001f62c     main.obj (.far)
                  1181f62c    00000004     bios6748.a674 : clk_data.o674 (.far)
                  1181f630    00000324     rts6740.lib : defs.obj (.far)
                  1181f954    00000004                 : fopen.obj (.far)
                  1181f958    00000188                 : atexit.obj (.far)
                  1181fae0    0000011c                 : lowlev.obj (.far)
                  1181fbfc    00000004                 : sinit.obj (.far)
                  1181fc00    000000d8     bios.a674 : knl.o674 (.far)
                  1181fcd8    000000d0     rts6740.lib : trgdrv.obj (.far)
                  1181fda8    0000005c     bios.a674 : tsk.o674 (.far)
                  1181fe04    00000004     --HOLE--
                  1181fe08    00000054               : obj_init.o674 (.far)
                  1181fe5c    00000050               : tsk_stup.o674 (.far)
                  1181feac    00000004     --HOLE--
                  1181feb0    00000020               : sys.o674 (.far)
                  1181fed0    00000018     rtdx64xplus.lib : rtdx_mon.o64P (.far)
                  1181fee8    00000010     bios.a674 : exc.o674 (.far)
                  1181fef8    00000010               : knl_tick.o674 (.far)
                  1181ff08    0000000c               : utl_putc.o674 (.far)
                  1181ff14    0000000c     rts6740.lib : exit.obj (.far)
                  1181ff20    00000008                 : _lock.obj (.far)

.hst1      0    1181ff28    00000010     UNINITIALIZED
                  1181ff28    00000010     hellocfg.obj (.hst1)

.clk       0    1181ff38    00000008     UNINITIALIZED
                  1181ff38    00000008     hellocfg.obj (.clk)

.text      0    1181ff40    00007ca0     
                  1181ff40    00000c20     evmc6748_bsl.lib : evmc6748.obj (.text)
                  11820b60    00000620     framework.obj (.text)
                  11821180    000005a0     rts6740.lib : divd.obj (.text:__divd)
                  11821720    00000580                 : _printfi.obj (.text:__getarg_diouxp)
                  11821ca0    00000560     main.obj (.text)
                  11822200    00000540     rts6740.lib : _printfi.obj (.text:__setfield)
                  11822740    000004e0     evmc6748_bsl.lib : evmc6748_i2c_gpio.obj (.text)
                  11822c20    00000440     rts6740.lib : _printfi.obj (.text:__printfi)
                  11823060    00000380     evmc6748_bsl.lib : evmc6748_gpio.obj (.text)
                  118233e0    00000380                      : evmc6748_i2c.obj (.text)
                  11823760    00000300     rts6740.lib : fputs.obj (.text:_fputs)
                  11823a60    000002c0                 : _printfi.obj (.text:__pproc_fge)
                  11823d20    000002c0                 : _printfi.obj (.text:__pproc_fwp)
                  11823fe0    000002a0                 : _printfi.obj (.text:_ecvt)
                  11824280    000002a0                 : _printfi.obj (.text:_fcvt)
                  11824520    00000260                 : imath64.obj (.text:__divull)
                  11824780    00000260                 : _printfi.obj (.text:__pconv_e)
                  118249e0    00000240                 : _printfi.obj (.text:__pproc_diouxp)
                  11824c20    00000220                 : _printfi.obj (.text:__pproc_str)
                  11824e40    00000200                 : _printfi.obj (.text:__pconv_g)
                  11825040    000001e0     evmc6748_bsl.lib : evmc6748_led.obj (.text)
                  11825220    000001c0     rts6740.lib : _printfi.obj (.text:__mcpy)
                  118253e0    000001a0                 : imath40.obj (.text:__divul)
                  11825580    00000180                 : trgdrv.obj (.text:_HOSTrename)
                  11825700    00000180                 : setvbuf.obj (.text:_setvbuf)
                  11825880    00000160     evmc6748_bsl.lib : evmc6748_dip.obj (.text)
                  118259e0    00000140     rts6740.lib : _printfi.obj (.text:__pproc_fflags)
                  11825b20    00000140                 : fputc.obj (.text:_fputc)
                  11825c60    00000140                 : lowlev.obj (.text:_getdevice)
                  11825da0    00000120                 : fclose.obj (.text:_fclose)
                  11825ec0    00000100                 : trgdrv.obj (.text:_HOSTlseek)
                  11825fc0    00000100                 : _printfi.obj (.text:__ltostr)
                  118260c0    00000100                 : _io_perm.obj (.text:__wrt_ok)
                  118261c0    00000100                 : sinit.obj (.text:_call_dtors)
                  118262c0    000000e0                 : trgdrv.obj (.text:_HOSTopen)
                  118263a0    000000e0                 : trgdrv.obj (.text:_HOSTread)
                  11826480    000000e0                 : atoi.obj (.text:_atoi)
                  11826560    000000e0                 : lowlev.obj (.text:_close)
                  11826640    000000e0                 : memset.obj (.text:_memset)
                  11826720    000000c0                 : trgdrv.obj (.text:_HOSTunlink)
                  118267e0    000000c0                 : trgdrv.obj (.text:_HOSTwrite)
                  118268a0    000000c0                 : fopen.obj (.text:__cleanup)
                  11826960    000000c0                 : _printfi.obj (.text:__div)
                  11826a20    000000c0                 : divu.obj (.text:__divu)
                  11826ae0    000000c0                 : fflush.obj (.text:__doflush)
                  11826ba0    000000c0                 : remi.obj (.text:__remi)
                  11826c60    000000c0                 : atexit.obj (.text:_atexit)
                  11826d20    000000c0                 : fseek.obj (.text:_fseek)
                  11826de0    000000c0                 : lowlev.obj (.text:_lseek)
                  11826ea0    000000c0                 : ltoa.obj (.text:_ltoa)
                  11826f60    000000c0                 : lowlev.obj (.text:_write)
                  11827020    000000c0     bios.a674 : tsk_stup.o674 (.text)
                  118270e0    000000a0     rts6740.lib : trgdrv.obj (.text:_HOSTclose)
                  11827180    000000a0                 : imath40.obj (.text:__divli)
                  11827220    000000a0                 : _printfi.obj (.text:__ecpy)
                  118272c0    000000a0                 : _printfi.obj (.text:__fcpy)
                  11827360    000000a0                 : fixdli.obj (.text:__fixdli)
                  11827400    000000a0                 : _printfi.obj (.text:__pconv_f)
                  118274a0    000000a0                 : lowlev.obj (.text:_finddevice)
                  11827540    000000a0                 : memcpy64.obj (.text:_memcpy)
                  118275e0    00000080                 : fltlid.obj (.text:__fltlid)
                  11827660    00000080                 : llshift.obj (.text:__llshl)
                  118276e0    00000080                 : printf.obj (.text:_printf)
                  11827760    00000080                 : trgmsg.obj (.text:_readmsg)
                  118277e0    00000080                 : lowlev.obj (.text:_unlink)
                  11827860    00000060                 : imath64.obj (.text:__subcull)
                  118278c0    00000060                 : memccpy.obj (.text:_memccpy)
                  11827920    00000060                 : trgmsg.obj (.text:_writemsg)
                  11827980    00000040                 : sinit.obj (.text:___add_dtor)
                  118279c0    00000040                 : isinf.obj (.text:___isinf)
                  11827a00    00000040                 : _printfi.obj (.text:___isnan)
                  11827a40    00000040                 : frcmpyd_div.obj (.text:__frcmpyd_div)
                  11827a80    00000040                 : llshift.obj (.text:__llshru)
                  11827ac0    00000040                 : imath40.obj (.text:__remli)
                  11827b00    00000020                 : negll.obj (.text:__negll)
                  11827b20    00000020                 : _lock.obj (.text:__nop)
                  11827b40    00000020                 : printf.obj (.text:__outc)
                  11827b60    00000020                 : printf.obj (.text:__outs)
                  11827b80    00000020                 : _lock.obj (.text:__register_lock)
                  11827ba0    00000020                 : _lock.obj (.text:__register_unlock)
                  11827bc0    00000020                 : remove.obj (.text:_remove)

.bios      0    11827be0    000042e0     
                  11827be0    000005c0     lnkrtdx.a674 : rtdx.o674 (.bios)
                  118281a0    00000580     bios.a674 : exc.o674 (.bios)
                  11828720    000004e0               : hwi_disp_asm.o674 (.bios)
                  11828c00    000004c0               : swi.o674 (.bios)
                  118290c0    00000380               : prd.o674 (.bios)
                  11829440    00000280               : malloc.o674 (.bios)
                  118296c0    00000280               : rta.o674 (.bios)
                  11829940    00000240               : knl_run.o674 (.bios)
                  11829b80    00000200               : mem_allo.o674 (.bios:.near)
                  11829d80    00000200               : knl_tick.o674 (.bios)
                  11829f80    000001e0               : mem_free.o674 (.bios:.near)
                  1182a160    000001e0               : exc_asm.o674 (.bios)
                  1182a340    000001e0               : pip.o674 (.bios)
                  1182a520    000001e0               : sem_pend.o674 (.bios)
                  1182a700    000001a0               : sem_dopo.o674 (.bios)
                  1182a8a0    000001a0               : tsk_setu.o674 (.bios)
                  1182aa40    000001a0     bios6748.a674 : clk.o674 (.bios)
                  1182abe0    00000180     bios.a674 : knl_swit.o674 (.bios)
                  1182ad60    00000140               : autoinit.o674 (.bios)
                  1182aea0    00000140               : tsk_exit.o674 (.bios)
                  1182afe0    00000140     bios6748.a674 : bcache_init.o674 (.bios)
                  1182b120    00000120     bios.a674 : gbl_cacheinit64P.o674 (.bios)
                  1182b240    00000120               : knl_chec.o674 (.bios)
                  1182b360    00000120               : tsk_stup.o674 (.bios)
                  1182b480    000000e0               : sem_post_asm.o674 (.bios)
                  1182b560    000000c0               : knl_exit.o674 (.bios)
                  1182b620    000000a0               : sem_post.o674 (.bios)
                  1182b6c0    000000a0               : sys_exit.o674 (.bios)
                  1182b760    00000080               : knl_ipos.o674 (.bios)
                  1182b7e0    00000080               : knl_post.o674 (.bios)
                  1182b860    00000080               : lck.o674 (.bios)
                  1182b8e0    00000080               : log.o674 (.bios)
                  1182b960    00000080     bios6748.a674 : idl_cal.o674 (.bios)
                  1182b9e0    00000060     bios.a674 : sys_erro.o674 (.bios:.near)
                  1182ba40    00000060               : fxn.o674 (.bios)
                  1182baa0    00000060               : hwi_c.o674 (.bios)
                  1182bb00    00000060               : idl_busy.o674 (.bios)
                  1182bb60    00000060               : sem_pend_counting.o674 (.bios)
                  1182bbc0    00000060               : sts.o674 (.bios)
                  1182bc20    00000060               : sys_abor.o674 (.bios)
                  1182bc80    00000060     bios6748.a674 : clk_meas.o674 (.bios)
                  1182bce0    00000040     bios.a674 : idl_stub.o674 (.bios)
                  1182bd20    00000040               : rta_andn.o674 (.bios)
                  1182bd60    00000040               : utl_doab.o674 (.bios)
                  1182bda0    00000040               : utl_putc.o674 (.bios)
                  1182bde0    00000020               : fxn_c.o674 (.bios)
                  1182be00    00000020               : gbl_vers.o674 (.bios)
                  1182be20    00000020               : idl.o674 (.bios)
                  1182be40    00000020               : sts_set.o674 (.bios)
                  1182be60    00000020               : utl_doer.o674 (.bios)
                  1182be80    00000020               : utl_halt.o674 (.bios)
                  1182bea0    00000020     bios6748.a674 : clk_gethtime.o674 (.bios)

.IRAM$heap 
*          0    1182bec0    00002000     UNINITIALIZED
                  1182bec0    00002000     --HOLE--

.cinit     0    1182dec0    000013ec     
                  1182dec0    000007cc     hellocfg.obj (.cinit)
                  1182e68c    00000004     --HOLE-- [fill = 0]
                  1182e690    0000026c     bios.a674 : biosdata.o674 (.cinit)
                  1182e8fc    00000004     --HOLE-- [fill = 0]
                  1182e900    0000026c     main.obj (.cinit)
                  1182eb6c    00000004     --HOLE-- [fill = 0]
                  1182eb70    000001a4     bios.a674 : knl.o674 (.cinit)
                  1182ed14    00000004     --HOLE-- [fill = 0]
                  1182ed18    000000b0               : swi.o674 (.cinit)
                  1182edc8    00000080               : tsk.o674 (.cinit)
                  1182ee48    00000068     rtdx64xplus.lib : rtdx_mon.o64P (.cinit)
                  1182eeb0    00000060     bios.a674 : tsk_stup.o674 (.cinit)
                  1182ef10    0000005c     lnkrtdx.a674 : rtdx.o674 (.cinit)
                  1182ef6c    00000004     --HOLE-- [fill = 0]
                  1182ef70    0000005c     rts6740.lib : defs.obj (.cinit)
                  1182efcc    00000004     --HOLE-- [fill = 0]
                  1182efd0    0000005c                 : lowlev.obj (.cinit)
                  1182f02c    00000004     --HOLE-- [fill = 0]
                  1182f030    0000004c     bios.a674 : rta.o674 (.cinit)
                  1182f07c    00000004     --HOLE-- [fill = 0]
                  1182f080    0000004c     rtdx64xplus.lib : buffer1.o64P (.cinit)
                  1182f0cc    00000004     --HOLE-- [fill = 0]
                  1182f0d0    0000003c     bios.a674 : exc.o674 (.cinit)
                  1182f10c    00000004     --HOLE-- [fill = 0]
                  1182f110    00000034               : hwi.o674 (.cinit)
                  1182f144    00000004     --HOLE-- [fill = 0]
                  1182f148    0000002c               : utl_putc.o674 (.cinit)
                  1182f174    00000004     --HOLE-- [fill = 0]
                  1182f178    0000002c     rts6740.lib : exit.obj (.cinit)
                  1182f1a4    00000004     --HOLE-- [fill = 0]
                  1182f1a8    00000024     bios.a674 : obj_init.o674 (.cinit)
                  1182f1cc    00000004     --HOLE-- [fill = 0]
                  1182f1d0    0000001c               : exc_asm.o674 (.cinit)
                  1182f1ec    00000004     --HOLE-- [fill = 0]
                  1182f1f0    0000001c               : sys.o674 (.cinit)
                  1182f20c    00000004     --HOLE-- [fill = 0]
                  1182f210    0000001c     rts6740.lib : _lock.obj (.cinit)
                  1182f22c    00000004     --HOLE-- [fill = 0]
                  1182f230    0000001c                 : atexit.obj (.cinit)
                  1182f24c    00000004     --HOLE-- [fill = 0]
                  1182f250    00000018     bios.a674 : knl_tick.o674 (.cinit)
                  1182f268    0000000c               : idl_busy.o674 (.cinit)
                  1182f274    00000004     --HOLE-- [fill = 0]
                  1182f278    0000000c               : knl_swit.o674 (.cinit)
                  1182f284    00000004     --HOLE-- [fill = 0]
                  1182f288    0000000c     rts6740.lib : fopen.obj (.cinit)
                  1182f294    00000004     --HOLE-- [fill = 0]
                  1182f298    0000000c                 : sinit.obj (.cinit)
                  1182f2a4    00000004     --HOLE-- [fill = 0]
                  1182f2a8    00000004     (.pad.cinit) [fill = 0]

.idl       0    1182f2ac    00000010     UNINITIALIZED
                  1182f2ac    00000010     hellocfg.obj (.idl)

.args      0    1182f2bc    00000004     
                  1182f2bc    00000004     --HOLE-- [fill = 0]

.rtdx_data 
*          0    1182f2c0    000004f4     UNINITIALIZED
                  1182f2c0    00000080     --HOLE--
                  1182f340    00000410     hellocfg.obj (.rtdx_data)
                  1182f750    00000044     rtdx64xplus.lib : rtdx_mon.o64P (.rtdx_data)
                  1182f794    00000020                     : buffer1.o64P (.rtdx_data)

.gblinit   0    1182f7b4    0000004c     
                  1182f7b4    0000004c     hellocfg.obj (.gblinit)

.LOG_system$buf 
*          0    1182f800    00000800     UNINITIALIZED
                  1182f800    00000800     hellocfg.obj (.LOG_system$buf)

.trace$buf 
*          0    11830000    00001000     UNINITIALIZED
                  11830000    00001000     hellocfg.obj (.trace$buf)

.rtdx_text 
*          0    11831000    00000fc0     
                  11831000    000002a0     rtdx64xplus.lib : rtdx_mon.o64P (.rtdx_text:_HSRTDX_rec)
                  118312a0    00000260                     : buffer1.o64P (.rtdx_text:_RTDX_Buffer_WriteCB)
                  11831500    00000260                     : buffer1.o64P (.rtdx_text:_RTDX_write_next)
                  11831760    000001a0                     : rtdx_mon.o64P (.rtdx_text:_HSRTDX_xmt)
                  11831900    00000160                     : rtdx_mon.o64P (.rtdx_text:_RTDX_Send_To_Host)
                  11831a60    000000e0                     : rtdx_mon.o64P (.rtdx_text:_RTDX_Mon_Queue)
                  11831b40    000000e0                     : buffer1.o64P (.rtdx_text:_claim)
                  11831c20    000000a0                     : rtdx_mon.o64P (.rtdx_text:_RTDX_GetH2THeader)
                  11831cc0    000000a0                     : rtdx_mon.o64P (.rtdx_text:_RTDX_Poll)
                  11831d60    00000080                     : rtdx_mon.o64P (.rtdx_text:_RTDX_Final_RT_Monitor)
                  11831de0    00000060                     : buffer1.o64P (.rtdx_text:_RTDX_Buffer_Initialize)
                  11831e40    00000060                     : rtdx_mon.o64P (.rtdx_text:_RTDX_Init_RT_Monitor)
                  11831ea0    00000040                     : buffer2.o64P (.rtdx_text:_RTDX_Buffer_ReadCB)
                  11831ee0    00000040                     : buffer1.o64P (.rtdx_text:_RTDX_Buffer_Size)
                  11831f20    00000040                     : memfill.o64P (.rtdx_text:_RTDX_memfill)
                  11831f60    00000020                     : buffer2.o64P (.rtdx_text:_RTDX_Buffer_Read)
                  11831f80    00000020                     : buffer1.o64P (.rtdx_text:_RTDX_Buffer_Write)
                  11831fa0    00000020                     : intr_tgt.o64P (.rtdx_text)

.sysinit   0    11831fc0    00000560     
                  11831fc0    00000380     hellocfg.obj (.sysinit)
                  11832340    000000c0     bios.a674 : boot.o674 (.sysinit)
                  11832400    000000c0               : mem_init.o674 (.sysinit)
                  118324c0    00000060               : tsk_init.o674 (.sysinit)

.const     0    11832520    00000419     
                  11832520    00000193     bios.a674 : exc.o674 (.const:.string)
                  118326b3    00000004               : mem_allo.o674 (.const:.string)
                  118326b7    00000001     --HOLE-- [fill = 0]
                  118326b8    00000101     rts6740.lib : ctype.obj (.const:.string:__ctypes_)
                  118327b9    00000004     bios.a674 : mem_free.o674 (.const:.string)
                  118327bd    00000002     rts6740.lib : fputs.obj (.const:.string)
                  118327bf    00000001     --HOLE-- [fill = 0]
                  118327c0    00000080     evmc6748_bsl.lib : evmc6748.obj (.const:_bitval_u32)
                  11832840    0000004e     bios.a674 : tsk_stup.o674 (.const:.string)
                  1183288e    00000002     --HOLE-- [fill = 0]
                  11832890    00000040     evmc6748_bsl.lib : evmc6748.obj (.const:.string)
                  118328d0    00000023     bios.a674 : utl_doab.o674 (.const:.string)
                  118328f3    00000023     rts6740.lib : _printfi.obj (.const:.string)
                  11832916    00000022     bios.a674 : utl_doer.o674 (.const:.string)
                  11832938    00000001               : tsk.o674 (.const:.string)

.printf    0    11832939    000000cd     COPY SECTION
                  11832939    000000cd     hellocfg.obj (.printf)

.mem       0    1183293c    00000004     UNINITIALIZED
                  1183293c    00000004     hellocfg.obj (.mem)

.TSK_idle$stk 
*          0    11832940    00000400     UNINITIALIZED
                  11832940    00000400     hellocfg.obj (.TSK_idle$stk)

.stack     0    11832d40    00000400     UNINITIALIZED
                  11832d40    00000400     --HOLE--

.bss       0    11833140    000003a8     UNINITIALIZED
                  11833140    00000100     bios.a674 : hwi_disp_asm.o674 (.bss)
                  11833240    000000cc               : biosdata.o674 (.bss)
                  1183330c    0000009c               : swi.o674 (.bss)
                  118333a8    00000048               : knl.o674 (.bss)
                  118333f0    00000028     hellocfg.obj (.bss)
                  11833418    00000024     main.obj (.bss)
                  1183343c    00000004     bios.a674 : clk_data2.o674 (.bss)
                  11833440    00000020               : exc_asm.o674 (.bss)
                  11833460    00000018               : hwi.o674 (.bss)
                  11833478    00000018     lnkrtdx.a674 : rtdx.o674 (.bss)
                  11833490    00000010     bios.a674 : exc.o674 (.bss)
                  118334a0    00000010     rtdx64xplus.lib : buffer1.o64P (.bss)
                  118334b0    00000010                     : rtdx_mon.o64P (.bss)
                  118334c0    0000000c     bios.a674 : tsk.o674 (.bss)
                  118334cc    00000008               : clk_data.o674 (.bss)
                  118334d4    00000008               : sys.o674 (.bss)
                  118334dc    00000004               : idl_busy.o674 (.bss)
                  118334e0    00000004               : mem_asm.o674 (.bss)
                  118334e4    00000004     evmc6748_bsl.lib : evmc6748_i2c.obj (.bss)

.trace     0    118334e8    00000200     
                  118334e8    00000200     --HOLE-- [fill = 00000000]

.hst0      0    118336e8    00000100     UNINITIALIZED
                  118336e8    00000100     hellocfg.obj (.hst0)

.idlcal    0    118337e8    00000010     UNINITIALIZED
                  118337e8    00000010     hellocfg.obj (.idlcal)

.hwi_vec   0    11833800    00000200     
                  11833800    00000200     hellocfg.obj (.hwi_vec)

.cio       0    11833a00    00000120     UNINITIALIZED
                  11833a00    00000120     rts6740.lib : trgmsg.obj (.cio)

.pip       0    11833b20    000000c8     UNINITIALIZED
                  11833b20    000000c8     hellocfg.obj (.pip)

.prd       0    11833be8    00000080     UNINITIALIZED
                  11833be8    00000080     hellocfg.obj (.prd)

.sts       0    11833c68    00000080     
                  11833c68    00000080     hellocfg.obj (.sts)

.tsk       0    11833ce8    00000060     UNINITIALIZED
                  11833ce8    00000060     hellocfg.obj (.tsk)

.swi       0    11833d48    00000058     UNINITIALIZED
                  11833d48    00000058     hellocfg.obj (.swi)

.switch    0    11833da0    00000044     
                  11833da0    00000024     evmc6748_bsl.lib : evmc6748_gpio.obj (.switch:_getRegisterBankAndBit)
                  11833dc4    00000020                      : evmc6748_dip.obj (.switch:_convertDipToI2CGpio)

.hst       0    11833de4    0000003c     UNINITIALIZED
                  11833de4    0000003c     hellocfg.obj (.hst)

.log       0    11833e20    00000030     
                  11833e20    00000030     hellocfg.obj (.log)

.sys       0    11833e50    00000010     UNINITIALIZED
                  11833e50    00000010     hellocfg.obj (.sys)

.pinit     0    11833e60    0000000c     
                  11833e60    00000004     rtdx64xplus.lib : buffer1.o64P (.pinit)
                  11833e64    00000004                     : rtdx_mon.o64P (.pinit)
                  11833e68    00000004     --HOLE-- [fill = 0]

.trcdata   0    11833e6c    0000000c     
                  11833e6c    0000000c     bios.a674 : trc.o674 (.trcdata)


GLOBAL SYMBOLS: SORTED ALPHABETICALLY BY Name 

address    name
--------   ----
11833140   $bss
11833140   .bss
11800000   .data
1181ff40   .text
11832184   BIOS$$CLKOFF
11832144   BIOS$$CLKON
11831fc0   BIOS_init
118321f0   BIOS_start
00000000   BUF$
00000001   BUF_ENABLED
11827978   C$$IO$$
ffffffff   CACHE_L1D
ffffffff   CACHE_L1P
00000001   CLK$
1181ff38   CLK_A_TABBEG
00000001   CLK_CALDIV
00000001   CLK_CALMULT
000493e0   CLK_COUNTSPMS
00000004   CLK_COUNTSPMSHIGH
11833268   CLK_D_idletime
11833264   CLK_D_isrhook
11833260   CLK_D_tabbeg
1183325c   CLK_D_timefxn
00000001   CLK_ENABLEHTIME
1182bea0   CLK_F_gethtime
1182aa40   CLK_F_getltime
1182aa50   CLK_F_isr
1182ab90   CLK_F_itime
11828720   CLK_HOOKFXN
00000001   CLK_HTIMEDIV
00000001   CLK_HTIMEMULT
000493e0   CLK_HTIMEPERLTIME
00005dc0   CLK_INPUTCLK
00004000   CLK_INTBIT
00000001   CLK_LTIMEDIV
000493e0   CLK_LTIMEMULT
000003e8   CLK_MICROSECS
00000001   CLK_POWERENABLE
00005dc0   CLK_PRD
00000000   CLK_PRDHIGH
01c20000   CLK_REGS
00000001   CLK_RESETTIMER
11833258   CLK_R_time
00000020   CLK_TCR
00000000   CLK_TDDR
00000000   CLK_TDDRHIGH
1182bea0   CLK_TIMEFXN
00000000   CLK_TIMERNUM
00000005   CLK_TIMMODE
00000001   CLK_USETIMER
1181ff3c   CLK_null
ffffffff   DDR
00000000   DEV$
00000000   DGN$
00000000   DHL$
00000000   DHL_gChannelsAvailable
00000000   DIO$
00000000   DIO_NUMSWIBASE
00000000   DIO_NUMTSKBASE
00000000   DIO_STATIC
00000000   DPI$
00000000   ECM$
00000000   ECM_ENABLE
ffffffff   ECM_EVTMASK0
ffffffff   ECM_EVTMASK1
ffffffff   ECM_EVTMASK2
ffffffff   ECM_EVTMASK3
0000000a   EVENT10
00000064   EVENT100
00000065   EVENT101
00000066   EVENT102
00000067   EVENT103
00000068   EVENT104
00000069   EVENT105
0000006a   EVENT106
0000006b   EVENT107
0000006c   EVENT108
0000006d   EVENT109
0000000b   EVENT11
0000006e   EVENT110
0000006f   EVENT111
00000070   EVENT112
00000071   EVENT113
00000072   EVENT114
00000073   EVENT115
00000074   EVENT116
00000075   EVENT117
00000076   EVENT118
00000077   EVENT119
0000000c   EVENT12
00000078   EVENT120
00000079   EVENT121
0000007a   EVENT122
0000007b   EVENT123
0000007c   EVENT124
0000007d   EVENT125
0000007e   EVENT126
0000007f   EVENT127
0000000d   EVENT13
0000000e   EVENT14
0000000f   EVENT15
00000010   EVENT16
00000011   EVENT17
00000012   EVENT18
00000013   EVENT19
00000014   EVENT20
00000015   EVENT21
00000016   EVENT22
00000017   EVENT23
00000018   EVENT24
00000019   EVENT25
0000001a   EVENT26
0000001b   EVENT27
0000001c   EVENT28
0000001d   EVENT29
0000001e   EVENT30
0000001f   EVENT31
00000020   EVENT32
00000021   EVENT33
00000022   EVENT34
00000023   EVENT35
00000024   EVENT36
00000025   EVENT37
00000026   EVENT38
00000027   EVENT39
00000004   EVENT4
00000028   EVENT40
00000029   EVENT41
0000002a   EVENT42
0000002b   EVENT43
0000002c   EVENT44
0000002d   EVENT45
0000002e   EVENT46
0000002f   EVENT47
00000030   EVENT48
00000031   EVENT49
00000005   EVENT5
00000032   EVENT50
00000033   EVENT51
00000034   EVENT52
00000035   EVENT53
00000036   EVENT54
00000037   EVENT55
00000038   EVENT56
00000039   EVENT57
0000003a   EVENT58
0000003b   EVENT59
00000006   EVENT6
0000003c   EVENT60
0000003d   EVENT61
0000003e   EVENT62
0000003f   EVENT63
00000040   EVENT64
00000041   EVENT65
00000042   EVENT66
00000043   EVENT67
00000044   EVENT68
00000045   EVENT69
00000007   EVENT7
00000046   EVENT70
00000047   EVENT71
00000048   EVENT72
00000049   EVENT73
0000004a   EVENT74
0000004b   EVENT75
0000004c   EVENT76
0000004d   EVENT77
0000004e   EVENT78
0000004f   EVENT79
00000008   EVENT8
00000050   EVENT80
00000051   EVENT81
00000052   EVENT82
00000053   EVENT83
00000054   EVENT84
00000055   EVENT85
00000056   EVENT86
00000057   EVENT87
00000058   EVENT88
00000059   EVENT89
00000009   EVENT9
0000005a   EVENT90
0000005b   EVENT91
0000005c   EVENT92
0000005d   EVENT93
0000005e   EVENT94
0000005f   EVENT95
00000060   EVENT96
00000061   EVENT97
00000062   EVENT98
00000063   EVENT99
1182ba40   FXN_F_nop
1182ba44   FXN_F_run
1182ba80   FXN_F_zero
00000001   GBL$
00005205   GBL_A_VERSION
00000000   GBL_BCACHEREADADDR0
00000000   GBL_BCACHEREADADDR1
00000000   GBL_BCACHEREADADDR2
00000000   GBL_BIGENDIAN
00000000   GBL_CACHE
00000000   GBL_CALLCSLCFGINIT
00004e20   GBL_CLKIN
00001a5b   GBL_CLKTYPE
00001a5c   GBL_DSPSUBTYPE
0000003e   GBL_DSPTYPE
00000001   GBL_ENABLEINST
00000000   GBL_ENABLE_SK
00000042   GBL_FOOTPRINT
000493e0   GBL_FREQ
00000000   GBL_GEMTRUECOMPEN
00000007   GBL_L1DMODE
00000007   GBL_L1PMODE
00000001   GBL_L2CONFIGURE
00000000   GBL_L2MAR0_31
00000001   GBL_L2MAR128_159
00000000   GBL_L2MAR160_191
ffffffff   GBL_L2MAR192_223
00000000   GBL_L2MAR224_255
00000000   GBL_L2MAR32_63
00000000   GBL_L2MAR64_95
00000000   GBL_L2MAR96_127
00000000   GBL_L2MODE
00000000   GBL_NULL
00000000   GBL_PROCID
00000000   GBL_ROM
00000000   GBL_SUPPORTCSL
0000dbef   GBL_TRCMASKVALUE
00000000   GBL_USERINIT
1182bde0   GBL_USERINITFXN
00000001   GBL_boot
11833e74   GBL_initdone
11832d40   GBL_stackbeg
1183313f   GBL_stackend
00000000   GIO$
1182bde0   GIO_CREATEFXN
1182bde0   GIO_DELETEFXN
1182bde0   GIO_PENDFXN
1182bde0   GIO_POSTFXN
00000000   HOOK$
00000000   HOOK_KNLID
00000001   HST$
11833de4   HST_A_TABBEG
11833e20   HST_A_TABEND
00000000   HST_DSM
118333fc   HST_DSMBUFSEG
00000400   HST_DSMMEMSIZE
118332d4   HST_D_chanmask
118332d8   HST_D_tabbeg
118332dc   HST_D_tabend
000000ff   HST_MAXFRAMEALLOWED
00000040   HST_MAXFRAMESET
00000000   HST_NONE
00000001   HST_RTDX
00000001   HWI$
11833800   HWI_A_VECS
00005828   HWI_CFGDISPATCHED
11833470   HWI_D_bss
11833474   HWI_D_ccmask
11833460   HWI_D_spsave
00000001   HWI_ENABLE_EXC
11828720   HWI_F_dispatch
00000000   HWI_GENERATE_RESET_VEC
0000000a   HWI_INT10
00000000   HWI_INT10$hwi
0000000b   HWI_INT11
00000000   HWI_INT11$hwi
0000000c   HWI_INT12
00000000   HWI_INT12$hwi
0000000d   HWI_INT13
00000000   HWI_INT13$hwi
0000000e   HWI_INT14
00000000   HWI_INT14$hwi
0000000f   HWI_INT15
00000000   HWI_INT15$hwi
00000004   HWI_INT4
00000000   HWI_INT4$hwi
00000005   HWI_INT5
00000000   HWI_INT5$hwi
00000006   HWI_INT6
00000000   HWI_INT6$hwi
00000007   HWI_INT7
00000000   HWI_INT7$hwi
00000008   HWI_INT8
00000000   HWI_INT8$hwi
00000009   HWI_INT9
00000000   HWI_INT9$hwi
07063d04   HWI_INTRMUX1
0b0a0908   HWI_INTRMUX2
28040d0c   HWI_INTRMUX3
00000001   HWI_NMI
00000000   HWI_NMI$hwi
00000000   HWI_POLARITYMASK
00000002   HWI_RESERVED0
00000000   HWI_RESERVED0$hwi
00000003   HWI_RESERVED1
00000000   HWI_RESERVED1$hwi
00000000   HWI_RESET
00000000   HWI_RESET$hwi
00000000   HWI_ZEROTAB
00000001   IDL$
118337e8   IDL_A_CALBEG
1182f2ac   IDL_A_TABBEG
00000006   IDL_CALIBRERROR
1182bce0   IDL_CALIBRFXN
118334dc   IDL_D_busyObj
11833248   IDL_D_calbeg
11833244   IDL_D_calibrate
11833240   IDL_D_tabbeg
1182f2b8   IDL_END
118337f4   IDL_END$
1182bb00   IDL_F_busy
1182b960   IDL_F_calibrate
1182be20   IDL_F_loop
1182bce0   IDL_F_stub
00000001   IDL_USECLKIDLTIME
11833cdc   IDL_busyObj
11832a01   IDL_busyObj$avgfmt
00000001   IDL_busyObj$filter
00000001   IDL_busyObj$iA
00000000   IDL_busyObj$iB
00000001   IDL_busyObj$iC
118329fb   IDL_busyObj$maxfmt
00000000   IDL_busyObj$operation
11833cd8   IDL_busyObj$stsobj
118329fe   IDL_busyObj$sumfmt
00000002   IDL_busyObj$unittype
1182f2ac   IDL_cpuLoad
118337e8   IDL_cpuLoad$
118333fc   IRAM
1182bec0   IRAM$B
00002000   IRAM$L
00000001   ISRC$
1182ad38   KNL_glue
11833d48   KNL_swi
00000001   KNL_swi$dorta
00000000   KNL_swi$ord
00000000   KNL_swi$pri
11833cac   KNL_swi$sts
118329bd   KNL_swi$sts$avgfmt
00000002   KNL_swi$sts$filter
00000001   KNL_swi$sts$filtmaxmult
00000001   KNL_swi$sts$filtsummult
118329ad   KNL_swi$sts$maxfmt
11833ca8   KNL_swi$sts$stsobj
118329b5   KNL_swi$sts$sumfmt
00000000   KNL_swi$sts$unittype
00000000   KNL_swi$swi
ffffffff   L3_CBA_RAM
00000001   LCK$
11827be0   LNK_F_checkBufferCall
11827c60   LNK_F_dataPump
11827c00   LNK_F_getChanPtr
11827c58   LNK_F_init
11828168   LNK_F_readCallBack
1182f2b0   LNK_dataPump
118337ec   LNK_dataPump$
1183347c   LNK_dspFrameReadyMask
11833478   LNK_dspFrameRequestMask
11827ee0   LNK_newin
11828014   LNK_newout
11827c70   LNK_rcloop
11827d34   LNK_rdrtry
11833484   LNK_readDone
11833488   LNK_readFail
11833480   LNK_readPend
11827d44   LNK_rrloop
1183348c   LNK_writeFail
11827e10   LNK_wrloop
11827e04   LNK_wrrtry
00000001   LOG$
11833e20   LOG_A_TABBEG
11833e50   LOG_A_TABEND
00000002   LOG_A_TABLEN
1183324c   LOG_D_system
00000001   LOG_ENABLED
1182b8e0   LOG_F_event
11833e20   LOG_system
1182f800   LOG_system$buf
00000000   LOG_system$datatype
00000000   LOG_system$log
00000200   LOG_system$size
00000000   MBX$
00000001   MEM$
118333fc   MEM_MALLOCSEG
00000000   MEM_NULL
118333fc   MEM_SEGZERO
00000000   MEM_USEMPC
00000001   MEM_gNumHeap
00000000   MSGQ$
00000000   MSGQ_USEMSGQ
00000000   OBJ$
00000000   PIP$
11833b20   PIP_A_TABBEG
11833be8   PIP_A_TABEND
00000002   PIP_A_TABLEN
11833250   PIP_D_tabbeg
11833254   PIP_D_tablen
1182a3b8   PIP_F_give
1182a3b8   PIP_F_probe
1182a488   PIP_F_start
1182a340   PIP_F_take
00000064   PIP_OBJSIZE
00000000   PIP_gNextId
00000002   PIP_gNumEmbed
00000000   POOL$
00000000   POOL_USEPOOL
00000001   PRD$
11833be8   PRD0
11833c04   PRD0$aaa
00000000   PRD0$mode
00000002   PRD0$ord
000001f4   PRD0$period
00000000   PRD0$prd
11833c6c   PRD0$sts
1183294b   PRD0$sts$avgfmt
00000000   PRD0$sts$filter
11832939   PRD0$sts$maxfmt
11833c68   PRD0$sts$stsobj
11832942   PRD0$sts$sumfmt
00000002   PRD0$sts$unittype
11833c08   PRD1
11833c24   PRD1$aaa
00000000   PRD1$mode
00000003   PRD1$ord
00000032   PRD1$period
00000000   PRD1$prd
11833c7c   PRD1$sts
11832968   PRD1$sts$avgfmt
00000000   PRD1$sts$filter
11832956   PRD1$sts$maxfmt
11833c78   PRD1$sts$stsobj
1183295f   PRD1$sts$sumfmt
00000002   PRD1$sts$unittype
11833c28   PRD2
11833c44   PRD2$aaa
00000000   PRD2$mode
00000004   PRD2$ord
000001f4   PRD2$period
00000000   PRD2$prd
11833c8c   PRD2$sts
11832985   PRD2$sts$avgfmt
00000000   PRD2$sts$filter
11832973   PRD2$sts$maxfmt
11833c88   PRD2$sts$stsobj
1183297c   PRD2$sts$sumfmt
00000002   PRD2$sts$unittype
11833c48   PRD3
11833c64   PRD3$aaa
00000000   PRD3$mode
00000005   PRD3$ord
000000a7   PRD3$period
00000000   PRD3$prd
11833c9c   PRD3$sts
118329a2   PRD3$sts$avgfmt
00000000   PRD3$sts$filter
11832990   PRD3$sts$maxfmt
11833c98   PRD3$sts$stsobj
11832999   PRD3$sts$sumfmt
00000002   PRD3$sts$unittype
11833be8   PRD_A_TABBEG
11833c68   PRD_A_TABEND
00000004   PRD_A_TABLEN
11833290   PRD_D_cur
11833294   PRD_D_elapsed
11833298   PRD_D_prevtim
1183329c   PRD_D_scalar
118332a0   PRD_D_swihandle
118332a4   PRD_D_tabbeg
118332a8   PRD_D_tablen
118332ac   PRD_D_thook
1183328c   PRD_D_tick
118290c0   PRD_F_swi
11829344   PRD_F_tick
00000001   PRD_SCALAR
11833d74   PRD_SWIHANDLE
11829f54   PRD_THOOKFXN
1181ff38   PRD_clock
11833d74   PRD_swi
00000001   PRD_swi$dorta
00000000   PRD_swi$ord
00000001   PRD_swi$pri
11833cbc   PRD_swi$sts
118329d7   PRD_swi$sts$avgfmt
00000002   PRD_swi$sts$filter
00000001   PRD_swi$sts$filtmaxmult
00000001   PRD_swi$sts$filtsummult
118329c7   PRD_swi$sts$maxfmt
11833cb8   PRD_swi$sts$stsobj
118329cf   PRD_swi$sts$sumfmt
00000000   PRD_swi$sts$unittype
00000000   PRD_swi$swi
00000001   PWRM$
00000030   PWRM_PWRM_CAPSMASK
0000000a   PWRM_PWRM_CLKTICKSPERSLOT
00000000   PWRM_PWRM_ENABLE
00000002   PWRM_PWRM_INITSPCPU
00000000   PWRM_PWRM_INITSPPER
00000000   PWRM_PWRM_LOADENABLE
00000001   PWRM_PWRM_NUMSLOTS
00000000   PWRM_PWRM_RESOURCETRACKING
00000000   PWRM_PWRM_SCALING
1182bde0   PWRM_PWRM_SHAREDRESOURCEFXN
1182bde0   PWRM_PWRM_SLOTHOOKFXN
00000000   PWRM_PWRM_TIMERIDNUM
00000000   PWRM_PWRM_TIMERINTRMASK
00000000   PWRM_PWRM_TIMERWUGENMASK
00000000   PWRM_PWRM_USERRESOURCES
00000000   PWRM_PWRM_USETIMER
00000001   QUE$
118332b0   RTA_D_fromHost
118332b8   RTA_D_logval
118332c8   RTA_D_stsval
118332b4   RTA_D_toHost
1182bd20   RTA_F_andn
118297a0   RTA_F_dispatch
118296c0   RTA_F_getlog
118296f8   RTA_F_getsts
1182bd38   RTA_F_or
11829738   RTA_F_readblk
11829760   RTA_F_resetmem
11829754   RTA_F_writeword
1182f2b4   RTA_dispatcher
118337f0   RTA_dispatcher$
118297ec   RTA_execute
11833de8   RTA_fromHost
1181ff28   RTA_fromHost$buf
00000004   RTA_fromHost$framesize
00000000   RTA_fromHost$hst
00000001   RTA_fromHost$id
00000000   RTA_fromHost$mode
11833b20   RTA_fromHost$pipe
11833b50   RTA_fromHost$pipe$aaa
11833b80   RTA_fromHost$pipe$bbb
11833400   RTA_fromHost$pipe$dtab
11833b24   RTA_fromHost$pipe$rd
11833b54   RTA_fromHost$pipe$wr
11833df0   RTA_fromHost$rtdx
11833e04   RTA_toHost
118336e8   RTA_toHost$buf
00000040   RTA_toHost$framesize
00000000   RTA_toHost$hst
00000000   RTA_toHost$id
00000001   RTA_toHost$mode
11833b84   RTA_toHost$pipe
11833bb4   RTA_toHost$pipe$aaa
11833be4   RTA_toHost$pipe$bbb
1183340c   RTA_toHost$pipe$dtab
11833b88   RTA_toHost$pipe$rd
11833bb8   RTA_toHost$pipe$wr
11833e0c   RTA_toHost$rtdx
00000001   RTDX$
00000408   RTDX_BUFMEMSIZE
118333fc   RTDX_DATAMEMSEG
00000000   RTDX_MODE
00000001   RTDX_NORMALIZED_HDR
00000001   RTDX_USERTDX
00000000   RTDX_USERTEXECUTION
00000000   SEM$
00000000   SIO$
00000001   STS$
11833c68   STS_A_TABBEG
11833ce8   STS_A_TABEND
1182bbec   STS_F_add
1182bbc0   STS_F_delta
1182bc08   STS_F_reset
00000001   SWI$
11833d48   SWI_A_TABBEG
11833da0   SWI_A_TABEND
00000002   SWI_A_TABLEN
11833324   SWI_D_curfxn
11833314   SWI_D_curmask
11833320   SWI_D_curmbox
11833318   SWI_D_curset
11833310   SWI_D_execaddr
1183332c   SWI_D_inswi
1183331c   SWI_D_lock
11833328   SWI_D_rdybeg
11833330   SWI_D_rdytab
1183330c   SWI_D_runaddr
00000000   SWI_EHOOKFXN
11828de4   SWI_EXECFXN
11828c00   SWI_F_enable
11828de4   SWI_F_exec
11828e0c   SWI_F_iexec
11828c70   SWI_F_post
11828e8c   SWI_F_run
00000000   SWI_IHOOKFXN
11828e8c   SWI_RUNFXN
00000001   SYS$
11833e50   SYS$config
1182bd60   SYS_ABORTFXN
1182be60   SYS_ERRORFXN
1182be80   SYS_EXITFXN
1182bda0   SYS_PUTCFXN
11833e70   TRC_R_mask
11833e6c   TRC_cinit
00000001   TSK$
00000000   TSK_NUM_HOOKS
00000001   TSK_PRIORITY
00000000   TSK_READYFXN
00000000   TSK_STACKSEG
00000400   TSK_STACKSIZE
00000000   TSK_SWITCHFXN
1182bde0   TSK_VCREATEFXN
1182bde0   TSK_VDELETEFXN
1182bde0   TSK_VEXITFXN
11833cf4   TSK_idle
00000000   TSK_idle$ord
00000000   TSK_idle$pri
11832940   TSK_idle$stack
11832cd8   TSK_idle$stkptr
11833ccc   TSK_idle$sts
118329f1   TSK_idle$sts$avgfmt
00000002   TSK_idle$sts$filter
00000001   TSK_idle$sts$filtmaxmult
00000001   TSK_idle$sts$filtsummult
118329e1   TSK_idle$sts$maxfmt
11833cc8   TSK_idle$sts$stsobj
118329e9   TSK_idle$sts$sumfmt
00000000   TSK_idle$sts$unittype
00000000   TSK_idle$tsk
00000000   UDEV$
11820f8c   _AIC3106_Init
11821040   _AIC3106_readRegister
11821094   _AIC3106_writeRegister
1182bde0   _BCACHE_bootInit
1182b0f4   _BCACHE_getMar
1182b0a4   _BCACHE_getSize
1182b074   _BCACHE_setCacheToSram
1182b024   _BCACHE_setMar
1182afe0   _BCACHE_setSize
11831fc0   _BIOS_init
118321f0   _BIOS_start
118000a8   _BP_A
11800060   _BP_B
ffffffff   _CACHE_L1D
ffffffff   _CACHE_L1P
000493e0   _CLK_COUNTSPMS
118334cc   _CLK_DFLTMICROSECS
11833288   _CLK_D_countspms
1183327c   _CLK_D_dirty
118334d0   _CLK_D_microseconds
11833280   _CLK_D_prd
11833284   _CLK_D_tddr
1182ab90   _CLK_F_itime
00005dc0   _CLK_PRD
01c20000   _CLK_REGS
00000000   _CLK_TDDR
00000000   _CLK_TIMERNUM
00000001   _CLK_USETIMER
1182bea0   _CLK_gethtime
1183326c   _CLK_htimeDiv
11833270   _CLK_htimeMult
1183343c   _CLK_htimePerLtime
1181f62c   _CLK_inputClock
1182ab90   _CLK_itime
11833274   _CLK_ltimeDiv
11833278   _CLK_ltimeMult
1182bc80   _CLK_measure
ffffffff   _DDR
118258a4   _DIP_get
11825908   _DIP_getAll
11825880   _DIP_init
0000000a   _EVENT10
00000064   _EVENT100
00000065   _EVENT101
00000066   _EVENT102
00000067   _EVENT103
00000068   _EVENT104
00000069   _EVENT105
0000006a   _EVENT106
0000006b   _EVENT107
0000006c   _EVENT108
0000006d   _EVENT109
0000000b   _EVENT11
0000006e   _EVENT110
0000006f   _EVENT111
00000070   _EVENT112
00000071   _EVENT113
00000072   _EVENT114
00000073   _EVENT115
00000074   _EVENT116
00000075   _EVENT117
00000076   _EVENT118
00000077   _EVENT119
0000000c   _EVENT12
00000078   _EVENT120
00000079   _EVENT121
0000007a   _EVENT122
0000007b   _EVENT123
0000007c   _EVENT124
0000007d   _EVENT125
0000007e   _EVENT126
0000007f   _EVENT127
0000000d   _EVENT13
0000000e   _EVENT14
0000000f   _EVENT15
00000010   _EVENT16
00000011   _EVENT17
00000012   _EVENT18
00000013   _EVENT19
00000014   _EVENT20
00000015   _EVENT21
00000016   _EVENT22
00000017   _EVENT23
00000018   _EVENT24
00000019   _EVENT25
0000001a   _EVENT26
0000001b   _EVENT27
0000001c   _EVENT28
0000001d   _EVENT29
0000001e   _EVENT30
0000001f   _EVENT31
00000020   _EVENT32
00000021   _EVENT33
00000022   _EVENT34
00000023   _EVENT35
00000024   _EVENT36
00000025   _EVENT37
00000026   _EVENT38
00000027   _EVENT39
00000004   _EVENT4
00000028   _EVENT40
00000029   _EVENT41
0000002a   _EVENT42
0000002b   _EVENT43
0000002c   _EVENT44
0000002d   _EVENT45
0000002e   _EVENT46
0000002f   _EVENT47
00000030   _EVENT48
00000031   _EVENT49
00000005   _EVENT5
00000032   _EVENT50
00000033   _EVENT51
00000034   _EVENT52
00000035   _EVENT53
00000036   _EVENT54
00000037   _EVENT55
00000038   _EVENT56
00000039   _EVENT57
0000003a   _EVENT58
0000003b   _EVENT59
00000006   _EVENT6
0000003c   _EVENT60
0000003d   _EVENT61
0000003e   _EVENT62
0000003f   _EVENT63
00000040   _EVENT64
00000041   _EVENT65
00000042   _EVENT66
00000043   _EVENT67
00000044   _EVENT68
00000045   _EVENT69
00000007   _EVENT7
00000046   _EVENT70
00000047   _EVENT71
00000048   _EVENT72
00000049   _EVENT73
0000004a   _EVENT74
0000004b   _EVENT75
0000004c   _EVENT76
0000004d   _EVENT77
0000004e   _EVENT78
0000004f   _EVENT79
00000008   _EVENT8
00000050   _EVENT80
00000051   _EVENT81
00000052   _EVENT82
00000053   _EVENT83
00000054   _EVENT84
00000055   _EVENT85
00000056   _EVENT86
00000057   _EVENT87
00000058   _EVENT88
00000059   _EVENT89
00000009   _EVENT9
0000005a   _EVENT90
0000005b   _EVENT91
0000005c   _EVENT92
0000005d   _EVENT93
0000005e   _EVENT94
0000005f   _EVENT95
00000060   _EVENT96
00000061   _EVENT97
00000062   _EVENT98
00000063   _EVENT99
11820128   _EVMC6748_enableDsp
1181ff40   _EVMC6748_init
1181ff6c   _EVMC6748_initRAM
118201f0   _EVMC6748_lpscTransition
11820154   _EVMC6748_pinmuxConfig
118286f0   _EXC_clearLastStatus
1182a160   _EXC_dispatch
11828514   _EXC_exceptionHandler
11833490   _EXC_exceptionHook
118284e0   _EXC_external
11833498   _EXC_externalHook
118284c0   _EXC_getLastStatus
11828480   _EXC_init
118281d4   _EXC_internal
11833494   _EXC_internalHook
118281a0   _EXC_nmi
1183349c   _EXC_nmiHook
11833448   _EXC_returnPtr
1182a324   _EXC_setReturnPtr
1181fee8   _EXC_status
11833440   _EXC_sysTrapTable
1182bde0   _FXN_F_nop
1182ba44   _FXN_F_run
1182ba80   _FXN_F_zero
00000000   _GBL_CACHE
1182b188   _GBL_cacheInit64P
118332e4   _GBL_clkIn
118332e8   _GBL_freq
1182be00   _GBL_getVersion
118332e0   _GBL_procId
118230d8   _GPIO_getInput
11823060   _GPIO_setDir
1182314c   _GPIO_setOutput
118231cc   _GPIO_toggleLoop
118270e0   _HOSTclose
11825ec0   _HOSTlseek
118262c0   _HOSTopen
118263a0   _HOSTread
11825580   _HOSTrename
11826720   _HOSTunlink
118267e0   _HOSTwrite
11800120   _HP_A
118000f0   _HP_B
11831000   _HSRTDX_rec
11831760   _HSRTDX_xmt
11833de4   _HST_A_TABBEG
11833e20   _HST_A_TABEND
00005828   _HWI_CFGDISPATCHED
1183346c   _HWI_D_inhwi
11833460   _HWI_D_spsave
11828720   _HWI_F_dispatch
0000000a   _HWI_INT10
0000000b   _HWI_INT11
0000000c   _HWI_INT12
0000000d   _HWI_INT13
0000000e   _HWI_INT14
0000000f   _HWI_INT15
00000004   _HWI_INT4
00000005   _HWI_INT5
00000006   _HWI_INT6
00000007   _HWI_INT7
00000008   _HWI_INT8
00000009   _HWI_INT9
00000001   _HWI_NMI
00000002   _HWI_RESERVED0
00000003   _HWI_RESERVED1
00000000   _HWI_RESET
11833138   _HWI_STKBOTTOM
11832d40   _HWI_STKTOP
11833460   _HWI_data
1182baa0   _HWI_disable
11833140   _HWI_dispatchTab
1182bab8   _HWI_enable
1182bacc   _HWI_restore
11822814   _I2CGPIO_getInput
11822930   _I2CGPIO_getInputAll
11822740   _I2CGPIO_init
11822a40   _I2CGPIO_setOutput
11822b88   _I2CGPIO_setOutputAll
118233e0   _I2C_init
118234cc   _I2C_read
11823628   _I2C_write
11833cdc   _IDL_busyObj
1182f2ac   _IDL_cpuLoad
1182be20   _IDL_loop
118333fc   _IRAM
1182bec0   _IRAM_base
00002000   _IRAM_length
118333b0   _KNL_alarm
1182b240   _KNL_check
118333d4   _KNL_curqueue
118333c4   _KNL_curtask
118333cc   _KNL_curtime
1181fca0   _KNL_dummy
1182b5a0   _KNL_enter
1182b560   _KNL_exit
1182b308   _KNL_idle
118333ec   _KNL_idlefxn
118333b8   _KNL_inactive
1182b760   _KNL_ipost
1182b330   _KNL_max
118333d8   _KNL_maxqueue
1182b7e0   _KNL_post
118333c8   _KNL_prevtask
118333bc   _KNL_priority
1181fc00   _KNL_queues
11829940   _KNL_run
1182abe0   _KNL_saveIsrFrame
118333c0   _KNL_set
118333b4   _KNL_setpri
11833d48   _KNL_swi
118333d0   _KNL_swiptr
1182ac8c   _KNL_switch
118333e0   _KNL_tcreatefxn
118333e4   _KNL_tdeletefxn
11829f54   _KNL_tick
118333e8   _KNL_treadyfxn
118333dc   _KNL_tswitchfxn
118333a8   _KNL_wFlag
118333ac   _KNL_wList
ffffffff   _L3_CBA_RAM
1182b880   _LCK_pend
1182b860   _LCK_post
11825040   _LED_init
1182508c   _LED_isOn
1182518c   _LED_toggle
11825144   _LED_turnOff
118250f4   _LED_turnOn
1182f2b0   _LNK_dataPump
1183347c   _LNK_dspFrameReadyMask
11833478   _LNK_dspFrameRequestMask
11833484   _LNK_readDone
11833488   _LNK_readFail
11833480   _LNK_readPend
1183348c   _LNK_writeFail
11833e20   _LOG_A_TABBEG
11833e50   _LOG_A_TABEND
00000002   _LOG_A_TABLEN
1183324c   _LOG_D_system
1182b8e0   _LOG_event
11833e20   _LOG_system
11800030   _LP_A
11800000   _LP_B
118334e0   _MEM
118332ec   _MEM_D_NUMSEGMENTS
118332f4   _MEM_D_freelist
118332f8   _MEM_D_lockaddr
118332f0   _MEM_D_memtab
118332fc   _MEM_D_unlockaddr
11829b80   _MEM_alloc
11829f80   _MEM_free
11832400   _MEM_init
118333f0   _MEM_memtab
11820c10   _McASP_Init
11820d54   _McASP_Start
1181fe40   _OBJ_segtab
1181fe08   _OBJ_table
11833b20   _PIP_A_TABBEG
11833be8   _PIP_A_TABEND
11833be8   _PRD0
11833c08   _PRD1
11833c28   _PRD2
11833c48   _PRD3
1183328c   _PRD_D_tick
1181ff38   _PRD_clock
11833d74   _PRD_swi
1182f2b4   _RTA_dispatcher
11833de8   _RTA_fromHost
11833e04   _RTA_toHost
1182f340   _RTDX_Buffer
1182f74c   _RTDX_Buffer_End
11831de0   _RTDX_Buffer_Initialize
11831f60   _RTDX_Buffer_Read
11831ea0   _RTDX_Buffer_ReadCB
11831ee0   _RTDX_Buffer_Size
1182f748   _RTDX_Buffer_Start
11831f80   _RTDX_Buffer_Write
118312a0   _RTDX_Buffer_WriteCB
11831d60   _RTDX_Final_RT_Monitor
11831e40   _RTDX_Init_RT_Monitor
00000002   _RTDX_JTAGONLY
11831fa0   _RTDX_Mask_IER
11831a60   _RTDX_Mon_Queue
11831cc0   _RTDX_Poll
00000000   _RTDX_interrupt_mask
11831f20   _RTDX_memfill
1182f7a0   _RTDX_writing
118333fc   _SEG0
1182bb60   _SEM_pend
1182a520   _SEM_pendEnterKnl
1182b480   _SEM_post
1182b480   _SEM_postBinary
1182b620   _SEM_postEnterKnl
11833c68   _STS_A_TABBEG
11833ce8   _STS_A_TABEND
1182bbec   _STS_add
1182bbc0   _STS_delta
1182bc08   _STS_reset
1182be40   _STS_set
11833324   _SWI_D_curfxn
11833314   _SWI_D_curmask
11833318   _SWI_D_curset
11833310   _SWI_D_execaddr
1183332c   _SWI_D_inswi
1183331c   _SWI_D_lock
11833328   _SWI_D_rdybeg
1183330c   _SWI_D_runaddr
1183330c   _SWI_data
11828c70   _SWI_post
11833300   _SYS
118334e8   _SYS_PUTCBEG
118336e7   _SYS_PUTCEND
1182bc20   _SYS_abort
1182b9e0   _SYS_error
1182b6c0   _SYS_exit
1181feb0   _SYS_exitStack
118334d4   _SYS_exitStackPtr
118334d8   _SYS_exitStackTop
11821150   _SetGpio
11833e70   _TRC_R_mask
118334c8   _TSK
1181fda8   _TSK_ATTRS
1181fdc4   _TSK_config
1182aea0   _TSK_exit
11833cf4   _TSK_idle
118324c0   _TSK_init
118334c0   _TSK_nTasks
118334c4   _TSK_pid
1182a8a0   _TSK_setup
1182b404   _TSK_startup
1181fde4   _TSK_timerSem
118210d8   _USTIMER_delay
11820b40   _UTIL_isUIBoardAttached
118209e8   _UTIL_printMem
1182bd60   _UTL_doAbort
1182be60   _UTL_doError
1182bda0   _UTL_doPutc
1182be80   _UTL_halt
11833a00   __CIOBUF_
1182abb0   __CLK_lat1beg
1182abd0   __CLK_lat1end
11833308   __HOOK_NUMHOOKS
11833304   __HOOK_knlId
11828720   __HWI_lat1beg
118288a8   __HWI_lat1end
118288a8   __HWI_lat2beg
11828a84   __HWI_lat2end1
11828a10   __HWI_lat2end2
11828aa0   __HWI_lat3beg
11828a40   __HWI_lat3end2
1182bb00   __IDL_lat1beg
1182bb40   __IDL_lat1end
1182b28c   __KNL_lat1beg
1182b308   __KNL_lat1end
1182b8e0   __LOG_lat1beg
1181fe84   __MEM_mutex
11829760   __RTA_lat1beg
11829794   __RTA_lat1end
1182a700   __SEM_dopost
11833140   __STACK_END
00000400   __STACK_SIZE
11828d78   __SWI_lat1beg
11828e24   __SWI_lat1end
11828e28   __SWI_lat2beg
11828e88   __SWI_lat2end
11828c00   __SWI_lat3beg
11828c6c   __SWI_lat3end
1181fe5c   __TSK_mutex
1181ff1c   ___TI_enable_exit_profile_output
ffffffff   ___TI_pprof_out_hndl
ffffffff   ___TI_prof_data_size
ffffffff   ___TI_prof_data_start
11827980   ___add_dtor
1181f958   ___atexit_func_id__
ffffffff   ___binit__
11833140   ___bss__
ffffffff   ___c_args__
1182dec0   ___cinit__
11800000   ___data__
11800000   ___edata__
118334e8   ___end__
11827be0   ___etext__
118279c0   ___isinf
11833e60   ___pinit__
1181ff40   ___text__
1182ad60   __auto_init
11826a20   __c6xabi_divu
11826ba0   __c6xabi_remi
118268a0   __cleanup
1181ff14   __cleanup_ptr
118326b8   __ctypes_
11821180   __divd
11827180   __divli
11826a20   __divu
118253e0   __divul
11824520   __divull
11826ae0   __doflush
1181ff18   __dtors_ptr
11827360   __fixdli
118275e0   __fltlid
11827a40   __frcmpyd_div
1181f950   __ft_end
1181f630   __ftable
11827660   __llshl
11827a80   __llshru
1181ff20   __lock
11827b00   __negll
11827b20   __nop
11822c20   __printfi
11827b80   __register_lock
11827ba0   __register_unlock
11826ba0   __remi
11827ac0   __remli
11832d40   __stack
11827860   __subcull
1181f810   __tmpnams
1181ff24   __unlock
118260c0   __wrt_ok
11821eac   _add_to_buffer
11826c60   _atexit
11826480   _atoi
11822184   _audioHWI
118327c0   _bitval_u32
11800200   _buffer
1183342a   _buffer_len
11832340   _c_int00
118261c0   _call_dtors
1182966c   _calloc
11821d00   _check_led
11826560   _close
118205c8   _config_pll0
11820804   _config_pll1
11821dcc   _dipPRD
1181fbfc   _dtors
11825da0   _fclose
11821d8c   _flash_LED_filtering
11821d60   _flash_LED_playback
11821d14   _flash_LED_rec
11825b20   _fputc
11823760   _fputs
11829440   _free
11833428   _fs
11826d20   _fseek
118220a4   _get_buffer
11833430   _i
11821ef4   _iir_filter
11833424   _index
11820ba8   _initAll
11833438   _j
1183343a   _k
11826de0   _lseek
11826ea0   _ltoa
1183342e   _m
11821ca0   _main
11829464   _malloc
118295a8   _memalign
118278c0   _memccpy
11827540   _memcpy
11826640   _memset
1183342c   _n
11833432   _n_temp
118276e0   _printf
11825b20   _putc
11820b60   _read_audio_sample
11827760   _readmsg
118294c4   _realloc
11827bc0   _remove
118334a8   _rtdxNullChanCnt
118334ac   _rtdxNullFuncCnt
118334b4   _rtdxRecNotDoneCnt
118334bc   _rtdxXmtErrorCnt
118334b0   _rtdxXmtNotDoneCnt
118334b8   _rtdxXmtRestartCnt
1182f794   _rtdx_buffer_state
1182f750   _rtdx_mon_state
11825700   _setvbuf
11833418   _sw1
1183341a   _sw2
1183341c   _sw6
1183341e   _sw7
11833420   _sw8
1181f600   _temp_lp
11833e38   _trace
118277e0   _unlink
11826f60   _write
11820b84   _write_audio_sample
11827920   _writemsg
11800150   _x
118001a8   _y
11833434   _y_lp
ffffffff   binit
1182dec0   cinit
11800000   edata
118334e8   end
11827be0   etext
11833800   hwi0
11833820   hwi1
11833940   hwi10
11833960   hwi11
11833980   hwi12
118339a0   hwi13
118339c0   hwi14
118339e0   hwi15
11833840   hwi2
11833860   hwi3
11833880   hwi4
118338a0   hwi5
118338c0   hwi6
118338e0   hwi7
11833900   hwi8
11833920   hwi9
11833e60   pinit
11833e38   trace
11830000   trace$buf
00000001   trace$datatype
00000000   trace$log
00000400   trace$size


GLOBAL SYMBOLS: SORTED BY Symbol Address 

address    name
--------   ----
00000000   BUF$
00000000   CLK_PRDHIGH
00000000   CLK_TDDR
00000000   CLK_TDDRHIGH
00000000   CLK_TIMERNUM
00000000   DEV$
00000000   DGN$
00000000   DHL$
00000000   DHL_gChannelsAvailable
00000000   DIO$
00000000   DIO_NUMSWIBASE
00000000   DIO_NUMTSKBASE
00000000   DIO_STATIC
00000000   DPI$
00000000   ECM$
00000000   ECM_ENABLE
00000000   GBL_BCACHEREADADDR0
00000000   GBL_BCACHEREADADDR1
00000000   GBL_BCACHEREADADDR2
00000000   GBL_BIGENDIAN
00000000   GBL_CACHE
00000000   GBL_CALLCSLCFGINIT
00000000   GBL_ENABLE_SK
00000000   GBL_GEMTRUECOMPEN
00000000   GBL_L2MAR0_31
00000000   GBL_L2MAR160_191
00000000   GBL_L2MAR224_255
00000000   GBL_L2MAR32_63
00000000   GBL_L2MAR64_95
00000000   GBL_L2MAR96_127
00000000   GBL_L2MODE
00000000   GBL_NULL
00000000   GBL_PROCID
00000000   GBL_ROM
00000000   GBL_SUPPORTCSL
00000000   GBL_USERINIT
00000000   GIO$
00000000   HOOK$
00000000   HOOK_KNLID
00000000   HST_DSM
00000000   HST_NONE
00000000   HWI_GENERATE_RESET_VEC
00000000   HWI_INT10$hwi
00000000   HWI_INT11$hwi
00000000   HWI_INT12$hwi
00000000   HWI_INT13$hwi
00000000   HWI_INT14$hwi
00000000   HWI_INT15$hwi
00000000   HWI_INT4$hwi
00000000   HWI_INT5$hwi
00000000   HWI_INT6$hwi
00000000   HWI_INT7$hwi
00000000   HWI_INT8$hwi
00000000   HWI_INT9$hwi
00000000   HWI_NMI$hwi
00000000   HWI_POLARITYMASK
00000000   HWI_RESERVED0$hwi
00000000   HWI_RESERVED1$hwi
00000000   HWI_RESET
00000000   HWI_RESET$hwi
00000000   HWI_ZEROTAB
00000000   IDL_busyObj$iB
00000000   IDL_busyObj$operation
00000000   KNL_swi$ord
00000000   KNL_swi$pri
00000000   KNL_swi$sts$unittype
00000000   KNL_swi$swi
00000000   LOG_system$datatype
00000000   LOG_system$log
00000000   MBX$
00000000   MEM_NULL
00000000   MEM_USEMPC
00000000   MSGQ$
00000000   MSGQ_USEMSGQ
00000000   OBJ$
00000000   PIP$
00000000   PIP_gNextId
00000000   POOL$
00000000   POOL_USEPOOL
00000000   PRD0$mode
00000000   PRD0$prd
00000000   PRD0$sts$filter
00000000   PRD1$mode
00000000   PRD1$prd
00000000   PRD1$sts$filter
00000000   PRD2$mode
00000000   PRD2$prd
00000000   PRD2$sts$filter
00000000   PRD3$mode
00000000   PRD3$prd
00000000   PRD3$sts$filter
00000000   PRD_swi$ord
00000000   PRD_swi$sts$unittype
00000000   PRD_swi$swi
00000000   PWRM_PWRM_ENABLE
00000000   PWRM_PWRM_INITSPPER
00000000   PWRM_PWRM_LOADENABLE
00000000   PWRM_PWRM_RESOURCETRACKING
00000000   PWRM_PWRM_SCALING
00000000   PWRM_PWRM_TIMERIDNUM
00000000   PWRM_PWRM_TIMERINTRMASK
00000000   PWRM_PWRM_TIMERWUGENMASK
00000000   PWRM_PWRM_USERRESOURCES
00000000   PWRM_PWRM_USETIMER
00000000   RTA_fromHost$hst
00000000   RTA_fromHost$mode
00000000   RTA_toHost$hst
00000000   RTA_toHost$id
00000000   RTDX_MODE
00000000   RTDX_USERTEXECUTION
00000000   SEM$
00000000   SIO$
00000000   SWI_EHOOKFXN
00000000   SWI_IHOOKFXN
00000000   TSK_NUM_HOOKS
00000000   TSK_READYFXN
00000000   TSK_STACKSEG
00000000   TSK_SWITCHFXN
00000000   TSK_idle$ord
00000000   TSK_idle$pri
00000000   TSK_idle$sts$unittype
00000000   TSK_idle$tsk
00000000   UDEV$
00000000   _CLK_TDDR
00000000   _CLK_TIMERNUM
00000000   _GBL_CACHE
00000000   _HWI_RESET
00000000   _RTDX_interrupt_mask
00000000   trace$log
00000001   BUF_ENABLED
00000001   CLK$
00000001   CLK_CALDIV
00000001   CLK_CALMULT
00000001   CLK_ENABLEHTIME
00000001   CLK_HTIMEDIV
00000001   CLK_HTIMEMULT
00000001   CLK_LTIMEDIV
00000001   CLK_POWERENABLE
00000001   CLK_RESETTIMER
00000001   CLK_USETIMER
00000001   GBL$
00000001   GBL_ENABLEINST
00000001   GBL_L2CONFIGURE
00000001   GBL_L2MAR128_159
00000001   GBL_boot
00000001   HST$
00000001   HST_RTDX
00000001   HWI$
00000001   HWI_ENABLE_EXC
00000001   HWI_NMI
00000001   IDL$
00000001   IDL_USECLKIDLTIME
00000001   IDL_busyObj$filter
00000001   IDL_busyObj$iA
00000001   IDL_busyObj$iC
00000001   ISRC$
00000001   KNL_swi$dorta
00000001   KNL_swi$sts$filtmaxmult
00000001   KNL_swi$sts$filtsummult
00000001   LCK$
00000001   LOG$
00000001   LOG_ENABLED
00000001   MEM$
00000001   MEM_gNumHeap
00000001   PRD$
00000001   PRD_SCALAR
00000001   PRD_swi$dorta
00000001   PRD_swi$pri
00000001   PRD_swi$sts$filtmaxmult
00000001   PRD_swi$sts$filtsummult
00000001   PWRM$
00000001   PWRM_PWRM_NUMSLOTS
00000001   QUE$
00000001   RTA_fromHost$id
00000001   RTA_toHost$mode
00000001   RTDX$
00000001   RTDX_NORMALIZED_HDR
00000001   RTDX_USERTDX
00000001   STS$
00000001   SWI$
00000001   SYS$
00000001   TSK$
00000001   TSK_PRIORITY
00000001   TSK_idle$sts$filtmaxmult
00000001   TSK_idle$sts$filtsummult
00000001   _CLK_USETIMER
00000001   _HWI_NMI
00000001   trace$datatype
00000002   HWI_RESERVED0
00000002   IDL_busyObj$unittype
00000002   KNL_swi$sts$filter
00000002   LOG_A_TABLEN
00000002   PIP_A_TABLEN
00000002   PIP_gNumEmbed
00000002   PRD0$ord
00000002   PRD0$sts$unittype
00000002   PRD1$sts$unittype
00000002   PRD2$sts$unittype
00000002   PRD3$sts$unittype
00000002   PRD_swi$sts$filter
00000002   PWRM_PWRM_INITSPCPU
00000002   SWI_A_TABLEN
00000002   TSK_idle$sts$filter
00000002   _HWI_RESERVED0
00000002   _LOG_A_TABLEN
00000002   _RTDX_JTAGONLY
00000003   HWI_RESERVED1
00000003   PRD1$ord
00000003   _HWI_RESERVED1
00000004   CLK_COUNTSPMSHIGH
00000004   EVENT4
00000004   HWI_INT4
00000004   PRD2$ord
00000004   PRD_A_TABLEN
00000004   RTA_fromHost$framesize
00000004   _EVENT4
00000004   _HWI_INT4
00000005   CLK_TIMMODE
00000005   EVENT5
00000005   HWI_INT5
00000005   PRD3$ord
00000005   _EVENT5
00000005   _HWI_INT5
00000006   EVENT6
00000006   HWI_INT6
00000006   IDL_CALIBRERROR
00000006   _EVENT6
00000006   _HWI_INT6
00000007   EVENT7
00000007   GBL_L1DMODE
00000007   GBL_L1PMODE
00000007   HWI_INT7
00000007   _EVENT7
00000007   _HWI_INT7
00000008   EVENT8
00000008   HWI_INT8
00000008   _EVENT8
00000008   _HWI_INT8
00000009   EVENT9
00000009   HWI_INT9
00000009   _EVENT9
00000009   _HWI_INT9
0000000a   EVENT10
0000000a   HWI_INT10
0000000a   PWRM_PWRM_CLKTICKSPERSLOT
0000000a   _EVENT10
0000000a   _HWI_INT10
0000000b   EVENT11
0000000b   HWI_INT11
0000000b   _EVENT11
0000000b   _HWI_INT11
0000000c   EVENT12
0000000c   HWI_INT12
0000000c   _EVENT12
0000000c   _HWI_INT12
0000000d   EVENT13
0000000d   HWI_INT13
0000000d   _EVENT13
0000000d   _HWI_INT13
0000000e   EVENT14
0000000e   HWI_INT14
0000000e   _EVENT14
0000000e   _HWI_INT14
0000000f   EVENT15
0000000f   HWI_INT15
0000000f   _EVENT15
0000000f   _HWI_INT15
00000010   EVENT16
00000010   _EVENT16
00000011   EVENT17
00000011   _EVENT17
00000012   EVENT18
00000012   _EVENT18
00000013   EVENT19
00000013   _EVENT19
00000014   EVENT20
00000014   _EVENT20
00000015   EVENT21
00000015   _EVENT21
00000016   EVENT22
00000016   _EVENT22
00000017   EVENT23
00000017   _EVENT23
00000018   EVENT24
00000018   _EVENT24
00000019   EVENT25
00000019   _EVENT25
0000001a   EVENT26
0000001a   _EVENT26
0000001b   EVENT27
0000001b   _EVENT27
0000001c   EVENT28
0000001c   _EVENT28
0000001d   EVENT29
0000001d   _EVENT29
0000001e   EVENT30
0000001e   _EVENT30
0000001f   EVENT31
0000001f   _EVENT31
00000020   CLK_TCR
00000020   EVENT32
00000020   _EVENT32
00000021   EVENT33
00000021   _EVENT33
00000022   EVENT34
00000022   _EVENT34
00000023   EVENT35
00000023   _EVENT35
00000024   EVENT36
00000024   _EVENT36
00000025   EVENT37
00000025   _EVENT37
00000026   EVENT38
00000026   _EVENT38
00000027   EVENT39
00000027   _EVENT39
00000028   EVENT40
00000028   _EVENT40
00000029   EVENT41
00000029   _EVENT41
0000002a   EVENT42
0000002a   _EVENT42
0000002b   EVENT43
0000002b   _EVENT43
0000002c   EVENT44
0000002c   _EVENT44
0000002d   EVENT45
0000002d   _EVENT45
0000002e   EVENT46
0000002e   _EVENT46
0000002f   EVENT47
0000002f   _EVENT47
00000030   EVENT48
00000030   PWRM_PWRM_CAPSMASK
00000030   _EVENT48
00000031   EVENT49
00000031   _EVENT49
00000032   EVENT50
00000032   PRD1$period
00000032   _EVENT50
00000033   EVENT51
00000033   _EVENT51
00000034   EVENT52
00000034   _EVENT52
00000035   EVENT53
00000035   _EVENT53
00000036   EVENT54
00000036   _EVENT54
00000037   EVENT55
00000037   _EVENT55
00000038   EVENT56
00000038   _EVENT56
00000039   EVENT57
00000039   _EVENT57
0000003a   EVENT58
0000003a   _EVENT58
0000003b   EVENT59
0000003b   _EVENT59
0000003c   EVENT60
0000003c   _EVENT60
0000003d   EVENT61
0000003d   _EVENT61
0000003e   EVENT62
0000003e   GBL_DSPTYPE
0000003e   _EVENT62
0000003f   EVENT63
0000003f   _EVENT63
00000040   EVENT64
00000040   HST_MAXFRAMESET
00000040   RTA_toHost$framesize
00000040   _EVENT64
00000041   EVENT65
00000041   _EVENT65
00000042   EVENT66
00000042   GBL_FOOTPRINT
00000042   _EVENT66
00000043   EVENT67
00000043   _EVENT67
00000044   EVENT68
00000044   _EVENT68
00000045   EVENT69
00000045   _EVENT69
00000046   EVENT70
00000046   _EVENT70
00000047   EVENT71
00000047   _EVENT71
00000048   EVENT72
00000048   _EVENT72
00000049   EVENT73
00000049   _EVENT73
0000004a   EVENT74
0000004a   _EVENT74
0000004b   EVENT75
0000004b   _EVENT75
0000004c   EVENT76
0000004c   _EVENT76
0000004d   EVENT77
0000004d   _EVENT77
0000004e   EVENT78
0000004e   _EVENT78
0000004f   EVENT79
0000004f   _EVENT79
00000050   EVENT80
00000050   _EVENT80
00000051   EVENT81
00000051   _EVENT81
00000052   EVENT82
00000052   _EVENT82
00000053   EVENT83
00000053   _EVENT83
00000054   EVENT84
00000054   _EVENT84
00000055   EVENT85
00000055   _EVENT85
00000056   EVENT86
00000056   _EVENT86
00000057   EVENT87
00000057   _EVENT87
00000058   EVENT88
00000058   _EVENT88
00000059   EVENT89
00000059   _EVENT89
0000005a   EVENT90
0000005a   _EVENT90
0000005b   EVENT91
0000005b   _EVENT91
0000005c   EVENT92
0000005c   _EVENT92
0000005d   EVENT93
0000005d   _EVENT93
0000005e   EVENT94
0000005e   _EVENT94
0000005f   EVENT95
0000005f   _EVENT95
00000060   EVENT96
00000060   _EVENT96
00000061   EVENT97
00000061   _EVENT97
00000062   EVENT98
00000062   _EVENT98
00000063   EVENT99
00000063   _EVENT99
00000064   EVENT100
00000064   PIP_OBJSIZE
00000064   _EVENT100
00000065   EVENT101
00000065   _EVENT101
00000066   EVENT102
00000066   _EVENT102
00000067   EVENT103
00000067   _EVENT103
00000068   EVENT104
00000068   _EVENT104
00000069   EVENT105
00000069   _EVENT105
0000006a   EVENT106
0000006a   _EVENT106
0000006b   EVENT107
0000006b   _EVENT107
0000006c   EVENT108
0000006c   _EVENT108
0000006d   EVENT109
0000006d   _EVENT109
0000006e   EVENT110
0000006e   _EVENT110
0000006f   EVENT111
0000006f   _EVENT111
00000070   EVENT112
00000070   _EVENT112
00000071   EVENT113
00000071   _EVENT113
00000072   EVENT114
00000072   _EVENT114
00000073   EVENT115
00000073   _EVENT115
00000074   EVENT116
00000074   _EVENT116
00000075   EVENT117
00000075   _EVENT117
00000076   EVENT118
00000076   _EVENT118
00000077   EVENT119
00000077   _EVENT119
00000078   EVENT120
00000078   _EVENT120
00000079   EVENT121
00000079   _EVENT121
0000007a   EVENT122
0000007a   _EVENT122
0000007b   EVENT123
0000007b   _EVENT123
0000007c   EVENT124
0000007c   _EVENT124
0000007d   EVENT125
0000007d   _EVENT125
0000007e   EVENT126
0000007e   _EVENT126
0000007f   EVENT127
0000007f   _EVENT127
000000a7   PRD3$period
000000ff   HST_MAXFRAMEALLOWED
000001f4   PRD0$period
000001f4   PRD2$period
00000200   LOG_system$size
000003e8   CLK_MICROSECS
00000400   HST_DSMMEMSIZE
00000400   TSK_STACKSIZE
00000400   __STACK_SIZE
00000400   trace$size
00000408   RTDX_BUFMEMSIZE
00001a5b   GBL_CLKTYPE
00001a5c   GBL_DSPSUBTYPE
00002000   IRAM$L
00002000   _IRAM_length
00004000   CLK_INTBIT
00004e20   GBL_CLKIN
00005205   GBL_A_VERSION
00005828   HWI_CFGDISPATCHED
00005828   _HWI_CFGDISPATCHED
00005dc0   CLK_INPUTCLK
00005dc0   CLK_PRD
00005dc0   _CLK_PRD
0000dbef   GBL_TRCMASKVALUE
000493e0   CLK_COUNTSPMS
000493e0   CLK_HTIMEPERLTIME
000493e0   CLK_LTIMEMULT
000493e0   GBL_FREQ
000493e0   _CLK_COUNTSPMS
01c20000   CLK_REGS
01c20000   _CLK_REGS
07063d04   HWI_INTRMUX1
0b0a0908   HWI_INTRMUX2
11800000   .data
11800000   _LP_B
11800000   ___data__
11800000   ___edata__
11800000   edata
11800030   _LP_A
11800060   _BP_B
118000a8   _BP_A
118000f0   _HP_B
11800120   _HP_A
11800150   _x
118001a8   _y
11800200   _buffer
1181f600   _temp_lp
1181f62c   _CLK_inputClock
1181f630   __ftable
1181f810   __tmpnams
1181f950   __ft_end
1181f958   ___atexit_func_id__
1181fbfc   _dtors
1181fc00   _KNL_queues
1181fca0   _KNL_dummy
1181fda8   _TSK_ATTRS
1181fdc4   _TSK_config
1181fde4   _TSK_timerSem
1181fe08   _OBJ_table
1181fe40   _OBJ_segtab
1181fe5c   __TSK_mutex
1181fe84   __MEM_mutex
1181feb0   _SYS_exitStack
1181fee8   _EXC_status
1181ff14   __cleanup_ptr
1181ff18   __dtors_ptr
1181ff1c   ___TI_enable_exit_profile_output
1181ff20   __lock
1181ff24   __unlock
1181ff28   RTA_fromHost$buf
1181ff38   CLK_A_TABBEG
1181ff38   PRD_clock
1181ff38   _PRD_clock
1181ff3c   CLK_null
1181ff40   .text
1181ff40   _EVMC6748_init
1181ff40   ___text__
1181ff6c   _EVMC6748_initRAM
11820128   _EVMC6748_enableDsp
11820154   _EVMC6748_pinmuxConfig
118201f0   _EVMC6748_lpscTransition
118205c8   _config_pll0
11820804   _config_pll1
118209e8   _UTIL_printMem
11820b40   _UTIL_isUIBoardAttached
11820b60   _read_audio_sample
11820b84   _write_audio_sample
11820ba8   _initAll
11820c10   _McASP_Init
11820d54   _McASP_Start
11820f8c   _AIC3106_Init
11821040   _AIC3106_readRegister
11821094   _AIC3106_writeRegister
118210d8   _USTIMER_delay
11821150   _SetGpio
11821180   __divd
11821ca0   _main
11821d00   _check_led
11821d14   _flash_LED_rec
11821d60   _flash_LED_playback
11821d8c   _flash_LED_filtering
11821dcc   _dipPRD
11821eac   _add_to_buffer
11821ef4   _iir_filter
118220a4   _get_buffer
11822184   _audioHWI
11822740   _I2CGPIO_init
11822814   _I2CGPIO_getInput
11822930   _I2CGPIO_getInputAll
11822a40   _I2CGPIO_setOutput
11822b88   _I2CGPIO_setOutputAll
11822c20   __printfi
11823060   _GPIO_setDir
118230d8   _GPIO_getInput
1182314c   _GPIO_setOutput
118231cc   _GPIO_toggleLoop
118233e0   _I2C_init
118234cc   _I2C_read
11823628   _I2C_write
11823760   _fputs
11824520   __divull
11825040   _LED_init
1182508c   _LED_isOn
118250f4   _LED_turnOn
11825144   _LED_turnOff
1182518c   _LED_toggle
118253e0   __divul
11825580   _HOSTrename
11825700   _setvbuf
11825880   _DIP_init
118258a4   _DIP_get
11825908   _DIP_getAll
11825b20   _fputc
11825b20   _putc
11825da0   _fclose
11825ec0   _HOSTlseek
118260c0   __wrt_ok
118261c0   _call_dtors
118262c0   _HOSTopen
118263a0   _HOSTread
11826480   _atoi
11826560   _close
11826640   _memset
11826720   _HOSTunlink
118267e0   _HOSTwrite
118268a0   __cleanup
11826a20   __c6xabi_divu
11826a20   __divu
11826ae0   __doflush
11826ba0   __c6xabi_remi
11826ba0   __remi
11826c60   _atexit
11826d20   _fseek
11826de0   _lseek
11826ea0   _ltoa
11826f60   _write
118270e0   _HOSTclose
11827180   __divli
11827360   __fixdli
11827540   _memcpy
118275e0   __fltlid
11827660   __llshl
118276e0   _printf
11827760   _readmsg
118277e0   _unlink
11827860   __subcull
118278c0   _memccpy
11827920   _writemsg
11827978   C$$IO$$
11827980   ___add_dtor
118279c0   ___isinf
11827a40   __frcmpyd_div
11827a80   __llshru
11827ac0   __remli
11827b00   __negll
11827b20   __nop
11827b80   __register_lock
11827ba0   __register_unlock
11827bc0   _remove
11827be0   LNK_F_checkBufferCall
11827be0   ___etext__
11827be0   etext
11827c00   LNK_F_getChanPtr
11827c58   LNK_F_init
11827c60   LNK_F_dataPump
11827c70   LNK_rcloop
11827d34   LNK_rdrtry
11827d44   LNK_rrloop
11827e04   LNK_wrrtry
11827e10   LNK_wrloop
11827ee0   LNK_newin
11828014   LNK_newout
11828168   LNK_F_readCallBack
118281a0   _EXC_nmi
118281d4   _EXC_internal
11828480   _EXC_init
118284c0   _EXC_getLastStatus
118284e0   _EXC_external
11828514   _EXC_exceptionHandler
118286f0   _EXC_clearLastStatus
11828720   CLK_HOOKFXN
11828720   HWI_F_dispatch
11828720   _HWI_F_dispatch
11828720   __HWI_lat1beg
118288a8   __HWI_lat1end
118288a8   __HWI_lat2beg
11828a10   __HWI_lat2end2
11828a40   __HWI_lat3end2
11828a84   __HWI_lat2end1
11828aa0   __HWI_lat3beg
11828c00   SWI_F_enable
11828c00   __SWI_lat3beg
11828c6c   __SWI_lat3end
11828c70   SWI_F_post
11828c70   _SWI_post
11828d78   __SWI_lat1beg
11828de4   SWI_EXECFXN
11828de4   SWI_F_exec
11828e0c   SWI_F_iexec
11828e24   __SWI_lat1end
11828e28   __SWI_lat2beg
11828e88   __SWI_lat2end
11828e8c   SWI_F_run
11828e8c   SWI_RUNFXN
118290c0   PRD_F_swi
11829344   PRD_F_tick
11829440   _free
11829464   _malloc
118294c4   _realloc
118295a8   _memalign
1182966c   _calloc
118296c0   RTA_F_getlog
118296f8   RTA_F_getsts
11829738   RTA_F_readblk
11829754   RTA_F_writeword
11829760   RTA_F_resetmem
11829760   __RTA_lat1beg
11829794   __RTA_lat1end
118297a0   RTA_F_dispatch
118297ec   RTA_execute
11829940   _KNL_run
11829b80   _MEM_alloc
11829f54   PRD_THOOKFXN
11829f54   _KNL_tick
11829f80   _MEM_free
1182a160   _EXC_dispatch
1182a324   _EXC_setReturnPtr
1182a340   PIP_F_take
1182a3b8   PIP_F_give
1182a3b8   PIP_F_probe
1182a488   PIP_F_start
1182a520   _SEM_pendEnterKnl
1182a700   __SEM_dopost
1182a8a0   _TSK_setup
1182aa40   CLK_F_getltime
1182aa50   CLK_F_isr
1182ab90   CLK_F_itime
1182ab90   _CLK_F_itime
1182ab90   _CLK_itime
1182abb0   __CLK_lat1beg
1182abd0   __CLK_lat1end
1182abe0   _KNL_saveIsrFrame
1182ac8c   _KNL_switch
1182ad38   KNL_glue
1182ad60   __auto_init
1182aea0   _TSK_exit
1182afe0   _BCACHE_setSize
1182b024   _BCACHE_setMar
1182b074   _BCACHE_setCacheToSram
1182b0a4   _BCACHE_getSize
1182b0f4   _BCACHE_getMar
1182b188   _GBL_cacheInit64P
1182b240   _KNL_check
1182b28c   __KNL_lat1beg
1182b308   _KNL_idle
1182b308   __KNL_lat1end
1182b330   _KNL_max
1182b404   _TSK_startup
1182b480   _SEM_post
1182b480   _SEM_postBinary
1182b560   _KNL_exit
1182b5a0   _KNL_enter
1182b620   _SEM_postEnterKnl
1182b6c0   _SYS_exit
1182b760   _KNL_ipost
1182b7e0   _KNL_post
1182b860   _LCK_post
1182b880   _LCK_pend
1182b8e0   LOG_F_event
1182b8e0   _LOG_event
1182b8e0   __LOG_lat1beg
1182b960   IDL_F_calibrate
1182b9e0   _SYS_error
1182ba40   FXN_F_nop
1182ba44   FXN_F_run
1182ba44   _FXN_F_run
1182ba80   FXN_F_zero
1182ba80   _FXN_F_zero
1182baa0   _HWI_disable
1182bab8   _HWI_enable
1182bacc   _HWI_restore
1182bb00   IDL_F_busy
1182bb00   __IDL_lat1beg
1182bb40   __IDL_lat1end
1182bb60   _SEM_pend
1182bbc0   STS_F_delta
1182bbc0   _STS_delta
1182bbec   STS_F_add
1182bbec   _STS_add
1182bc08   STS_F_reset
1182bc08   _STS_reset
1182bc20   _SYS_abort
1182bc80   _CLK_measure
1182bce0   IDL_CALIBRFXN
1182bce0   IDL_F_stub
1182bd20   RTA_F_andn
1182bd38   RTA_F_or
1182bd60   SYS_ABORTFXN
1182bd60   _UTL_doAbort
1182bda0   SYS_PUTCFXN
1182bda0   _UTL_doPutc
1182bde0   GBL_USERINITFXN
1182bde0   GIO_CREATEFXN
1182bde0   GIO_DELETEFXN
1182bde0   GIO_PENDFXN
1182bde0   GIO_POSTFXN
1182bde0   PWRM_PWRM_SHAREDRESOURCEFXN
1182bde0   PWRM_PWRM_SLOTHOOKFXN
1182bde0   TSK_VCREATEFXN
1182bde0   TSK_VDELETEFXN
1182bde0   TSK_VEXITFXN
1182bde0   _BCACHE_bootInit
1182bde0   _FXN_F_nop
1182be00   _GBL_getVersion
1182be20   IDL_F_loop
1182be20   _IDL_loop
1182be40   _STS_set
1182be60   SYS_ERRORFXN
1182be60   _UTL_doError
1182be80   SYS_EXITFXN
1182be80   _UTL_halt
1182bea0   CLK_F_gethtime
1182bea0   CLK_TIMEFXN
1182bea0   _CLK_gethtime
1182bec0   IRAM$B
1182bec0   _IRAM_base
1182dec0   ___cinit__
1182dec0   cinit
1182f2ac   IDL_A_TABBEG
1182f2ac   IDL_cpuLoad
1182f2ac   _IDL_cpuLoad
1182f2b0   LNK_dataPump
1182f2b0   _LNK_dataPump
1182f2b4   RTA_dispatcher
1182f2b4   _RTA_dispatcher
1182f2b8   IDL_END
1182f340   _RTDX_Buffer
1182f748   _RTDX_Buffer_Start
1182f74c   _RTDX_Buffer_End
1182f750   _rtdx_mon_state
1182f794   _rtdx_buffer_state
1182f7a0   _RTDX_writing
1182f800   LOG_system$buf
11830000   trace$buf
11831000   _HSRTDX_rec
118312a0   _RTDX_Buffer_WriteCB
11831760   _HSRTDX_xmt
11831a60   _RTDX_Mon_Queue
11831cc0   _RTDX_Poll
11831d60   _RTDX_Final_RT_Monitor
11831de0   _RTDX_Buffer_Initialize
11831e40   _RTDX_Init_RT_Monitor
11831ea0   _RTDX_Buffer_ReadCB
11831ee0   _RTDX_Buffer_Size
11831f20   _RTDX_memfill
11831f60   _RTDX_Buffer_Read
11831f80   _RTDX_Buffer_Write
11831fa0   _RTDX_Mask_IER
11831fc0   BIOS_init
11831fc0   _BIOS_init
11832144   BIOS$$CLKON
11832184   BIOS$$CLKOFF
118321f0   BIOS_start
118321f0   _BIOS_start
11832340   _c_int00
11832400   _MEM_init
118324c0   _TSK_init
118326b8   __ctypes_
118327c0   _bitval_u32
11832939   PRD0$sts$maxfmt
11832940   TSK_idle$stack
11832942   PRD0$sts$sumfmt
1183294b   PRD0$sts$avgfmt
11832956   PRD1$sts$maxfmt
1183295f   PRD1$sts$sumfmt
11832968   PRD1$sts$avgfmt
11832973   PRD2$sts$maxfmt
1183297c   PRD2$sts$sumfmt
11832985   PRD2$sts$avgfmt
11832990   PRD3$sts$maxfmt
11832999   PRD3$sts$sumfmt
118329a2   PRD3$sts$avgfmt
118329ad   KNL_swi$sts$maxfmt
118329b5   KNL_swi$sts$sumfmt
118329bd   KNL_swi$sts$avgfmt
118329c7   PRD_swi$sts$maxfmt
118329cf   PRD_swi$sts$sumfmt
118329d7   PRD_swi$sts$avgfmt
118329e1   TSK_idle$sts$maxfmt
118329e9   TSK_idle$sts$sumfmt
118329f1   TSK_idle$sts$avgfmt
118329fb   IDL_busyObj$maxfmt
118329fe   IDL_busyObj$sumfmt
11832a01   IDL_busyObj$avgfmt
11832cd8   TSK_idle$stkptr
11832d40   GBL_stackbeg
11832d40   _HWI_STKTOP
11832d40   __stack
11833138   _HWI_STKBOTTOM
1183313f   GBL_stackend
11833140   $bss
11833140   .bss
11833140   _HWI_dispatchTab
11833140   __STACK_END
11833140   ___bss__
11833240   IDL_D_tabbeg
11833244   IDL_D_calibrate
11833248   IDL_D_calbeg
1183324c   LOG_D_system
1183324c   _LOG_D_system
11833250   PIP_D_tabbeg
11833254   PIP_D_tablen
11833258   CLK_R_time
1183325c   CLK_D_timefxn
11833260   CLK_D_tabbeg
11833264   CLK_D_isrhook
11833268   CLK_D_idletime
1183326c   _CLK_htimeDiv
11833270   _CLK_htimeMult
11833274   _CLK_ltimeDiv
11833278   _CLK_ltimeMult
1183327c   _CLK_D_dirty
11833280   _CLK_D_prd
11833284   _CLK_D_tddr
11833288   _CLK_D_countspms
1183328c   PRD_D_tick
1183328c   _PRD_D_tick
11833290   PRD_D_cur
11833294   PRD_D_elapsed
11833298   PRD_D_prevtim
1183329c   PRD_D_scalar
118332a0   PRD_D_swihandle
118332a4   PRD_D_tabbeg
118332a8   PRD_D_tablen
118332ac   PRD_D_thook
118332b0   RTA_D_fromHost
118332b4   RTA_D_toHost
118332b8   RTA_D_logval
118332c8   RTA_D_stsval
118332d4   HST_D_chanmask
118332d8   HST_D_tabbeg
118332dc   HST_D_tabend
118332e0   _GBL_procId
118332e4   _GBL_clkIn
118332e8   _GBL_freq
118332ec   _MEM_D_NUMSEGMENTS
118332f0   _MEM_D_memtab
118332f4   _MEM_D_freelist
118332f8   _MEM_D_lockaddr
118332fc   _MEM_D_unlockaddr
11833300   _SYS
11833304   __HOOK_knlId
11833308   __HOOK_NUMHOOKS
1183330c   SWI_D_runaddr
1183330c   _SWI_D_runaddr
1183330c   _SWI_data
11833310   SWI_D_execaddr
11833310   _SWI_D_execaddr
11833314   SWI_D_curmask
11833314   _SWI_D_curmask
11833318   SWI_D_curset
11833318   _SWI_D_curset
1183331c   SWI_D_lock
1183331c   _SWI_D_lock
11833320   SWI_D_curmbox
11833324   SWI_D_curfxn
11833324   _SWI_D_curfxn
11833328   SWI_D_rdybeg
11833328   _SWI_D_rdybeg
1183332c   SWI_D_inswi
1183332c   _SWI_D_inswi
11833330   SWI_D_rdytab
118333a8   _KNL_wFlag
118333ac   _KNL_wList
118333b0   _KNL_alarm
118333b4   _KNL_setpri
118333b8   _KNL_inactive
118333bc   _KNL_priority
118333c0   _KNL_set
118333c4   _KNL_curtask
118333c8   _KNL_prevtask
118333cc   _KNL_curtime
118333d0   _KNL_swiptr
118333d4   _KNL_curqueue
118333d8   _KNL_maxqueue
118333dc   _KNL_tswitchfxn
118333e0   _KNL_tcreatefxn
118333e4   _KNL_tdeletefxn
118333e8   _KNL_treadyfxn
118333ec   _KNL_idlefxn
118333f0   _MEM_memtab
118333fc   HST_DSMBUFSEG
118333fc   IRAM
118333fc   MEM_MALLOCSEG
118333fc   MEM_SEGZERO
118333fc   RTDX_DATAMEMSEG
118333fc   _IRAM
118333fc   _SEG0
11833400   RTA_fromHost$pipe$dtab
1183340c   RTA_toHost$pipe$dtab
11833418   _sw1
1183341a   _sw2
1183341c   _sw6
1183341e   _sw7
11833420   _sw8
11833424   _index
11833428   _fs
1183342a   _buffer_len
1183342c   _n
1183342e   _m
11833430   _i
11833432   _n_temp
11833434   _y_lp
11833438   _j
1183343a   _k
1183343c   _CLK_htimePerLtime
11833440   _EXC_sysTrapTable
11833448   _EXC_returnPtr
11833460   HWI_D_spsave
11833460   _HWI_D_spsave
11833460   _HWI_data
1183346c   _HWI_D_inhwi
11833470   HWI_D_bss
11833474   HWI_D_ccmask
11833478   LNK_dspFrameRequestMask
11833478   _LNK_dspFrameRequestMask
1183347c   LNK_dspFrameReadyMask
1183347c   _LNK_dspFrameReadyMask
11833480   LNK_readPend
11833480   _LNK_readPend
11833484   LNK_readDone
11833484   _LNK_readDone
11833488   LNK_readFail
11833488   _LNK_readFail
1183348c   LNK_writeFail
1183348c   _LNK_writeFail
11833490   _EXC_exceptionHook
11833494   _EXC_internalHook
11833498   _EXC_externalHook
1183349c   _EXC_nmiHook
118334a8   _rtdxNullChanCnt
118334ac   _rtdxNullFuncCnt
118334b0   _rtdxXmtNotDoneCnt
118334b4   _rtdxRecNotDoneCnt
118334b8   _rtdxXmtRestartCnt
118334bc   _rtdxXmtErrorCnt
118334c0   _TSK_nTasks
118334c4   _TSK_pid
118334c8   _TSK
118334cc   _CLK_DFLTMICROSECS
118334d0   _CLK_D_microseconds
118334d4   _SYS_exitStackPtr
118334d8   _SYS_exitStackTop
118334dc   IDL_D_busyObj
118334e0   _MEM
118334e8   _SYS_PUTCBEG
118334e8   ___end__
118334e8   end
118336e7   _SYS_PUTCEND
118336e8   RTA_toHost$buf
118337e8   IDL_A_CALBEG
118337e8   IDL_cpuLoad$
118337ec   LNK_dataPump$
118337f0   RTA_dispatcher$
118337f4   IDL_END$
11833800   HWI_A_VECS
11833800   hwi0
11833820   hwi1
11833840   hwi2
11833860   hwi3
11833880   hwi4
118338a0   hwi5
118338c0   hwi6
118338e0   hwi7
11833900   hwi8
11833920   hwi9
11833940   hwi10
11833960   hwi11
11833980   hwi12
118339a0   hwi13
118339c0   hwi14
118339e0   hwi15
11833a00   __CIOBUF_
11833b20   PIP_A_TABBEG
11833b20   RTA_fromHost$pipe
11833b20   _PIP_A_TABBEG
11833b24   RTA_fromHost$pipe$rd
11833b50   RTA_fromHost$pipe$aaa
11833b54   RTA_fromHost$pipe$wr
11833b80   RTA_fromHost$pipe$bbb
11833b84   RTA_toHost$pipe
11833b88   RTA_toHost$pipe$rd
11833bb4   RTA_toHost$pipe$aaa
11833bb8   RTA_toHost$pipe$wr
11833be4   RTA_toHost$pipe$bbb
11833be8   PIP_A_TABEND
11833be8   PRD0
11833be8   PRD_A_TABBEG
11833be8   _PIP_A_TABEND
11833be8   _PRD0
11833c04   PRD0$aaa
11833c08   PRD1
11833c08   _PRD1
11833c24   PRD1$aaa
11833c28   PRD2
11833c28   _PRD2
11833c44   PRD2$aaa
11833c48   PRD3
11833c48   _PRD3
11833c64   PRD3$aaa
11833c68   PRD0$sts$stsobj
11833c68   PRD_A_TABEND
11833c68   STS_A_TABBEG
11833c68   _STS_A_TABBEG
11833c6c   PRD0$sts
11833c78   PRD1$sts$stsobj
11833c7c   PRD1$sts
11833c88   PRD2$sts$stsobj
11833c8c   PRD2$sts
11833c98   PRD3$sts$stsobj
11833c9c   PRD3$sts
11833ca8   KNL_swi$sts$stsobj
11833cac   KNL_swi$sts
11833cb8   PRD_swi$sts$stsobj
11833cbc   PRD_swi$sts
11833cc8   TSK_idle$sts$stsobj
11833ccc   TSK_idle$sts
11833cd8   IDL_busyObj$stsobj
11833cdc   IDL_busyObj
11833cdc   _IDL_busyObj
11833ce8   STS_A_TABEND
11833ce8   _STS_A_TABEND
11833cf4   TSK_idle
11833cf4   _TSK_idle
11833d48   KNL_swi
11833d48   SWI_A_TABBEG
11833d48   _KNL_swi
11833d74   PRD_SWIHANDLE
11833d74   PRD_swi
11833d74   _PRD_swi
11833da0   SWI_A_TABEND
11833de4   HST_A_TABBEG
11833de4   _HST_A_TABBEG
11833de8   RTA_fromHost
11833de8   _RTA_fromHost
11833df0   RTA_fromHost$rtdx
11833e04   RTA_toHost
11833e04   _RTA_toHost
11833e0c   RTA_toHost$rtdx
11833e20   HST_A_TABEND
11833e20   LOG_A_TABBEG
11833e20   LOG_system
11833e20   _HST_A_TABEND
11833e20   _LOG_A_TABBEG
11833e20   _LOG_system
11833e38   _trace
11833e38   trace
11833e50   LOG_A_TABEND
11833e50   SYS$config
11833e50   _LOG_A_TABEND
11833e60   ___pinit__
11833e60   pinit
11833e6c   TRC_cinit
11833e70   TRC_R_mask
11833e70   _TRC_R_mask
11833e74   GBL_initdone
28040d0c   HWI_INTRMUX3
ffffffff   CACHE_L1D
ffffffff   CACHE_L1P
ffffffff   DDR
ffffffff   ECM_EVTMASK0
ffffffff   ECM_EVTMASK1
ffffffff   ECM_EVTMASK2
ffffffff   ECM_EVTMASK3
ffffffff   GBL_L2MAR192_223
ffffffff   L3_CBA_RAM
ffffffff   _CACHE_L1D
ffffffff   _CACHE_L1P
ffffffff   _DDR
ffffffff   _L3_CBA_RAM
ffffffff   ___TI_pprof_out_hndl
ffffffff   ___TI_prof_data_size
ffffffff   ___TI_prof_data_start
ffffffff   ___binit__
ffffffff   ___c_args__
ffffffff   binit

[1205 symbols]
