<?xml version="1.0"?>
<link_info>
   <banner>TMS320C6x Linker PC v7.3.23</banner>
   <copyright>Copyright (c) 1996-2015 Texas Instruments Incorporated</copyright>
   <link_time>0x67e2d8db</link_time>
   <output_file>MiniProject.out</output_file>
   <entry_point>
      <name>_c_int00</name>
      <address>0x11832340</address>
   </entry_point>
   <input_file_list>
      <input_file id="fl-2">
         <path>.\</path>
         <kind>object</kind>
         <file>framework.obj</file>
         <name>framework.obj</name>
      </input_file>
      <input_file id="fl-3">
         <path>.\</path>
         <kind>object</kind>
         <file>hellocfg.obj</file>
         <name>hellocfg.obj</name>
      </input_file>
      <input_file id="fl-4">
         <path>.\</path>
         <kind>object</kind>
         <file>hellocfg_c.obj</file>
         <name>hellocfg_c.obj</name>
      </input_file>
      <input_file id="fl-5">
         <path>.\</path>
         <kind>object</kind>
         <file>main.obj</file>
         <name>main.obj</name>
      </input_file>
      <input_file id="fl-7c">
         <path>C:\ti\bios_5_42_01_09\packages\ti\bios\lib\</path>
         <kind>archive</kind>
         <file>bios.a674</file>
         <name>biosdata.o674</name>
      </input_file>
      <input_file id="fl-7d">
         <path>C:\ti\bios_5_42_01_09\packages\ti\bios\lib\</path>
         <kind>archive</kind>
         <file>bios.a674</file>
         <name>hwi_disp_asm.o674</name>
      </input_file>
      <input_file id="fl-7e">
         <path>C:\ti\bios_5_42_01_09\packages\ti\bios\lib\</path>
         <kind>archive</kind>
         <file>bios.a674</file>
         <name>idl_stub.o674</name>
      </input_file>
      <input_file id="fl-7f">
         <path>C:\ti\bios_5_42_01_09\packages\ti\bios\lib\</path>
         <kind>archive</kind>
         <file>lnkrtdx.a674</file>
         <name>rtdx.o674</name>
      </input_file>
      <input_file id="fl-80">
         <path>C:\ti\bios_5_42_01_09\packages\ti\bios\lib\</path>
         <kind>archive</kind>
         <file>bios.a674</file>
         <name>swi.o674</name>
      </input_file>
      <input_file id="fl-81">
         <path>C:\ti\bios_5_42_01_09\packages\ti\bios\lib\</path>
         <kind>archive</kind>
         <file>bios6748.a674</file>
         <name>clk_gethtime.o674</name>
      </input_file>
      <input_file id="fl-82">
         <path>C:\ti\bios_5_42_01_09\packages\ti\bios\lib\</path>
         <kind>archive</kind>
         <file>bios.a674</file>
         <name>fxn_c.o674</name>
      </input_file>
      <input_file id="fl-83">
         <path>C:\ti\bios_5_42_01_09\packages\ti\bios\lib\</path>
         <kind>archive</kind>
         <file>bios.a674</file>
         <name>knl_tick.o674</name>
      </input_file>
      <input_file id="fl-84">
         <path>C:\ti\bios_5_42_01_09\packages\ti\bios\lib\</path>
         <kind>archive</kind>
         <file>bios.a674</file>
         <name>utl_doab.o674</name>
      </input_file>
      <input_file id="fl-85">
         <path>C:\ti\bios_5_42_01_09\packages\ti\bios\lib\</path>
         <kind>archive</kind>
         <file>bios.a674</file>
         <name>utl_doer.o674</name>
      </input_file>
      <input_file id="fl-86">
         <path>C:\ti\bios_5_42_01_09\packages\ti\bios\lib\</path>
         <kind>archive</kind>
         <file>bios.a674</file>
         <name>utl_putc.o674</name>
      </input_file>
      <input_file id="fl-87">
         <path>C:\ti\bios_5_42_01_09\packages\ti\bios\lib\</path>
         <kind>archive</kind>
         <file>bios.a674</file>
         <name>utl_halt.o674</name>
      </input_file>
      <input_file id="fl-88">
         <path>C:\ti\bios_5_42_01_09\packages\ti\bios\lib\</path>
         <kind>archive</kind>
         <file>bios6748.a674</file>
         <name>clk.o674</name>
      </input_file>
      <input_file id="fl-89">
         <path>C:\ti\bios_5_42_01_09\packages\ti\bios\lib\</path>
         <kind>archive</kind>
         <file>bios.a674</file>
         <name>fxn.o674</name>
      </input_file>
      <input_file id="fl-8a">
         <path>C:\ti\bios_5_42_01_09\packages\ti\bios\lib\</path>
         <kind>archive</kind>
         <file>bios.a674</file>
         <name>boot.o674</name>
      </input_file>
      <input_file id="fl-8b">
         <path>C:\ti\bios_5_42_01_09\packages\ti\bios\lib\</path>
         <kind>archive</kind>
         <file>bios.a674</file>
         <name>trc.o674</name>
      </input_file>
      <input_file id="fl-8c">
         <path>C:\ti\bios_5_42_01_09\packages\ti\bios\lib\</path>
         <kind>archive</kind>
         <file>bios.a674</file>
         <name>hwi.o674</name>
      </input_file>
      <input_file id="fl-8d">
         <path>C:\ti\bios_5_42_01_09\packages\ti\bios\lib\</path>
         <kind>archive</kind>
         <file>bios.a674</file>
         <name>idl_busy.o674</name>
      </input_file>
      <input_file id="fl-8e">
         <path>C:\ti\bios_5_42_01_09\packages\ti\bios\lib\</path>
         <kind>archive</kind>
         <file>bios6748.a674</file>
         <name>idl_cal.o674</name>
      </input_file>
      <input_file id="fl-8f">
         <path>C:\ti\bios_5_42_01_09\packages\ti\bios\lib\</path>
         <kind>archive</kind>
         <file>bios.a674</file>
         <name>idl.o674</name>
      </input_file>
      <input_file id="fl-90">
         <path>C:\ti\bios_5_42_01_09\packages\ti\bios\lib\</path>
         <kind>archive</kind>
         <file>bios.a674</file>
         <name>knl_swit.o674</name>
      </input_file>
      <input_file id="fl-91">
         <path>C:\ti\bios_5_42_01_09\packages\ti\bios\lib\</path>
         <kind>archive</kind>
         <file>bios.a674</file>
         <name>log.o674</name>
      </input_file>
      <input_file id="fl-92">
         <path>C:\ti\bios_5_42_01_09\packages\ti\bios\lib\</path>
         <kind>archive</kind>
         <file>bios.a674</file>
         <name>pip.o674</name>
      </input_file>
      <input_file id="fl-93">
         <path>C:\ti\bios_5_42_01_09\packages\ti\bios\lib\</path>
         <kind>archive</kind>
         <file>bios.a674</file>
         <name>prd.o674</name>
      </input_file>
      <input_file id="fl-94">
         <path>C:\ti\bios_5_42_01_09\packages\ti\bios\lib\</path>
         <kind>archive</kind>
         <file>bios.a674</file>
         <name>rta.o674</name>
      </input_file>
      <input_file id="fl-95">
         <path>C:\ti\bios_5_42_01_09\packages\ti\bios\lib\</path>
         <kind>archive</kind>
         <file>bios.a674</file>
         <name>rta_andn.o674</name>
      </input_file>
      <input_file id="fl-96">
         <path>C:\ti\bios_5_42_01_09\packages\ti\bios\lib\</path>
         <kind>archive</kind>
         <file>bios.a674</file>
         <name>sts.o674</name>
      </input_file>
      <input_file id="fl-97">
         <path>C:\ti\bios_5_42_01_09\packages\ti\bios\lib\</path>
         <kind>archive</kind>
         <file>bios.a674</file>
         <name>clk_data.o674</name>
      </input_file>
      <input_file id="fl-98">
         <path>C:\ti\bios_5_42_01_09\packages\ti\bios\lib\</path>
         <kind>archive</kind>
         <file>bios.a674</file>
         <name>clk_data2.o674</name>
      </input_file>
      <input_file id="fl-99">
         <path>C:\ti\bios_5_42_01_09\packages\ti\bios\lib\</path>
         <kind>archive</kind>
         <file>bios6748.a674</file>
         <name>clk_data.o674</name>
      </input_file>
      <input_file id="fl-9a">
         <path>C:\ti\bios_5_42_01_09\packages\ti\bios\lib\</path>
         <kind>archive</kind>
         <file>bios6748.a674</file>
         <name>clk_meas.o674</name>
      </input_file>
      <input_file id="fl-9b">
         <path>C:\ti\c6748\bsl\lib\</path>
         <kind>archive</kind>
         <file>evmc6748_bsl.lib</file>
         <name>evmc6748_dip.obj</name>
      </input_file>
      <input_file id="fl-9c">
         <path>C:\ti\c6748\bsl\lib\</path>
         <kind>archive</kind>
         <file>evmc6748_bsl.lib</file>
         <name>evmc6748.obj</name>
      </input_file>
      <input_file id="fl-9d">
         <path>C:\ti\bios_5_42_01_09\packages\ti\bios\lib\</path>
         <kind>archive</kind>
         <file>bios.a674</file>
         <name>exc_asm.o674</name>
      </input_file>
      <input_file id="fl-9e">
         <path>C:\ti\bios_5_42_01_09\packages\ti\bios\lib\</path>
         <kind>archive</kind>
         <file>bios.a674</file>
         <name>exc.o674</name>
      </input_file>
      <input_file id="fl-9f">
         <path>C:\ti\bios_5_42_01_09\packages\ti\bios\lib\</path>
         <kind>archive</kind>
         <file>bios.a674</file>
         <name>gbl_cacheinit64P.o674</name>
      </input_file>
      <input_file id="fl-a0">
         <path>C:\ti\bios_5_42_01_09\packages\ti\bios\lib\</path>
         <kind>archive</kind>
         <file>bios6748.a674</file>
         <name>bcache_init.o674</name>
      </input_file>
      <input_file id="fl-a1">
         <path>C:\ti\bios_5_42_01_09\packages\ti\bios\lib\</path>
         <kind>archive</kind>
         <file>bios.a674</file>
         <name>gbl_vers.o674</name>
      </input_file>
      <input_file id="fl-a2">
         <path>C:\ti\c6748\bsl\lib\</path>
         <kind>archive</kind>
         <file>evmc6748_bsl.lib</file>
         <name>evmc6748_gpio.obj</name>
      </input_file>
      <input_file id="fl-a3">
         <path>C:\ti\bios_5_42_01_09\packages\ti\rtdx\lib\c6000\</path>
         <kind>archive</kind>
         <file>rtdx64xplus.lib</file>
         <name>rtdx_mon.o64P</name>
      </input_file>
      <input_file id="fl-a4">
         <path>C:\ti\bios_5_42_01_09\packages\ti\bios\lib\</path>
         <kind>archive</kind>
         <file>bios.a674</file>
         <name>hwi_c.o674</name>
      </input_file>
      <input_file id="fl-a5">
         <path>C:\ti\c6748\bsl\lib\</path>
         <kind>archive</kind>
         <file>evmc6748_bsl.lib</file>
         <name>evmc6748_i2c_gpio.obj</name>
      </input_file>
      <input_file id="fl-a6">
         <path>C:\ti\c6748\bsl\lib\</path>
         <kind>archive</kind>
         <file>evmc6748_bsl.lib</file>
         <name>evmc6748_i2c.obj</name>
      </input_file>
      <input_file id="fl-a7">
         <path>C:\ti\bios_5_42_01_09\packages\ti\bios\lib\</path>
         <kind>archive</kind>
         <file>bios.a674</file>
         <name>knl.o674</name>
      </input_file>
      <input_file id="fl-a8">
         <path>C:\ti\bios_5_42_01_09\packages\ti\bios\lib\</path>
         <kind>archive</kind>
         <file>bios.a674</file>
         <name>knl_exit.o674</name>
      </input_file>
      <input_file id="fl-a9">
         <path>C:\ti\bios_5_42_01_09\packages\ti\bios\lib\</path>
         <kind>archive</kind>
         <file>bios.a674</file>
         <name>knl_chec.o674</name>
      </input_file>
      <input_file id="fl-aa">
         <path>C:\ti\bios_5_42_01_09\packages\ti\bios\lib\</path>
         <kind>archive</kind>
         <file>bios.a674</file>
         <name>knl_post.o674</name>
      </input_file>
      <input_file id="fl-ab">
         <path>C:\ti\bios_5_42_01_09\packages\ti\bios\lib\</path>
         <kind>archive</kind>
         <file>bios.a674</file>
         <name>knl_ipos.o674</name>
      </input_file>
      <input_file id="fl-ac">
         <path>C:\ti\bios_5_42_01_09\packages\ti\bios\lib\</path>
         <kind>archive</kind>
         <file>bios.a674</file>
         <name>knl_run.o674</name>
      </input_file>
      <input_file id="fl-ad">
         <path>C:\ti\c6748\bsl\lib\</path>
         <kind>archive</kind>
         <file>evmc6748_bsl.lib</file>
         <name>evmc6748_led.obj</name>
      </input_file>
      <input_file id="fl-ae">
         <path>C:\ti\bios_5_42_01_09\packages\ti\bios\lib\</path>
         <kind>archive</kind>
         <file>bios.a674</file>
         <name>mem_asm.o674</name>
      </input_file>
      <input_file id="fl-af">
         <path>C:\ti\bios_5_42_01_09\packages\ti\bios\lib\</path>
         <kind>archive</kind>
         <file>bios.a674</file>
         <name>mem_init.o674</name>
      </input_file>
      <input_file id="fl-b0">
         <path>C:\ti\bios_5_42_01_09\packages\ti\bios\lib\</path>
         <kind>archive</kind>
         <file>bios.a674</file>
         <name>obj_init.o674</name>
      </input_file>
      <input_file id="fl-b1">
         <path>C:\ti\bios_5_42_01_09\packages\ti\rtdx\lib\c6000\</path>
         <kind>archive</kind>
         <file>rtdx64xplus.lib</file>
         <name>buffer2.o64P</name>
      </input_file>
      <input_file id="fl-b2">
         <path>C:\ti\bios_5_42_01_09\packages\ti\rtdx\lib\c6000\</path>
         <kind>archive</kind>
         <file>rtdx64xplus.lib</file>
         <name>buffer1.o64P</name>
      </input_file>
      <input_file id="fl-b3">
         <path>C:\ti\bios_5_42_01_09\packages\ti\rtdx\lib\c6000\</path>
         <kind>archive</kind>
         <file>rtdx64xplus.lib</file>
         <name>intr_tgt.o64P</name>
      </input_file>
      <input_file id="fl-b4">
         <path>C:\ti\bios_5_42_01_09\packages\ti\rtdx\lib\c6000\</path>
         <kind>archive</kind>
         <file>rtdx64xplus.lib</file>
         <name>memfill.o64P</name>
      </input_file>
      <input_file id="fl-b5">
         <path>C:\ti\bios_5_42_01_09\packages\ti\bios\lib\</path>
         <kind>archive</kind>
         <file>bios.a674</file>
         <name>sts_set.o674</name>
      </input_file>
      <input_file id="fl-b6">
         <path>C:\ti\bios_5_42_01_09\packages\ti\bios\lib\</path>
         <kind>archive</kind>
         <file>bios.a674</file>
         <name>sys_abor.o674</name>
      </input_file>
      <input_file id="fl-b7">
         <path>C:\ti\bios_5_42_01_09\packages\ti\bios\lib\</path>
         <kind>archive</kind>
         <file>bios.a674</file>
         <name>tsk.o674</name>
      </input_file>
      <input_file id="fl-b8">
         <path>C:\ti\bios_5_42_01_09\packages\ti\bios\lib\</path>
         <kind>archive</kind>
         <file>bios.a674</file>
         <name>tsk_exit.o674</name>
      </input_file>
      <input_file id="fl-b9">
         <path>C:\ti\bios_5_42_01_09\packages\ti\bios\lib\</path>
         <kind>archive</kind>
         <file>bios.a674</file>
         <name>sys_exit.o674</name>
      </input_file>
      <input_file id="fl-ba">
         <path>C:\ti\bios_5_42_01_09\packages\ti\bios\lib\</path>
         <kind>archive</kind>
         <file>bios.a674</file>
         <name>sys.o674</name>
      </input_file>
      <input_file id="fl-bb">
         <path>C:\ti\bios_5_42_01_09\packages\ti\bios\lib\</path>
         <kind>archive</kind>
         <file>bios.a674</file>
         <name>tsk_init.o674</name>
      </input_file>
      <input_file id="fl-bc">
         <path>C:\ti\bios_5_42_01_09\packages\ti\bios\lib\</path>
         <kind>archive</kind>
         <file>bios.a674</file>
         <name>tsk_setu.o674</name>
      </input_file>
      <input_file id="fl-bd">
         <path>C:\ti\bios_5_42_01_09\packages\ti\bios\lib\</path>
         <kind>archive</kind>
         <file>bios.a674</file>
         <name>tsk_stup.o674</name>
      </input_file>
      <input_file id="fl-be">
         <path>C:\ti\bios_5_42_01_09\packages\ti\bios\lib\</path>
         <kind>archive</kind>
         <file>bios.a674</file>
         <name>lck.o674</name>
      </input_file>
      <input_file id="fl-bf">
         <path>C:\ti\bios_5_42_01_09\packages\ti\bios\lib\</path>
         <kind>archive</kind>
         <file>bios.a674</file>
         <name>sem_pend_counting.o674</name>
      </input_file>
      <input_file id="fl-c0">
         <path>C:\ti\bios_5_42_01_09\packages\ti\bios\lib\</path>
         <kind>archive</kind>
         <file>bios.a674</file>
         <name>sem_pend.o674</name>
      </input_file>
      <input_file id="fl-c1">
         <path>C:\ti\bios_5_42_01_09\packages\ti\bios\lib\</path>
         <kind>archive</kind>
         <file>bios.a674</file>
         <name>sem_post_asm.o674</name>
      </input_file>
      <input_file id="fl-c2">
         <path>C:\ti\bios_5_42_01_09\packages\ti\bios\lib\</path>
         <kind>archive</kind>
         <file>bios.a674</file>
         <name>sem_post.o674</name>
      </input_file>
      <input_file id="fl-c3">
         <path>C:\ti\bios_5_42_01_09\packages\ti\bios\lib\</path>
         <kind>archive</kind>
         <file>bios.a674</file>
         <name>sem_dopo.o674</name>
      </input_file>
      <input_file id="fl-c4">
         <path>C:\ti\bios_5_42_01_09\packages\ti\bios\lib\</path>
         <kind>archive</kind>
         <file>bios.a674</file>
         <name>autoinit.o674</name>
      </input_file>
      <input_file id="fl-c5">
         <path>C:\ti\ccs1271\ccs\tools\compiler\c6000_7.3.23\lib\</path>
         <kind>archive</kind>
         <file>rts6740.lib</file>
         <name>_lock.obj</name>
      </input_file>
      <input_file id="fl-c6">
         <path>C:\ti\ccs1271\ccs\tools\compiler\c6000_7.3.23\lib\</path>
         <kind>archive</kind>
         <file>rts6740.lib</file>
         <name>remi.obj</name>
      </input_file>
      <input_file id="fl-c7">
         <path>C:\ti\ccs1271\ccs\tools\compiler\c6000_7.3.23\lib\</path>
         <kind>archive</kind>
         <file>rts6740.lib</file>
         <name>atexit.obj</name>
      </input_file>
      <input_file id="fl-c8">
         <path>C:\ti\ccs1271\ccs\tools\compiler\c6000_7.3.23\lib\</path>
         <kind>archive</kind>
         <file>rts6740.lib</file>
         <name>sinit.obj</name>
      </input_file>
      <input_file id="fl-c9">
         <path>C:\ti\ccs1271\ccs\tools\compiler\c6000_7.3.23\lib\</path>
         <kind>archive</kind>
         <file>rts6740.lib</file>
         <name>exit.obj</name>
      </input_file>
      <input_file id="fl-ca">
         <path>C:\ti\ccs1271\ccs\tools\compiler\c6000_7.3.23\lib\</path>
         <kind>archive</kind>
         <file>rts6740.lib</file>
         <name>memcpy64.obj</name>
      </input_file>
      <input_file id="fl-cb">
         <path>C:\ti\ccs1271\ccs\tools\compiler\c6000_7.3.23\lib\</path>
         <kind>archive</kind>
         <file>rts6740.lib</file>
         <name>printf.obj</name>
      </input_file>
      <input_file id="fl-cc">
         <path>C:\ti\ccs1271\ccs\tools\compiler\c6000_7.3.23\lib\</path>
         <kind>archive</kind>
         <file>rts6740.lib</file>
         <name>defs.obj</name>
      </input_file>
      <input_file id="fl-cd">
         <path>C:\ti\ccs1271\ccs\tools\compiler\c6000_7.3.23\lib\</path>
         <kind>archive</kind>
         <file>rts6740.lib</file>
         <name>_printfi.obj</name>
      </input_file>
      <input_file id="fl-ce">
         <path>C:\ti\ccs1271\ccs\tools\compiler\c6000_7.3.23\lib\</path>
         <kind>archive</kind>
         <file>rts6740.lib</file>
         <name>isinf.obj</name>
      </input_file>
      <input_file id="fl-cf">
         <path>C:\ti\ccs1271\ccs\tools\compiler\c6000_7.3.23\lib\</path>
         <kind>archive</kind>
         <file>rts6740.lib</file>
         <name>divd.obj</name>
      </input_file>
      <input_file id="fl-d0">
         <path>C:\ti\ccs1271\ccs\tools\compiler\c6000_7.3.23\lib\</path>
         <kind>archive</kind>
         <file>rts6740.lib</file>
         <name>divu.obj</name>
      </input_file>
      <input_file id="fl-d1">
         <path>C:\ti\ccs1271\ccs\tools\compiler\c6000_7.3.23\lib\</path>
         <kind>archive</kind>
         <file>rts6740.lib</file>
         <name>imath40.obj</name>
      </input_file>
      <input_file id="fl-d2">
         <path>C:\ti\ccs1271\ccs\tools\compiler\c6000_7.3.23\lib\</path>
         <kind>archive</kind>
         <file>rts6740.lib</file>
         <name>imath64.obj</name>
      </input_file>
      <input_file id="fl-d3">
         <path>C:\ti\ccs1271\ccs\tools\compiler\c6000_7.3.23\lib\</path>
         <kind>archive</kind>
         <file>rts6740.lib</file>
         <name>fixdli.obj</name>
      </input_file>
      <input_file id="fl-d4">
         <path>C:\ti\ccs1271\ccs\tools\compiler\c6000_7.3.23\lib\</path>
         <kind>archive</kind>
         <file>rts6740.lib</file>
         <name>fltlid.obj</name>
      </input_file>
      <input_file id="fl-d5">
         <path>C:\ti\ccs1271\ccs\tools\compiler\c6000_7.3.23\lib\</path>
         <kind>archive</kind>
         <file>rts6740.lib</file>
         <name>frcmpyd_div.obj</name>
      </input_file>
      <input_file id="fl-d6">
         <path>C:\ti\ccs1271\ccs\tools\compiler\c6000_7.3.23\lib\</path>
         <kind>archive</kind>
         <file>rts6740.lib</file>
         <name>llshift.obj</name>
      </input_file>
      <input_file id="fl-d7">
         <path>C:\ti\ccs1271\ccs\tools\compiler\c6000_7.3.23\lib\</path>
         <kind>archive</kind>
         <file>rts6740.lib</file>
         <name>negll.obj</name>
      </input_file>
      <input_file id="fl-d8">
         <path>C:\ti\ccs1271\ccs\tools\compiler\c6000_7.3.23\lib\</path>
         <kind>archive</kind>
         <file>rts6740.lib</file>
         <name>atoi.obj</name>
      </input_file>
      <input_file id="fl-d9">
         <path>C:\ti\ccs1271\ccs\tools\compiler\c6000_7.3.23\lib\</path>
         <kind>archive</kind>
         <file>rts6740.lib</file>
         <name>ctype.obj</name>
      </input_file>
      <input_file id="fl-da">
         <path>C:\ti\ccs1271\ccs\tools\compiler\c6000_7.3.23\lib\</path>
         <kind>archive</kind>
         <file>rts6740.lib</file>
         <name>fputc.obj</name>
      </input_file>
      <input_file id="fl-db">
         <path>C:\ti\ccs1271\ccs\tools\compiler\c6000_7.3.23\lib\</path>
         <kind>archive</kind>
         <file>rts6740.lib</file>
         <name>fflush.obj</name>
      </input_file>
      <input_file id="fl-dc">
         <path>C:\ti\ccs1271\ccs\tools\compiler\c6000_7.3.23\lib\</path>
         <kind>archive</kind>
         <file>rts6740.lib</file>
         <name>_io_perm.obj</name>
      </input_file>
      <input_file id="fl-dd">
         <path>C:\ti\ccs1271\ccs\tools\compiler\c6000_7.3.23\lib\</path>
         <kind>archive</kind>
         <file>rts6740.lib</file>
         <name>fputs.obj</name>
      </input_file>
      <input_file id="fl-de">
         <path>C:\ti\ccs1271\ccs\tools\compiler\c6000_7.3.23\lib\</path>
         <kind>archive</kind>
         <file>rts6740.lib</file>
         <name>fseek.obj</name>
      </input_file>
      <input_file id="fl-df">
         <path>C:\ti\ccs1271\ccs\tools\compiler\c6000_7.3.23\lib\</path>
         <kind>archive</kind>
         <file>rts6740.lib</file>
         <name>abs.obj</name>
      </input_file>
      <input_file id="fl-e0">
         <path>C:\ti\ccs1271\ccs\tools\compiler\c6000_7.3.23\lib\</path>
         <kind>archive</kind>
         <file>rts6740.lib</file>
         <name>lowlev.obj</name>
      </input_file>
      <input_file id="fl-e1">
         <path>C:\ti\ccs1271\ccs\tools\compiler\c6000_7.3.23\lib\</path>
         <kind>archive</kind>
         <file>rts6740.lib</file>
         <name>trgdrv.obj</name>
      </input_file>
      <input_file id="fl-e2">
         <path>C:\ti\ccs1271\ccs\tools\compiler\c6000_7.3.23\lib\</path>
         <kind>archive</kind>
         <file>rts6740.lib</file>
         <name>ltoa.obj</name>
      </input_file>
      <input_file id="fl-e3">
         <path>C:\ti\ccs1271\ccs\tools\compiler\c6000_7.3.23\lib\</path>
         <kind>archive</kind>
         <file>rts6740.lib</file>
         <name>memccpy.obj</name>
      </input_file>
      <input_file id="fl-e4">
         <path>C:\ti\ccs1271\ccs\tools\compiler\c6000_7.3.23\lib\</path>
         <kind>archive</kind>
         <file>rts6740.lib</file>
         <name>memset.obj</name>
      </input_file>
      <input_file id="fl-e5">
         <path>C:\ti\ccs1271\ccs\tools\compiler\c6000_7.3.23\lib\</path>
         <kind>archive</kind>
         <file>rts6740.lib</file>
         <name>trgmsg.obj</name>
      </input_file>
      <input_file id="fl-e6">
         <path>C:\ti\ccs1271\ccs\tools\compiler\c6000_7.3.23\lib\</path>
         <kind>archive</kind>
         <file>rts6740.lib</file>
         <name>setvbuf.obj</name>
      </input_file>
      <input_file id="fl-e7">
         <path>C:\ti\ccs1271\ccs\tools\compiler\c6000_7.3.23\lib\</path>
         <kind>archive</kind>
         <file>rts6740.lib</file>
         <name>fopen.obj</name>
      </input_file>
      <input_file id="fl-e8">
         <path>C:\ti\ccs1271\ccs\tools\compiler\c6000_7.3.23\lib\</path>
         <kind>archive</kind>
         <file>rts6740.lib</file>
         <name>fclose.obj</name>
      </input_file>
      <input_file id="fl-e9">
         <path>C:\ti\bios_5_42_01_09\packages\ti\bios\lib\</path>
         <kind>archive</kind>
         <file>bios.a674</file>
         <name>malloc.o674</name>
      </input_file>
      <input_file id="fl-ea">
         <path>C:\ti\bios_5_42_01_09\packages\ti\bios\lib\</path>
         <kind>archive</kind>
         <file>bios.a674</file>
         <name>mem_allo.o674</name>
      </input_file>
      <input_file id="fl-eb">
         <path>C:\ti\bios_5_42_01_09\packages\ti\bios\lib\</path>
         <kind>archive</kind>
         <file>bios.a674</file>
         <name>mem_free.o674</name>
      </input_file>
      <input_file id="fl-ec">
         <path>C:\ti\bios_5_42_01_09\packages\ti\bios\lib\</path>
         <kind>archive</kind>
         <file>bios.a674</file>
         <name>sys_erro.o674</name>
      </input_file>
      <input_file id="fl-ed">
         <path>C:\ti\ccs1271\ccs\tools\compiler\c6000_7.3.23\lib\</path>
         <kind>archive</kind>
         <file>rts6740.lib</file>
         <name>remove.obj</name>
      </input_file>
   </input_file_list>
   <object_component_list>
      <object_component id="oc-68">
         <name>.vers</name>
         <load_address>0x0</load_address>
         <run_address>0x0</run_address>
         <size>0x3c</size>
         <input_file_ref idref="fl-3"/>
      </object_component>
      <object_component id="oc-56">
         <name>.clk</name>
         <uninitialized>true</uninitialized>
         <run_address>0x1181fff8</run_address>
         <size>0x8</size>
         <input_file_ref idref="fl-3"/>
      </object_component>
      <object_component id="oc-57">
         <name>.prd</name>
         <uninitialized>true</uninitialized>
         <run_address>0x1182f76c</run_address>
         <size>0x80</size>
         <input_file_ref idref="fl-3"/>
      </object_component>
      <object_component id="oc-5f">
         <name>.swi</name>
         <uninitialized>true</uninitialized>
         <run_address>0x11834228</run_address>
         <size>0x58</size>
         <input_file_ref idref="fl-3"/>
      </object_component>
      <object_component id="oc-60">
         <name>.tsk</name>
         <uninitialized>true</uninitialized>
         <run_address>0x118341c8</run_address>
         <size>0x60</size>
         <input_file_ref idref="fl-3"/>
      </object_component>
      <object_component id="oc-63">
         <name>.idl</name>
         <uninitialized>true</uninitialized>
         <run_address>0x11832520</run_address>
         <size>0x10</size>
         <input_file_ref idref="fl-3"/>
      </object_component>
      <object_component id="oc-62">
         <name>.idlcal</name>
         <uninitialized>true</uninitialized>
         <run_address>0x11832530</run_address>
         <size>0x10</size>
         <input_file_ref idref="fl-3"/>
      </object_component>
      <object_component id="oc-45">
         <name>.bss</name>
         <uninitialized>true</uninitialized>
         <run_address>0x11833948</run_address>
         <size>0x28</size>
         <input_file_ref idref="fl-3"/>
      </object_component>
      <object_component id="oc-6e">
         <name>.bss</name>
         <uninitialized>true</uninitialized>
         <run_address>0x11833908</run_address>
         <size>0x40</size>
         <input_file_ref idref="fl-5"/>
      </object_component>
      <object_component id="oc-75">
         <name>.bss</name>
         <uninitialized>true</uninitialized>
         <run_address>0x11833758</run_address>
         <size>0xcc</size>
         <input_file_ref idref="fl-7c"/>
      </object_component>
      <object_component id="oc-77">
         <name>.bss</name>
         <uninitialized>true</uninitialized>
         <run_address>0x11833658</run_address>
         <size>0x100</size>
         <input_file_ref idref="fl-7d"/>
      </object_component>
      <object_component id="oc-7e">
         <name>.bss</name>
         <uninitialized>true</uninitialized>
         <run_address>0x118339a8</run_address>
         <size>0x18</size>
         <input_file_ref idref="fl-7f"/>
      </object_component>
      <object_component id="oc-84">
         <name>.bss</name>
         <uninitialized>true</uninitialized>
         <run_address>0x11833824</run_address>
         <size>0x9c</size>
         <input_file_ref idref="fl-80"/>
      </object_component>
      <object_component id="oc-b2">
         <name>.bss</name>
         <uninitialized>true</uninitialized>
         <run_address>0x11833990</run_address>
         <size>0x18</size>
         <input_file_ref idref="fl-8c"/>
      </object_component>
      <object_component id="oc-b4">
         <name>.bss</name>
         <uninitialized>true</uninitialized>
         <run_address>0x11833a10</run_address>
         <size>0x4</size>
         <input_file_ref idref="fl-8d"/>
      </object_component>
      <object_component id="oc-e0">
         <name>.bss</name>
         <uninitialized>true</uninitialized>
         <run_address>0x118339fc</run_address>
         <size>0x8</size>
         <input_file_ref idref="fl-97"/>
      </object_component>
      <object_component id="oc-e3">
         <name>.bss</name>
         <uninitialized>true</uninitialized>
         <run_address>0x11833a0c</run_address>
         <size>0x4</size>
         <input_file_ref idref="fl-98"/>
      </object_component>
      <object_component id="oc-f6">
         <name>.bss</name>
         <uninitialized>true</uninitialized>
         <run_address>0x11833970</run_address>
         <size>0x20</size>
         <input_file_ref idref="fl-9d"/>
      </object_component>
      <object_component id="oc-fc">
         <name>.bss</name>
         <uninitialized>true</uninitialized>
         <run_address>0x118339c0</run_address>
         <size>0x10</size>
         <input_file_ref idref="fl-9e"/>
      </object_component>
      <object_component id="oc-111">
         <name>.bss</name>
         <uninitialized>true</uninitialized>
         <run_address>0x118339e0</run_address>
         <size>0x10</size>
         <input_file_ref idref="fl-a3"/>
      </object_component>
      <object_component id="oc-121">
         <name>.bss</name>
         <uninitialized>true</uninitialized>
         <run_address>0x11833a18</run_address>
         <size>0x4</size>
         <input_file_ref idref="fl-a6"/>
      </object_component>
      <object_component id="oc-126">
         <name>.bss</name>
         <uninitialized>true</uninitialized>
         <run_address>0x118338c0</run_address>
         <size>0x48</size>
         <input_file_ref idref="fl-a7"/>
      </object_component>
      <object_component id="oc-13f">
         <name>.bss</name>
         <uninitialized>true</uninitialized>
         <run_address>0x11833a14</run_address>
         <size>0x4</size>
         <input_file_ref idref="fl-ae"/>
      </object_component>
      <object_component id="oc-14b">
         <name>.bss</name>
         <uninitialized>true</uninitialized>
         <run_address>0x118339d0</run_address>
         <size>0x10</size>
         <input_file_ref idref="fl-b2"/>
      </object_component>
      <object_component id="oc-160">
         <name>.bss</name>
         <uninitialized>true</uninitialized>
         <run_address>0x118339f0</run_address>
         <size>0xc</size>
         <input_file_ref idref="fl-b7"/>
      </object_component>
      <object_component id="oc-16c">
         <name>.bss</name>
         <uninitialized>true</uninitialized>
         <run_address>0x11833a04</run_address>
         <size>0x8</size>
         <input_file_ref idref="fl-ba"/>
      </object_component>
      <object_component id="oc-5e">
         <name>.hwi_vec</name>
         <load_address>0x11833c00</load_address>
         <run_address>0x11833c00</run_address>
         <size>0x200</size>
         <input_file_ref idref="fl-3"/>
      </object_component>
      <object_component id="oc-71">
         <name>.far</name>
         <uninitialized>true</uninitialized>
         <run_address>0x11800000</run_address>
         <size>0x1f6fc</size>
         <input_file_ref idref="fl-5"/>
      </object_component>
      <object_component id="oc-91">
         <name>.far</name>
         <uninitialized>true</uninitialized>
         <run_address>0x1181ffc8</run_address>
         <size>0x10</size>
         <input_file_ref idref="fl-83"/>
      </object_component>
      <object_component id="oc-9e">
         <name>.far</name>
         <uninitialized>true</uninitialized>
         <run_address>0x1181ffd8</run_address>
         <size>0xc</size>
         <input_file_ref idref="fl-86"/>
      </object_component>
      <object_component id="oc-e7">
         <name>.far</name>
         <uninitialized>true</uninitialized>
         <run_address>0x1181f6fc</run_address>
         <size>0x4</size>
         <input_file_ref idref="fl-99"/>
      </object_component>
      <object_component id="oc-ff">
         <name>.far</name>
         <uninitialized>true</uninitialized>
         <run_address>0x1181ffb8</run_address>
         <size>0x10</size>
         <input_file_ref idref="fl-9e"/>
      </object_component>
      <object_component id="oc-115">
         <name>.far</name>
         <uninitialized>true</uninitialized>
         <run_address>0x1181ffa0</run_address>
         <size>0x18</size>
         <input_file_ref idref="fl-a3"/>
      </object_component>
      <object_component id="oc-129">
         <name>.far</name>
         <uninitialized>true</uninitialized>
         <run_address>0x1181fcd0</run_address>
         <size>0xd8</size>
         <input_file_ref idref="fl-a7"/>
      </object_component>
      <object_component id="oc-145">
         <name>.far</name>
         <uninitialized>true</uninitialized>
         <run_address>0x1181fed8</run_address>
         <size>0x54</size>
         <input_file_ref idref="fl-b0"/>
      </object_component>
      <object_component id="oc-163">
         <name>.far</name>
         <uninitialized>true</uninitialized>
         <run_address>0x1181fe78</run_address>
         <size>0x5c</size>
         <input_file_ref idref="fl-b7"/>
      </object_component>
      <object_component id="oc-16f">
         <name>.far</name>
         <uninitialized>true</uninitialized>
         <run_address>0x1181ff80</run_address>
         <size>0x20</size>
         <input_file_ref idref="fl-ba"/>
      </object_component>
      <object_component id="oc-179">
         <name>.far</name>
         <uninitialized>true</uninitialized>
         <run_address>0x1181ff2c</run_address>
         <size>0x50</size>
         <input_file_ref idref="fl-bd"/>
      </object_component>
      <object_component id="oc-196">
         <name>.far</name>
         <uninitialized>true</uninitialized>
         <run_address>0x1181fff0</run_address>
         <size>0x8</size>
         <input_file_ref idref="fl-c5"/>
      </object_component>
      <object_component id="oc-19e">
         <name>.far</name>
         <uninitialized>true</uninitialized>
         <run_address>0x1181fa28</run_address>
         <size>0x188</size>
         <input_file_ref idref="fl-c7"/>
      </object_component>
      <object_component id="oc-1a3">
         <name>.far</name>
         <uninitialized>true</uninitialized>
         <run_address>0x1181fccc</run_address>
         <size>0x4</size>
         <input_file_ref idref="fl-c8"/>
      </object_component>
      <object_component id="oc-1a8">
         <name>.far</name>
         <uninitialized>true</uninitialized>
         <run_address>0x1181ffe4</run_address>
         <size>0xc</size>
         <input_file_ref idref="fl-c9"/>
      </object_component>
      <object_component id="oc-1b3">
         <name>.far</name>
         <uninitialized>true</uninitialized>
         <run_address>0x1181f700</run_address>
         <size>0x324</size>
         <input_file_ref idref="fl-cc"/>
      </object_component>
      <object_component id="oc-1f1">
         <name>.far</name>
         <uninitialized>true</uninitialized>
         <run_address>0x1181fbb0</run_address>
         <size>0x11c</size>
         <input_file_ref idref="fl-e0"/>
      </object_component>
      <object_component id="oc-1f5">
         <name>.far</name>
         <uninitialized>true</uninitialized>
         <run_address>0x1181fda8</run_address>
         <size>0xd0</size>
         <input_file_ref idref="fl-e1"/>
      </object_component>
      <object_component id="oc-20a">
         <name>.far</name>
         <uninitialized>true</uninitialized>
         <run_address>0x1181fa24</run_address>
         <size>0x4</size>
         <input_file_ref idref="fl-e7"/>
      </object_component>
      <object_component id="oc-52">
         <name>.mem</name>
         <uninitialized>true</uninitialized>
         <run_address>0x11832a34</run_address>
         <size>0x4</size>
         <input_file_ref idref="fl-3"/>
      </object_component>
      <object_component id="oc-80">
         <name>.bios</name>
         <load_address>0x11828000</load_address>
         <run_address>0x11828000</run_address>
         <size>0x5c0</size>
         <input_file_ref idref="fl-7f"/>
      </object_component>
      <object_component id="oc-22c">
         <name>.bios</name>
         <load_address>0x118285c0</load_address>
         <run_address>0x118285c0</run_address>
         <size>0x580</size>
         <input_file_ref idref="fl-9e"/>
      </object_component>
      <object_component id="oc-46">
         <name>.bios</name>
         <load_address>0x11828b40</load_address>
         <run_address>0x11828b40</run_address>
         <size>0x4e0</size>
         <input_file_ref idref="fl-7d"/>
      </object_component>
      <object_component id="oc-44">
         <name>.bios</name>
         <load_address>0x11829020</load_address>
         <run_address>0x11829020</run_address>
         <size>0x4c0</size>
         <input_file_ref idref="fl-80"/>
      </object_component>
      <object_component id="oc-cf">
         <name>.bios</name>
         <load_address>0x118294e0</load_address>
         <run_address>0x118294e0</run_address>
         <size>0x380</size>
         <input_file_ref idref="fl-93"/>
      </object_component>
      <object_component id="oc-280">
         <name>.bios</name>
         <load_address>0x11829860</load_address>
         <run_address>0x11829860</run_address>
         <size>0x280</size>
         <input_file_ref idref="fl-e9"/>
      </object_component>
      <object_component id="oc-d4">
         <name>.bios</name>
         <load_address>0x11829ae0</load_address>
         <run_address>0x11829ae0</run_address>
         <size>0x280</size>
         <input_file_ref idref="fl-94"/>
      </object_component>
      <object_component id="oc-227">
         <name>.bios</name>
         <load_address>0x11829d60</load_address>
         <run_address>0x11829d60</run_address>
         <size>0x240</size>
         <input_file_ref idref="fl-ac"/>
      </object_component>
      <object_component id="oc-28a">
         <name>.bios:.near</name>
         <load_address>0x11829fa0</load_address>
         <run_address>0x11829fa0</run_address>
         <size>0x200</size>
         <input_file_ref idref="fl-ea"/>
      </object_component>
      <object_component id="oc-49">
         <name>.bios</name>
         <load_address>0x1182a1a0</load_address>
         <run_address>0x1182a1a0</run_address>
         <size>0x200</size>
         <input_file_ref idref="fl-83"/>
      </object_component>
      <object_component id="oc-289">
         <name>.bios:.near</name>
         <load_address>0x1182a3a0</load_address>
         <run_address>0x1182a3a0</run_address>
         <size>0x1e0</size>
         <input_file_ref idref="fl-eb"/>
      </object_component>
      <object_component id="oc-f8">
         <name>.bios</name>
         <load_address>0x1182a580</load_address>
         <run_address>0x1182a580</run_address>
         <size>0x1e0</size>
         <input_file_ref idref="fl-9d"/>
      </object_component>
      <object_component id="oc-cb">
         <name>.bios</name>
         <load_address>0x1182a760</load_address>
         <run_address>0x1182a760</run_address>
         <size>0x1e0</size>
         <input_file_ref idref="fl-92"/>
      </object_component>
      <object_component id="oc-235">
         <name>.bios</name>
         <load_address>0x1182a940</load_address>
         <run_address>0x1182a940</run_address>
         <size>0x1e0</size>
         <input_file_ref idref="fl-c0"/>
      </object_component>
      <object_component id="oc-234">
         <name>.bios</name>
         <load_address>0x1182ab20</load_address>
         <run_address>0x1182ab20</run_address>
         <size>0x1a0</size>
         <input_file_ref idref="fl-c3"/>
      </object_component>
      <object_component id="oc-22e">
         <name>.bios</name>
         <load_address>0x1182acc0</load_address>
         <run_address>0x1182acc0</run_address>
         <size>0x1a0</size>
         <input_file_ref idref="fl-bc"/>
      </object_component>
      <object_component id="oc-a4">
         <name>.bios</name>
         <load_address>0x1182ae60</load_address>
         <run_address>0x1182ae60</run_address>
         <size>0x1a0</size>
         <input_file_ref idref="fl-88"/>
      </object_component>
      <object_component id="oc-c3">
         <name>.bios</name>
         <load_address>0x1182b000</load_address>
         <run_address>0x1182b000</run_address>
         <size>0x180</size>
         <input_file_ref idref="fl-90"/>
      </object_component>
      <object_component id="oc-221">
         <name>.bios</name>
         <load_address>0x1182b180</load_address>
         <run_address>0x1182b180</run_address>
         <size>0x140</size>
         <input_file_ref idref="fl-c4"/>
      </object_component>
      <object_component id="oc-229">
         <name>.bios</name>
         <load_address>0x1182b2c0</load_address>
         <run_address>0x1182b2c0</run_address>
         <size>0x140</size>
         <input_file_ref idref="fl-b8"/>
      </object_component>
      <object_component id="oc-24a">
         <name>.bios</name>
         <load_address>0x1182b400</load_address>
         <run_address>0x1182b400</run_address>
         <size>0x140</size>
         <input_file_ref idref="fl-a0"/>
      </object_component>
      <object_component id="oc-22a">
         <name>.bios</name>
         <load_address>0x1182b540</load_address>
         <run_address>0x1182b540</run_address>
         <size>0x120</size>
         <input_file_ref idref="fl-9f"/>
      </object_component>
      <object_component id="oc-12e">
         <name>.bios</name>
         <load_address>0x1182b660</load_address>
         <run_address>0x1182b660</run_address>
         <size>0x120</size>
         <input_file_ref idref="fl-a9"/>
      </object_component>
      <object_component id="oc-22f">
         <name>.bios</name>
         <load_address>0x1182b780</load_address>
         <run_address>0x1182b780</run_address>
         <size>0x120</size>
         <input_file_ref idref="fl-bd"/>
      </object_component>
      <object_component id="oc-187">
         <name>.bios</name>
         <load_address>0x1182b8a0</load_address>
         <run_address>0x1182b8a0</run_address>
         <size>0xe0</size>
         <input_file_ref idref="fl-c1"/>
      </object_component>
      <object_component id="oc-228">
         <name>.bios</name>
         <load_address>0x1182b980</load_address>
         <run_address>0x1182b980</run_address>
         <size>0xc0</size>
         <input_file_ref idref="fl-a8"/>
      </object_component>
      <object_component id="oc-237">
         <name>.bios</name>
         <load_address>0x1182ba40</load_address>
         <run_address>0x1182ba40</run_address>
         <size>0xa0</size>
         <input_file_ref idref="fl-c2"/>
      </object_component>
      <object_component id="oc-249">
         <name>.bios</name>
         <load_address>0x1182bae0</load_address>
         <run_address>0x1182bae0</run_address>
         <size>0xa0</size>
         <input_file_ref idref="fl-b9"/>
      </object_component>
      <object_component id="oc-236">
         <name>.bios</name>
         <load_address>0x1182bb80</load_address>
         <run_address>0x1182bb80</run_address>
         <size>0x80</size>
         <input_file_ref idref="fl-ab"/>
      </object_component>
      <object_component id="oc-223">
         <name>.bios</name>
         <load_address>0x1182bc00</load_address>
         <run_address>0x1182bc00</run_address>
         <size>0x80</size>
         <input_file_ref idref="fl-aa"/>
      </object_component>
      <object_component id="oc-24c">
         <name>.bios</name>
         <load_address>0x1182bc80</load_address>
         <run_address>0x1182bc80</run_address>
         <size>0x80</size>
         <input_file_ref idref="fl-be"/>
      </object_component>
      <object_component id="oc-c7">
         <name>.bios</name>
         <load_address>0x1182bd00</load_address>
         <run_address>0x1182bd00</run_address>
         <size>0x80</size>
         <input_file_ref idref="fl-91"/>
      </object_component>
      <object_component id="oc-ba">
         <name>.bios</name>
         <load_address>0x1182bd80</load_address>
         <run_address>0x1182bd80</run_address>
         <size>0x80</size>
         <input_file_ref idref="fl-8e"/>
      </object_component>
      <object_component id="oc-294">
         <name>.bios:.near</name>
         <load_address>0x1182be00</load_address>
         <run_address>0x1182be00</run_address>
         <size>0x60</size>
         <input_file_ref idref="fl-ec"/>
      </object_component>
      <object_component id="oc-a8">
         <name>.bios</name>
         <load_address>0x1182be60</load_address>
         <run_address>0x1182be60</run_address>
         <size>0x60</size>
         <input_file_ref idref="fl-89"/>
      </object_component>
      <object_component id="oc-119">
         <name>.bios</name>
         <load_address>0x1182bec0</load_address>
         <run_address>0x1182bec0</run_address>
         <size>0x60</size>
         <input_file_ref idref="fl-a4"/>
      </object_component>
      <object_component id="oc-b6">
         <name>.bios</name>
         <load_address>0x1182bf20</load_address>
         <run_address>0x1182bf20</run_address>
         <size>0x60</size>
         <input_file_ref idref="fl-8d"/>
      </object_component>
      <object_component id="oc-180">
         <name>.bios</name>
         <load_address>0x1182bf80</load_address>
         <run_address>0x1182bf80</run_address>
         <size>0x60</size>
         <input_file_ref idref="fl-bf"/>
      </object_component>
      <object_component id="oc-dc">
         <name>.bios</name>
         <load_address>0x1182bfe0</load_address>
         <run_address>0x1182bfe0</run_address>
         <size>0x60</size>
         <input_file_ref idref="fl-96"/>
      </object_component>
      <object_component id="oc-24b">
         <name>.bios</name>
         <load_address>0x1182c040</load_address>
         <run_address>0x1182c040</run_address>
         <size>0x60</size>
         <input_file_ref idref="fl-b6"/>
      </object_component>
      <object_component id="oc-e9">
         <name>.bios</name>
         <load_address>0x1182c0a0</load_address>
         <run_address>0x1182c0a0</run_address>
         <size>0x60</size>
         <input_file_ref idref="fl-9a"/>
      </object_component>
      <object_component id="oc-42">
         <name>.bios</name>
         <load_address>0x1182c100</load_address>
         <run_address>0x1182c100</run_address>
         <size>0x40</size>
         <input_file_ref idref="fl-7e"/>
      </object_component>
      <object_component id="oc-d8">
         <name>.bios</name>
         <load_address>0x1182c140</load_address>
         <run_address>0x1182c140</run_address>
         <size>0x40</size>
         <input_file_ref idref="fl-95"/>
      </object_component>
      <object_component id="oc-41">
         <name>.bios</name>
         <load_address>0x1182c180</load_address>
         <run_address>0x1182c180</run_address>
         <size>0x40</size>
         <input_file_ref idref="fl-84"/>
      </object_component>
      <object_component id="oc-48">
         <name>.bios</name>
         <load_address>0x1182c1c0</load_address>
         <run_address>0x1182c1c0</run_address>
         <size>0x40</size>
         <input_file_ref idref="fl-86"/>
      </object_component>
      <object_component id="oc-4c">
         <name>.bios</name>
         <load_address>0x1182c200</load_address>
         <run_address>0x1182c200</run_address>
         <size>0x20</size>
         <input_file_ref idref="fl-82"/>
      </object_component>
      <object_component id="oc-109">
         <name>.bios</name>
         <load_address>0x1182c220</load_address>
         <run_address>0x1182c220</run_address>
         <size>0x20</size>
         <input_file_ref idref="fl-a1"/>
      </object_component>
      <object_component id="oc-be">
         <name>.bios</name>
         <load_address>0x1182c240</load_address>
         <run_address>0x1182c240</run_address>
         <size>0x20</size>
         <input_file_ref idref="fl-8f"/>
      </object_component>
      <object_component id="oc-159">
         <name>.bios</name>
         <load_address>0x1182c260</load_address>
         <run_address>0x1182c260</run_address>
         <size>0x20</size>
         <input_file_ref idref="fl-b5"/>
      </object_component>
      <object_component id="oc-4b">
         <name>.bios</name>
         <load_address>0x1182c280</load_address>
         <run_address>0x1182c280</run_address>
         <size>0x20</size>
         <input_file_ref idref="fl-85"/>
      </object_component>
      <object_component id="oc-4a">
         <name>.bios</name>
         <load_address>0x1182c2a0</load_address>
         <run_address>0x1182c2a0</run_address>
         <size>0x20</size>
         <input_file_ref idref="fl-87"/>
      </object_component>
      <object_component id="oc-47">
         <name>.bios</name>
         <load_address>0x1182c2c0</load_address>
         <run_address>0x1182c2c0</run_address>
         <size>0x20</size>
         <input_file_ref idref="fl-81"/>
      </object_component>
      <object_component id="oc-202">
         <name>.cio</name>
         <uninitialized>true</uninitialized>
         <run_address>0x11833a20</run_address>
         <size>0x120</size>
         <input_file_ref idref="fl-e5"/>
      </object_component>
      <object_component id="oc-14f">
         <name>.pinit</name>
         <load_address>0x11834350</load_address>
         <run_address>0x11834350</run_address>
         <size>0x4</size>
         <input_file_ref idref="fl-b2"/>
      </object_component>
      <object_component id="oc-116">
         <name>.pinit</name>
         <load_address>0x11834354</load_address>
         <run_address>0x11834354</run_address>
         <size>0x4</size>
         <input_file_ref idref="fl-a3"/>
      </object_component>
      <object_component id="oc-55">
         <name>.sys</name>
         <uninitialized>true</uninitialized>
         <run_address>0x11834340</run_address>
         <size>0x10</size>
         <input_file_ref idref="fl-3"/>
      </object_component>
      <object_component id="oc-257">
         <name>.text</name>
         <load_address>0x11820000</load_address>
         <run_address>0x11820000</run_address>
         <size>0xc20</size>
         <input_file_ref idref="fl-9c"/>
      </object_component>
      <object_component id="oc-222">
         <name>.text</name>
         <load_address>0x11820c20</load_address>
         <run_address>0x11820c20</run_address>
         <size>0x8c0</size>
         <input_file_ref idref="fl-5"/>
      </object_component>
      <object_component id="oc-241">
         <name>.text</name>
         <load_address>0x118214e0</load_address>
         <run_address>0x118214e0</run_address>
         <size>0x620</size>
         <input_file_ref idref="fl-2"/>
      </object_component>
      <object_component id="oc-287">
         <name>.text:__divd</name>
         <load_address>0x11821b00</load_address>
         <run_address>0x11821b00</run_address>
         <size>0x5a0</size>
         <input_file_ref idref="fl-cf"/>
      </object_component>
      <object_component id="oc-27c">
         <name>.text:__getarg_diouxp</name>
         <load_address>0x118220a0</load_address>
         <run_address>0x118220a0</run_address>
         <size>0x580</size>
         <input_file_ref idref="fl-cd"/>
      </object_component>
      <object_component id="oc-26a">
         <name>.text:__setfield</name>
         <load_address>0x11822620</load_address>
         <run_address>0x11822620</run_address>
         <size>0x540</size>
         <input_file_ref idref="fl-cd"/>
      </object_component>
      <object_component id="oc-259">
         <name>.text</name>
         <load_address>0x11822b60</load_address>
         <run_address>0x11822b60</run_address>
         <size>0x4e0</size>
         <input_file_ref idref="fl-a5"/>
      </object_component>
      <object_component id="oc-265">
         <name>.text:__printfi</name>
         <load_address>0x11823040</load_address>
         <run_address>0x11823040</run_address>
         <size>0x440</size>
         <input_file_ref idref="fl-cd"/>
      </object_component>
      <object_component id="oc-258">
         <name>.text</name>
         <load_address>0x11823480</load_address>
         <run_address>0x11823480</run_address>
         <size>0x380</size>
         <input_file_ref idref="fl-a2"/>
      </object_component>
      <object_component id="oc-256">
         <name>.text</name>
         <load_address>0x11823800</load_address>
         <run_address>0x11823800</run_address>
         <size>0x380</size>
         <input_file_ref idref="fl-a6"/>
      </object_component>
      <object_component id="oc-266">
         <name>.text:_fputs</name>
         <load_address>0x11823b80</load_address>
         <run_address>0x11823b80</run_address>
         <size>0x300</size>
         <input_file_ref idref="fl-dd"/>
      </object_component>
      <object_component id="oc-271">
         <name>.text:__pproc_fge</name>
         <load_address>0x11823e80</load_address>
         <run_address>0x11823e80</run_address>
         <size>0x2c0</size>
         <input_file_ref idref="fl-cd"/>
      </object_component>
      <object_component id="oc-269">
         <name>.text:__pproc_fwp</name>
         <load_address>0x11824140</load_address>
         <run_address>0x11824140</run_address>
         <size>0x2c0</size>
         <input_file_ref idref="fl-cd"/>
      </object_component>
      <object_component id="oc-282">
         <name>.text:_ecvt</name>
         <load_address>0x11824400</load_address>
         <run_address>0x11824400</run_address>
         <size>0x2a0</size>
         <input_file_ref idref="fl-cd"/>
      </object_component>
      <object_component id="oc-285">
         <name>.text:_fcvt</name>
         <load_address>0x118246a0</load_address>
         <run_address>0x118246a0</run_address>
         <size>0x2a0</size>
         <input_file_ref idref="fl-cd"/>
      </object_component>
      <object_component id="oc-293">
         <name>.text:__divull</name>
         <load_address>0x11824940</load_address>
         <run_address>0x11824940</run_address>
         <size>0x260</size>
         <input_file_ref idref="fl-d2"/>
      </object_component>
      <object_component id="oc-27b">
         <name>.text:__pconv_e</name>
         <load_address>0x11824ba0</load_address>
         <run_address>0x11824ba0</run_address>
         <size>0x260</size>
         <input_file_ref idref="fl-cd"/>
      </object_component>
      <object_component id="oc-272">
         <name>.text:__pproc_diouxp</name>
         <load_address>0x11824e00</load_address>
         <run_address>0x11824e00</run_address>
         <size>0x240</size>
         <input_file_ref idref="fl-cd"/>
      </object_component>
      <object_component id="oc-26b">
         <name>.text:__pproc_str</name>
         <load_address>0x11825040</load_address>
         <run_address>0x11825040</run_address>
         <size>0x220</size>
         <input_file_ref idref="fl-cd"/>
      </object_component>
      <object_component id="oc-279">
         <name>.text:__pconv_g</name>
         <load_address>0x11825260</load_address>
         <run_address>0x11825260</run_address>
         <size>0x200</size>
         <input_file_ref idref="fl-cd"/>
      </object_component>
      <object_component id="oc-242">
         <name>.text</name>
         <load_address>0x11825460</load_address>
         <run_address>0x11825460</run_address>
         <size>0x1e0</size>
         <input_file_ref idref="fl-ad"/>
      </object_component>
      <object_component id="oc-284">
         <name>.text:__mcpy</name>
         <load_address>0x11825640</load_address>
         <run_address>0x11825640</run_address>
         <size>0x1c0</size>
         <input_file_ref idref="fl-cd"/>
      </object_component>
      <object_component id="oc-292">
         <name>.text:__divul</name>
         <load_address>0x11825800</load_address>
         <run_address>0x11825800</run_address>
         <size>0x1a0</size>
         <input_file_ref idref="fl-d1"/>
      </object_component>
      <object_component id="oc-23f">
         <name>.text:_HOSTrename</name>
         <load_address>0x118259a0</load_address>
         <run_address>0x118259a0</run_address>
         <size>0x180</size>
         <input_file_ref idref="fl-e1"/>
      </object_component>
      <object_component id="oc-275">
         <name>.text:_setvbuf</name>
         <load_address>0x11825b20</load_address>
         <run_address>0x11825b20</run_address>
         <size>0x180</size>
         <input_file_ref idref="fl-e6"/>
      </object_component>
      <object_component id="oc-243">
         <name>.text</name>
         <load_address>0x11825ca0</load_address>
         <run_address>0x11825ca0</run_address>
         <size>0x160</size>
         <input_file_ref idref="fl-9b"/>
      </object_component>
      <object_component id="oc-268">
         <name>.text:__pproc_fflags</name>
         <load_address>0x11825e00</load_address>
         <run_address>0x11825e00</run_address>
         <size>0x140</size>
         <input_file_ref idref="fl-cd"/>
      </object_component>
      <object_component id="oc-267">
         <name>.text:_fputc</name>
         <load_address>0x11825f40</load_address>
         <run_address>0x11825f40</run_address>
         <size>0x140</size>
         <input_file_ref idref="fl-da"/>
      </object_component>
      <object_component id="oc-29c">
         <name>.text:_getdevice</name>
         <load_address>0x11826080</load_address>
         <run_address>0x11826080</run_address>
         <size>0x140</size>
         <input_file_ref idref="fl-e0"/>
      </object_component>
      <object_component id="oc-28b">
         <name>.text:_fclose</name>
         <load_address>0x118261c0</load_address>
         <run_address>0x118261c0</run_address>
         <size>0x120</size>
         <input_file_ref idref="fl-e8"/>
      </object_component>
      <object_component id="oc-23d">
         <name>.text:_HOSTlseek</name>
         <load_address>0x118262e0</load_address>
         <run_address>0x118262e0</run_address>
         <size>0x100</size>
         <input_file_ref idref="fl-e1"/>
      </object_component>
      <object_component id="oc-27e">
         <name>.text:__ltostr</name>
         <load_address>0x118263e0</load_address>
         <run_address>0x118263e0</run_address>
         <size>0x100</size>
         <input_file_ref idref="fl-cd"/>
      </object_component>
      <object_component id="oc-26c">
         <name>.text:__wrt_ok</name>
         <load_address>0x118264e0</load_address>
         <run_address>0x118264e0</run_address>
         <size>0x100</size>
         <input_file_ref idref="fl-dc"/>
      </object_component>
      <object_component id="oc-262">
         <name>.text:_call_dtors</name>
         <load_address>0x118265e0</load_address>
         <run_address>0x118265e0</run_address>
         <size>0x100</size>
         <input_file_ref idref="fl-c8"/>
      </object_component>
      <object_component id="oc-239">
         <name>.text:_HOSTopen</name>
         <load_address>0x118266e0</load_address>
         <run_address>0x118266e0</run_address>
         <size>0xe0</size>
         <input_file_ref idref="fl-e1"/>
      </object_component>
      <object_component id="oc-23b">
         <name>.text:_HOSTread</name>
         <load_address>0x118267c0</load_address>
         <run_address>0x118267c0</run_address>
         <size>0xe0</size>
         <input_file_ref idref="fl-e1"/>
      </object_component>
      <object_component id="oc-270">
         <name>.text:_atoi</name>
         <load_address>0x118268a0</load_address>
         <run_address>0x118268a0</run_address>
         <size>0xe0</size>
         <input_file_ref idref="fl-d8"/>
      </object_component>
      <object_component id="oc-295">
         <name>.text:_close</name>
         <load_address>0x11826980</load_address>
         <run_address>0x11826980</run_address>
         <size>0xe0</size>
         <input_file_ref idref="fl-e0"/>
      </object_component>
      <object_component id="oc-26f">
         <name>.text:_memset</name>
         <load_address>0x11826a60</load_address>
         <run_address>0x11826a60</run_address>
         <size>0xe0</size>
         <input_file_ref idref="fl-e4"/>
      </object_component>
      <object_component id="oc-23e">
         <name>.text:_HOSTunlink</name>
         <load_address>0x11826b40</load_address>
         <run_address>0x11826b40</run_address>
         <size>0xc0</size>
         <input_file_ref idref="fl-e1"/>
      </object_component>
      <object_component id="oc-23c">
         <name>.text:_HOSTwrite</name>
         <load_address>0x11826c00</load_address>
         <run_address>0x11826c00</run_address>
         <size>0xc0</size>
         <input_file_ref idref="fl-e1"/>
      </object_component>
      <object_component id="oc-281">
         <name>.text:__cleanup</name>
         <load_address>0x11826cc0</load_address>
         <run_address>0x11826cc0</run_address>
         <size>0xc0</size>
         <input_file_ref idref="fl-e7"/>
      </object_component>
      <object_component id="oc-288">
         <name>.text:__div</name>
         <load_address>0x11826d80</load_address>
         <run_address>0x11826d80</run_address>
         <size>0xc0</size>
         <input_file_ref idref="fl-cd"/>
      </object_component>
      <object_component id="oc-291">
         <name>.text:__divu</name>
         <load_address>0x11826e40</load_address>
         <run_address>0x11826e40</run_address>
         <size>0xc0</size>
         <input_file_ref idref="fl-d0"/>
      </object_component>
      <object_component id="oc-26d">
         <name>.text:__doflush</name>
         <load_address>0x11826f00</load_address>
         <run_address>0x11826f00</run_address>
         <size>0xc0</size>
         <input_file_ref idref="fl-db"/>
      </object_component>
      <object_component id="oc-244">
         <name>.text:__remi</name>
         <load_address>0x11826fc0</load_address>
         <run_address>0x11826fc0</run_address>
         <size>0xc0</size>
         <input_file_ref idref="fl-c6"/>
      </object_component>
      <object_component id="oc-253">
         <name>.text:_atexit</name>
         <load_address>0x11827080</load_address>
         <run_address>0x11827080</run_address>
         <size>0xc0</size>
         <input_file_ref idref="fl-c7"/>
      </object_component>
      <object_component id="oc-274">
         <name>.text:_fseek</name>
         <load_address>0x11827140</load_address>
         <run_address>0x11827140</run_address>
         <size>0xc0</size>
         <input_file_ref idref="fl-de"/>
      </object_component>
      <object_component id="oc-27f">
         <name>.text:_lseek</name>
         <load_address>0x11827200</load_address>
         <run_address>0x11827200</run_address>
         <size>0xc0</size>
         <input_file_ref idref="fl-e0"/>
      </object_component>
      <object_component id="oc-28d">
         <name>.text:_ltoa</name>
         <load_address>0x118272c0</load_address>
         <run_address>0x118272c0</run_address>
         <size>0xc0</size>
         <input_file_ref idref="fl-e2"/>
      </object_component>
      <object_component id="oc-26e">
         <name>.text:_write</name>
         <load_address>0x11827380</load_address>
         <run_address>0x11827380</run_address>
         <size>0xc0</size>
         <input_file_ref idref="fl-e0"/>
      </object_component>
      <object_component id="oc-24f">
         <name>.text</name>
         <load_address>0x11827440</load_address>
         <run_address>0x11827440</run_address>
         <size>0xc0</size>
         <input_file_ref idref="fl-bd"/>
      </object_component>
      <object_component id="oc-23a">
         <name>.text:_HOSTclose</name>
         <load_address>0x11827500</load_address>
         <run_address>0x11827500</run_address>
         <size>0xa0</size>
         <input_file_ref idref="fl-e1"/>
      </object_component>
      <object_component id="oc-298">
         <name>.text:__divli</name>
         <load_address>0x118275a0</load_address>
         <run_address>0x118275a0</run_address>
         <size>0xa0</size>
         <input_file_ref idref="fl-d1"/>
      </object_component>
      <object_component id="oc-283">
         <name>.text:__ecpy</name>
         <load_address>0x11827640</load_address>
         <run_address>0x11827640</run_address>
         <size>0xa0</size>
         <input_file_ref idref="fl-cd"/>
      </object_component>
      <object_component id="oc-286">
         <name>.text:__fcpy</name>
         <load_address>0x118276e0</load_address>
         <run_address>0x118276e0</run_address>
         <size>0xa0</size>
         <input_file_ref idref="fl-cd"/>
      </object_component>
      <object_component id="oc-28c">
         <name>.text:__fixdli</name>
         <load_address>0x11827780</load_address>
         <run_address>0x11827780</run_address>
         <size>0xa0</size>
         <input_file_ref idref="fl-d3"/>
      </object_component>
      <object_component id="oc-27a">
         <name>.text:__pconv_f</name>
         <load_address>0x11827820</load_address>
         <run_address>0x11827820</run_address>
         <size>0xa0</size>
         <input_file_ref idref="fl-cd"/>
      </object_component>
      <object_component id="oc-29d">
         <name>.text:_finddevice</name>
         <load_address>0x118278c0</load_address>
         <run_address>0x118278c0</run_address>
         <size>0xa0</size>
         <input_file_ref idref="fl-e0"/>
      </object_component>
      <object_component id="oc-240">
         <name>.text:_memcpy</name>
         <load_address>0x11827960</load_address>
         <run_address>0x11827960</run_address>
         <size>0xa0</size>
         <input_file_ref idref="fl-ca"/>
      </object_component>
      <object_component id="oc-28e">
         <name>.text:__fltlid</name>
         <load_address>0x11827a00</load_address>
         <run_address>0x11827a00</run_address>
         <size>0x80</size>
         <input_file_ref idref="fl-d4"/>
      </object_component>
      <object_component id="oc-299">
         <name>.text:__llshl</name>
         <load_address>0x11827a80</load_address>
         <run_address>0x11827a80</run_address>
         <size>0x80</size>
         <input_file_ref idref="fl-d6"/>
      </object_component>
      <object_component id="oc-25f">
         <name>.text:_printf</name>
         <load_address>0x11827b00</load_address>
         <run_address>0x11827b00</run_address>
         <size>0x80</size>
         <input_file_ref idref="fl-cb"/>
      </object_component>
      <object_component id="oc-255">
         <name>.text:_readmsg</name>
         <load_address>0x11827b80</load_address>
         <run_address>0x11827b80</run_address>
         <size>0x80</size>
         <input_file_ref idref="fl-e5"/>
      </object_component>
      <object_component id="oc-29b">
         <name>.text:_unlink</name>
         <load_address>0x11827c00</load_address>
         <run_address>0x11827c00</run_address>
         <size>0x80</size>
         <input_file_ref idref="fl-e0"/>
      </object_component>
      <object_component id="oc-29a">
         <name>.text:__subcull</name>
         <load_address>0x11827c80</load_address>
         <run_address>0x11827c80</run_address>
         <size>0x60</size>
         <input_file_ref idref="fl-d2"/>
      </object_component>
      <object_component id="oc-273">
         <name>.text:_memccpy</name>
         <load_address>0x11827ce0</load_address>
         <run_address>0x11827ce0</run_address>
         <size>0x60</size>
         <input_file_ref idref="fl-e3"/>
      </object_component>
      <object_component id="oc-254">
         <name>.text:_writemsg</name>
         <load_address>0x11827d40</load_address>
         <run_address>0x11827d40</run_address>
         <size>0x60</size>
         <input_file_ref idref="fl-e5"/>
      </object_component>
      <object_component id="oc-25e">
         <name>.text:___add_dtor</name>
         <load_address>0x11827da0</load_address>
         <run_address>0x11827da0</run_address>
         <size>0x40</size>
         <input_file_ref idref="fl-c8"/>
      </object_component>
      <object_component id="oc-278">
         <name>.text:___isinf</name>
         <load_address>0x11827de0</load_address>
         <run_address>0x11827de0</run_address>
         <size>0x40</size>
         <input_file_ref idref="fl-ce"/>
      </object_component>
      <object_component id="oc-277">
         <name>.text:___isnan</name>
         <load_address>0x11827e20</load_address>
         <run_address>0x11827e20</run_address>
         <size>0x40</size>
         <input_file_ref idref="fl-cd"/>
      </object_component>
      <object_component id="oc-290">
         <name>.text:__frcmpyd_div</name>
         <load_address>0x11827e60</load_address>
         <run_address>0x11827e60</run_address>
         <size>0x40</size>
         <input_file_ref idref="fl-d5"/>
      </object_component>
      <object_component id="oc-28f">
         <name>.text:__llshru</name>
         <load_address>0x11827ea0</load_address>
         <run_address>0x11827ea0</run_address>
         <size>0x40</size>
         <input_file_ref idref="fl-d6"/>
      </object_component>
      <object_component id="oc-297">
         <name>.text:__remli</name>
         <load_address>0x11827ee0</load_address>
         <run_address>0x11827ee0</run_address>
         <size>0x40</size>
         <input_file_ref idref="fl-d1"/>
      </object_component>
      <object_component id="oc-27d">
         <name>.text:__negll</name>
         <load_address>0x11827f20</load_address>
         <run_address>0x11827f20</run_address>
         <size>0x20</size>
         <input_file_ref idref="fl-d7"/>
      </object_component>
      <object_component id="oc-238">
         <name>.text:__nop</name>
         <load_address>0x11827f40</load_address>
         <run_address>0x11827f40</run_address>
         <size>0x20</size>
         <input_file_ref idref="fl-c5"/>
      </object_component>
      <object_component id="oc-264">
         <name>.text:__outc</name>
         <load_address>0x11827f60</load_address>
         <run_address>0x11827f60</run_address>
         <size>0x20</size>
         <input_file_ref idref="fl-cb"/>
      </object_component>
      <object_component id="oc-263">
         <name>.text:__outs</name>
         <load_address>0x11827f80</load_address>
         <run_address>0x11827f80</run_address>
         <size>0x20</size>
         <input_file_ref idref="fl-cb"/>
      </object_component>
      <object_component id="oc-24d">
         <name>.text:__register_lock</name>
         <load_address>0x11827fa0</load_address>
         <run_address>0x11827fa0</run_address>
         <size>0x20</size>
         <input_file_ref idref="fl-c5"/>
      </object_component>
      <object_component id="oc-24e">
         <name>.text:__register_unlock</name>
         <load_address>0x11827fc0</load_address>
         <run_address>0x11827fc0</run_address>
         <size>0x20</size>
         <input_file_ref idref="fl-c5"/>
      </object_component>
      <object_component id="oc-296">
         <name>.text:_remove</name>
         <load_address>0x11827fe0</load_address>
         <run_address>0x11827fe0</run_address>
         <size>0x20</size>
         <input_file_ref idref="fl-ed"/>
      </object_component>
      <object_component id="oc-53">
         <name>.cinit</name>
         <load_address>0x1182e2e0</load_address>
         <run_address>0x1182e2e0</run_address>
         <size>0x7cc</size>
         <input_file_ref idref="fl-3"/>
      </object_component>
      <object_component id="oc-70">
         <name>.cinit</name>
         <load_address>0x1182eab0</load_address>
         <run_address>0x1182eab0</run_address>
         <size>0x30c</size>
         <input_file_ref idref="fl-5"/>
      </object_component>
      <object_component id="oc-76">
         <name>.cinit</name>
         <load_address>0x1182edc0</load_address>
         <run_address>0x1182edc0</run_address>
         <size>0x26c</size>
         <input_file_ref idref="fl-7c"/>
      </object_component>
      <object_component id="oc-128">
         <name>.cinit</name>
         <load_address>0x1182f030</load_address>
         <run_address>0x1182f030</run_address>
         <size>0x1a4</size>
         <input_file_ref idref="fl-a7"/>
      </object_component>
      <object_component id="oc-85">
         <name>.cinit</name>
         <load_address>0x1182f1d8</load_address>
         <run_address>0x1182f1d8</run_address>
         <size>0xb0</size>
         <input_file_ref idref="fl-80"/>
      </object_component>
      <object_component id="oc-162">
         <name>.cinit</name>
         <load_address>0x1182f288</load_address>
         <run_address>0x1182f288</run_address>
         <size>0x80</size>
         <input_file_ref idref="fl-b7"/>
      </object_component>
      <object_component id="oc-113">
         <name>.cinit</name>
         <load_address>0x1182f308</load_address>
         <run_address>0x1182f308</run_address>
         <size>0x68</size>
         <input_file_ref idref="fl-a3"/>
      </object_component>
      <object_component id="oc-178">
         <name>.cinit</name>
         <load_address>0x1182f370</load_address>
         <run_address>0x1182f370</run_address>
         <size>0x60</size>
         <input_file_ref idref="fl-bd"/>
      </object_component>
      <object_component id="oc-7f">
         <name>.cinit</name>
         <load_address>0x1182f3d0</load_address>
         <run_address>0x1182f3d0</run_address>
         <size>0x5c</size>
         <input_file_ref idref="fl-7f"/>
      </object_component>
      <object_component id="oc-1b2">
         <name>.cinit</name>
         <load_address>0x1182f430</load_address>
         <run_address>0x1182f430</run_address>
         <size>0x5c</size>
         <input_file_ref idref="fl-cc"/>
      </object_component>
      <object_component id="oc-1f0">
         <name>.cinit</name>
         <load_address>0x1182f490</load_address>
         <run_address>0x1182f490</run_address>
         <size>0x5c</size>
         <input_file_ref idref="fl-e0"/>
      </object_component>
      <object_component id="oc-d3">
         <name>.cinit</name>
         <load_address>0x1182f4f0</load_address>
         <run_address>0x1182f4f0</run_address>
         <size>0x4c</size>
         <input_file_ref idref="fl-94"/>
      </object_component>
      <object_component id="oc-14d">
         <name>.cinit</name>
         <load_address>0x1182f540</load_address>
         <run_address>0x1182f540</run_address>
         <size>0x4c</size>
         <input_file_ref idref="fl-b2"/>
      </object_component>
      <object_component id="oc-fe">
         <name>.cinit</name>
         <load_address>0x1182f590</load_address>
         <run_address>0x1182f590</run_address>
         <size>0x3c</size>
         <input_file_ref idref="fl-9e"/>
      </object_component>
      <object_component id="oc-b3">
         <name>.cinit</name>
         <load_address>0x1182f5d0</load_address>
         <run_address>0x1182f5d0</run_address>
         <size>0x34</size>
         <input_file_ref idref="fl-8c"/>
      </object_component>
      <object_component id="oc-9d">
         <name>.cinit</name>
         <load_address>0x1182f608</load_address>
         <run_address>0x1182f608</run_address>
         <size>0x2c</size>
         <input_file_ref idref="fl-86"/>
      </object_component>
      <object_component id="oc-1a7">
         <name>.cinit</name>
         <load_address>0x1182f638</load_address>
         <run_address>0x1182f638</run_address>
         <size>0x2c</size>
         <input_file_ref idref="fl-c9"/>
      </object_component>
      <object_component id="oc-144">
         <name>.cinit</name>
         <load_address>0x1182f668</load_address>
         <run_address>0x1182f668</run_address>
         <size>0x24</size>
         <input_file_ref idref="fl-b0"/>
      </object_component>
      <object_component id="oc-f7">
         <name>.cinit</name>
         <load_address>0x1182f690</load_address>
         <run_address>0x1182f690</run_address>
         <size>0x1c</size>
         <input_file_ref idref="fl-9d"/>
      </object_component>
      <object_component id="oc-16e">
         <name>.cinit</name>
         <load_address>0x1182f6b0</load_address>
         <run_address>0x1182f6b0</run_address>
         <size>0x1c</size>
         <input_file_ref idref="fl-ba"/>
      </object_component>
      <object_component id="oc-195">
         <name>.cinit</name>
         <load_address>0x1182f6d0</load_address>
         <run_address>0x1182f6d0</run_address>
         <size>0x1c</size>
         <input_file_ref idref="fl-c5"/>
      </object_component>
      <object_component id="oc-19d">
         <name>.cinit</name>
         <load_address>0x1182f6f0</load_address>
         <run_address>0x1182f6f0</run_address>
         <size>0x1c</size>
         <input_file_ref idref="fl-c7"/>
      </object_component>
      <object_component id="oc-90">
         <name>.cinit</name>
         <load_address>0x1182f710</load_address>
         <run_address>0x1182f710</run_address>
         <size>0x18</size>
         <input_file_ref idref="fl-83"/>
      </object_component>
      <object_component id="oc-b5">
         <name>.cinit</name>
         <load_address>0x1182f728</load_address>
         <run_address>0x1182f728</run_address>
         <size>0xc</size>
         <input_file_ref idref="fl-8d"/>
      </object_component>
      <object_component id="oc-c2">
         <name>.cinit</name>
         <load_address>0x1182f738</load_address>
         <run_address>0x1182f738</run_address>
         <size>0xc</size>
         <input_file_ref idref="fl-90"/>
      </object_component>
      <object_component id="oc-209">
         <name>.cinit</name>
         <load_address>0x1182f748</load_address>
         <run_address>0x1182f748</run_address>
         <size>0xc</size>
         <input_file_ref idref="fl-e7"/>
      </object_component>
      <object_component id="oc-1a2">
         <name>.cinit</name>
         <load_address>0x1182f758</load_address>
         <run_address>0x1182f758</run_address>
         <size>0xc</size>
         <input_file_ref idref="fl-c8"/>
      </object_component>
      <object_component id="oc-260">
         <name>.switch:_getRegisterBankAndBit</name>
[...]
         <value>0x1182bc00</value>
         <object_component_ref idref="oc-223"/>
      </symbol>
      <symbol id="sm-9f4">
         <name>_KNL_ipost</name>
         <value>0x1182bb80</value>
         <object_component_ref idref="oc-236"/>
      </symbol>
      <symbol id="sm-a0c">
         <name>_KNL_run</name>
         <value>0x11829d60</value>
         <object_component_ref idref="oc-227"/>
      </symbol>
      <symbol id="sm-a31">
         <name>_LED_isOn</name>
         <value>0x118254ac</value>
         <object_component_ref idref="oc-242"/>
      </symbol>
      <symbol id="sm-a32">
         <name>_LED_toggle</name>
         <value>0x118255ac</value>
         <object_component_ref idref="oc-242"/>
      </symbol>
      <symbol id="sm-a33">
         <name>_LED_turnOn</name>
         <value>0x11825514</value>
         <object_component_ref idref="oc-242"/>
      </symbol>
      <symbol id="sm-a34">
         <name>_LED_turnOff</name>
         <value>0x11825564</value>
         <object_component_ref idref="oc-242"/>
      </symbol>
      <symbol id="sm-a35">
         <name>_LED_init</name>
         <value>0x11825460</value>
         <object_component_ref idref="oc-242"/>
      </symbol>
      <symbol id="sm-a39">
         <name>_MEM</name>
         <value>0x11833a14</value>
         <object_component_ref idref="oc-13f"/>
      </symbol>
      <symbol id="sm-a45">
         <name>_MEM_init</name>
         <value>0x11832400</value>
         <object_component_ref idref="oc-22b"/>
      </symbol>
      <symbol id="sm-a51">
         <name>_OBJ_table</name>
         <value>0x1181fed8</value>
         <object_component_ref idref="oc-145"/>
      </symbol>
      <symbol id="sm-a52">
         <name>_OBJ_segtab</name>
         <value>0x1181ff10</value>
         <object_component_ref idref="oc-145"/>
      </symbol>
      <symbol id="sm-a5e">
         <name>_RTDX_Buffer_ReadCB</name>
         <value>0x11831ea0</value>
         <object_component_ref idref="oc-250"/>
      </symbol>
      <symbol id="sm-a5f">
         <name>RTDX_NORMALIZED_HDR</name>
         <value>0x1</value>
      </symbol>
      <symbol id="sm-a60">
         <name>_RTDX_Buffer_Read</name>
         <value>0x11831f60</value>
         <object_component_ref idref="oc-230"/>
      </symbol>
      <symbol id="sm-aa0">
         <name>_rtdx_buffer_state</name>
         <value>0x11832a14</value>
         <object_component_ref idref="oc-14e"/>
      </symbol>
      <symbol id="sm-aa1">
         <name>_RTDX_Buffer_WriteCB</name>
         <value>0x118312a0</value>
         <object_component_ref idref="oc-251"/>
      </symbol>
      <symbol id="sm-aa2">
         <name>_rtdxNullChanCnt</name>
         <value>0x118339d8</value>
         <object_component_ref idref="oc-14b"/>
      </symbol>
      <symbol id="sm-aa3">
         <name>_RTDX_writing</name>
         <value>0x11832a20</value>
         <object_component_ref idref="oc-14e"/>
      </symbol>
      <symbol id="sm-aa4">
         <name>_RTDX_Buffer_Initialize</name>
         <value>0x11831de0</value>
         <object_component_ref idref="oc-233"/>
      </symbol>
      <symbol id="sm-aa5">
         <name>_RTDX_Buffer_Write</name>
         <value>0x11831f80</value>
         <object_component_ref idref="oc-231"/>
      </symbol>
      <symbol id="sm-aa6">
         <name>_rtdxNullFuncCnt</name>
         <value>0x118339dc</value>
         <object_component_ref idref="oc-14b"/>
      </symbol>
      <symbol id="sm-aa7">
         <name>_RTDX_Buffer_Size</name>
         <value>0x11831ee0</value>
         <object_component_ref idref="oc-25b"/>
      </symbol>
      <symbol id="sm-ab1">
         <name>_RTDX_Mask_IER</name>
         <value>0x11831fa0</value>
         <object_component_ref idref="oc-153"/>
      </symbol>
      <symbol id="sm-abc">
         <name>_RTDX_memfill</name>
         <value>0x11831f20</value>
         <object_component_ref idref="oc-252"/>
      </symbol>
      <symbol id="sm-ac4">
         <name>_STS_set</name>
         <value>0x1182c260</value>
         <object_component_ref idref="oc-159"/>
      </symbol>
      <symbol id="sm-ad1">
         <name>_SYS_abort</name>
         <value>0x1182c040</value>
         <object_component_ref idref="oc-24b"/>
      </symbol>
      <symbol id="sm-ae0">
         <name>_TSK_timerSem</name>
         <value>0x1181feb4</value>
         <object_component_ref idref="oc-163"/>
      </symbol>
      <symbol id="sm-ae1">
         <name>_TSK_nTasks</name>
         <value>0x118339f0</value>
         <object_component_ref idref="oc-160"/>
      </symbol>
      <symbol id="sm-ae2">
         <name>_TSK</name>
         <value>0x118339f8</value>
         <object_component_ref idref="oc-160"/>
      </symbol>
      <symbol id="sm-ae3">
         <name>_TSK_ATTRS</name>
         <value>0x1181fe78</value>
         <object_component_ref idref="oc-163"/>
      </symbol>
      <symbol id="sm-ae4">
         <name>_TSK_pid</name>
         <value>0x118339f4</value>
         <object_component_ref idref="oc-160"/>
      </symbol>
      <symbol id="sm-ae5">
         <name>_TSK_config</name>
         <value>0x1181fe94</value>
         <object_component_ref idref="oc-163"/>
      </symbol>
      <symbol id="sm-af6">
         <name>_TSK_exit</name>
         <value>0x1182b2c0</value>
         <object_component_ref idref="oc-229"/>
      </symbol>
      <symbol id="sm-b04">
         <name>_SYS_exit</name>
         <value>0x1182bae0</value>
         <object_component_ref idref="oc-249"/>
      </symbol>
      <symbol id="sm-b10">
         <name>_SYS_exitStack</name>
         <value>0x1181ff80</value>
         <object_component_ref idref="oc-16f"/>
      </symbol>
      <symbol id="sm-b11">
         <name>_SYS_exitStackPtr</name>
         <value>0x11833a04</value>
         <object_component_ref idref="oc-16c"/>
      </symbol>
      <symbol id="sm-b12">
         <name>_SYS_exitStackTop</name>
         <value>0x11833a08</value>
         <object_component_ref idref="oc-16c"/>
      </symbol>
      <symbol id="sm-b1c">
         <name>_TSK_init</name>
         <value>0x118324c0</value>
         <object_component_ref idref="oc-22d"/>
      </symbol>
      <symbol id="sm-b30">
         <name>_TSK_setup</name>
         <value>0x1182acc0</value>
         <object_component_ref idref="oc-22e"/>
      </symbol>
      <symbol id="sm-b50">
         <name>__MEM_mutex</name>
         <value>0x1181ff54</value>
         <object_component_ref idref="oc-179"/>
      </symbol>
      <symbol id="sm-b51">
         <name>__TSK_mutex</name>
         <value>0x1181ff2c</value>
         <object_component_ref idref="oc-179"/>
      </symbol>
      <symbol id="sm-b52">
         <name>_TSK_startup</name>
         <value>0x1182b824</value>
         <object_component_ref idref="oc-22f"/>
      </symbol>
      <symbol id="sm-b5f">
         <name>_LCK_pend</name>
         <value>0x1182bca0</value>
         <object_component_ref idref="oc-24c"/>
      </symbol>
      <symbol id="sm-b60">
         <name>_LCK_post</name>
         <value>0x1182bc80</value>
         <object_component_ref idref="oc-24c"/>
      </symbol>
      <symbol id="sm-b69">
         <name>_SEM_pend</name>
         <value>0x1182bf80</value>
         <object_component_ref idref="oc-180"/>
      </symbol>
      <symbol id="sm-b7d">
         <name>_SEM_pendEnterKnl</name>
         <value>0x1182a940</value>
         <object_component_ref idref="oc-235"/>
      </symbol>
      <symbol id="sm-b89">
         <name>_SEM_postBinary</name>
         <value>0x1182b8a0</value>
         <object_component_ref idref="oc-187"/>
      </symbol>
      <symbol id="sm-b8a">
         <name>_SEM_post</name>
         <value>0x1182b8a0</value>
         <object_component_ref idref="oc-187"/>
      </symbol>
      <symbol id="sm-b99">
         <name>_SEM_postEnterKnl</name>
         <value>0x1182ba40</value>
         <object_component_ref idref="oc-237"/>
      </symbol>
      <symbol id="sm-bab">
         <name>__SEM_dopost</name>
         <value>0x1182ab20</value>
         <object_component_ref idref="oc-234"/>
      </symbol>
      <symbol id="sm-bbe">
         <name>__auto_init</name>
         <value>0x1182b180</value>
         <object_component_ref idref="oc-221"/>
      </symbol>
      <symbol id="sm-bd0">
         <name>__unlock</name>
         <value>0x1181fff4</value>
         <object_component_ref idref="oc-196"/>
      </symbol>
      <symbol id="sm-bd1">
         <name>__lock</name>
         <value>0x1181fff0</value>
         <object_component_ref idref="oc-196"/>
      </symbol>
      <symbol id="sm-bd2">
         <name>__register_lock</name>
         <value>0x11827fa0</value>
         <object_component_ref idref="oc-24d"/>
      </symbol>
      <symbol id="sm-bd3">
         <name>__nop</name>
         <value>0x11827f40</value>
         <object_component_ref idref="oc-238"/>
      </symbol>
      <symbol id="sm-bd4">
         <name>__register_unlock</name>
         <value>0x11827fc0</value>
         <object_component_ref idref="oc-24e"/>
      </symbol>
      <symbol id="sm-bdd">
         <name>__remi</name>
         <value>0x11826fc0</value>
         <object_component_ref idref="oc-244"/>
      </symbol>
      <symbol id="sm-bde">
         <name>__c6xabi_remi</name>
         <value>0x11826fc0</value>
         <object_component_ref idref="oc-244"/>
      </symbol>
      <symbol id="sm-bf2">
         <name>_atexit</name>
         <value>0x11827080</value>
         <object_component_ref idref="oc-253"/>
      </symbol>
      <symbol id="sm-bf3">
         <name>___atexit_func_id__</name>
         <value>0x1181fa28</value>
         <object_component_ref idref="oc-19e"/>
      </symbol>
      <symbol id="sm-c0b">
         <name>_dtors</name>
         <value>0x1181fccc</value>
         <object_component_ref idref="oc-1a3"/>
      </symbol>
      <symbol id="sm-c0c">
         <name>_call_dtors</name>
         <value>0x118265e0</value>
         <object_component_ref idref="oc-262"/>
      </symbol>
      <symbol id="sm-c0d">
         <name>___add_dtor</name>
         <value>0x11827da0</value>
         <object_component_ref idref="oc-25e"/>
      </symbol>
      <symbol id="sm-c19">
         <name>___TI_enable_exit_profile_output</name>
         <value>0x1181ffec</value>
         <object_component_ref idref="oc-1a8"/>
      </symbol>
      <symbol id="sm-c1a">
         <name>__cleanup_ptr</name>
         <value>0x1181ffe4</value>
         <object_component_ref idref="oc-1a8"/>
      </symbol>
      <symbol id="sm-c1b">
         <name>__dtors_ptr</name>
         <value>0x1181ffe8</value>
         <object_component_ref idref="oc-1a8"/>
      </symbol>
      <symbol id="sm-c23">
         <name>_memcpy</name>
         <value>0x11827960</value>
         <object_component_ref idref="oc-240"/>
      </symbol>
      <symbol id="sm-c35">
         <name>_printf</name>
         <value>0x11827b00</value>
         <object_component_ref idref="oc-25f"/>
      </symbol>
      <symbol id="sm-c3f">
         <name>__tmpnams</name>
         <value>0x1181f8e0</value>
         <object_component_ref idref="oc-1b3"/>
      </symbol>
      <symbol id="sm-c40">
         <name>__ft_end</name>
         <value>0x1181fa20</value>
         <object_component_ref idref="oc-1b3"/>
      </symbol>
      <symbol id="sm-c41">
         <name>__ftable</name>
         <value>0x1181f700</value>
         <object_component_ref idref="oc-1b3"/>
      </symbol>
      <symbol id="sm-d4e">
         <name>__printfi</name>
         <value>0x11823040</value>
         <object_component_ref idref="oc-265"/>
      </symbol>
      <symbol id="sm-d58">
         <name>___isinf</name>
         <value>0x11827de0</value>
         <object_component_ref idref="oc-278"/>
      </symbol>
      <symbol id="sm-d6a">
         <name>__divd</name>
         <value>0x11821b00</value>
         <object_component_ref idref="oc-287"/>
      </symbol>
      <symbol id="sm-d73">
         <name>__c6xabi_divu</name>
         <value>0x11826e40</value>
         <object_component_ref idref="oc-291"/>
      </symbol>
      <symbol id="sm-d74">
         <name>__divu</name>
         <value>0x11826e40</value>
         <object_component_ref idref="oc-291"/>
      </symbol>
      <symbol id="sm-d84">
         <name>__divul</name>
         <value>0x11825800</value>
         <object_component_ref idref="oc-292"/>
      </symbol>
      <symbol id="sm-d85">
         <name>__remli</name>
         <value>0x11827ee0</value>
         <object_component_ref idref="oc-297"/>
      </symbol>
      <symbol id="sm-d86">
         <name>__divli</name>
         <value>0x118275a0</value>
         <object_component_ref idref="oc-298"/>
      </symbol>
      <symbol id="sm-d9a">
         <name>__subcull</name>
         <value>0x11827c80</value>
         <object_component_ref idref="oc-29a"/>
      </symbol>
      <symbol id="sm-d9b">
         <name>__divull</name>
         <value>0x11824940</value>
         <object_component_ref idref="oc-293"/>
      </symbol>
      <symbol id="sm-da8">
         <name>__fixdli</name>
         <value>0x11827780</value>
         <object_component_ref idref="oc-28c"/>
      </symbol>
      <symbol id="sm-db3">
         <name>__fltlid</name>
         <value>0x11827a00</value>
         <object_component_ref idref="oc-28e"/>
      </symbol>
      <symbol id="sm-dbd">
         <name>__frcmpyd_div</name>
         <value>0x11827e60</value>
         <object_component_ref idref="oc-290"/>
      </symbol>
      <symbol id="sm-dcb">
         <name>__llshl</name>
         <value>0x11827a80</value>
         <object_component_ref idref="oc-299"/>
      </symbol>
      <symbol id="sm-dcc">
         <name>__llshru</name>
         <value>0x11827ea0</value>
         <object_component_ref idref="oc-28f"/>
      </symbol>
      <symbol id="sm-dd6">
         <name>__negll</name>
         <value>0x11827f20</value>
         <object_component_ref idref="oc-27d"/>
      </symbol>
      <symbol id="sm-de4">
         <name>_atoi</name>
         <value>0x118268a0</value>
         <object_component_ref idref="oc-270"/>
      </symbol>
      <symbol id="sm-dec">
         <name>__ctypes_</name>
         <value>0x11832bd0</value>
         <object_component_ref idref="oc-276"/>
      </symbol>
      <symbol id="sm-dfe">
         <name>_putc</name>
         <value>0x11825f40</value>
         <object_component_ref idref="oc-267"/>
      </symbol>
      <symbol id="sm-dff">
         <name>_fputc</name>
         <value>0x11825f40</value>
         <object_component_ref idref="oc-267"/>
      </symbol>
      <symbol id="sm-e0c">
         <name>__doflush</name>
         <value>0x11826f00</value>
         <object_component_ref idref="oc-26d"/>
      </symbol>
      <symbol id="sm-e1b">
         <name>__wrt_ok</name>
         <value>0x118264e0</value>
         <object_component_ref idref="oc-26c"/>
      </symbol>
      <symbol id="sm-e35">
         <name>_fputs</name>
         <value>0x11823b80</value>
         <object_component_ref idref="oc-266"/>
      </symbol>
      <symbol id="sm-e42">
         <name>_fseek</name>
         <value>0x11827140</value>
         <object_component_ref idref="oc-274"/>
      </symbol>
      <symbol id="sm-e88">
         <name>_unlink</name>
         <value>0x11827c00</value>
         <object_component_ref idref="oc-29b"/>
      </symbol>
      <symbol id="sm-e89">
         <name>_lseek</name>
         <value>0x11827200</value>
         <object_component_ref idref="oc-27f"/>
      </symbol>
      <symbol id="sm-e8a">
         <name>_close</name>
         <value>0x11826980</value>
         <object_component_ref idref="oc-295"/>
      </symbol>
      <symbol id="sm-e8b">
         <name>_write</name>
         <value>0x11827380</value>
         <object_component_ref idref="oc-26e"/>
      </symbol>
      <symbol id="sm-eb5">
         <name>_HOSTopen</name>
         <value>0x118266e0</value>
         <object_component_ref idref="oc-239"/>
      </symbol>
      <symbol id="sm-eb6">
         <name>_HOSTread</name>
         <value>0x118267c0</value>
         <object_component_ref idref="oc-23b"/>
      </symbol>
      <symbol id="sm-eb7">
         <name>_HOSTrename</name>
         <value>0x118259a0</value>
         <object_component_ref idref="oc-23f"/>
      </symbol>
      <symbol id="sm-eb8">
         <name>_HOSTwrite</name>
         <value>0x11826c00</value>
         <object_component_ref idref="oc-23c"/>
      </symbol>
      <symbol id="sm-eb9">
         <name>_HOSTlseek</name>
         <value>0x118262e0</value>
         <object_component_ref idref="oc-23d"/>
      </symbol>
      <symbol id="sm-eba">
         <name>_HOSTunlink</name>
         <value>0x11826b40</value>
         <object_component_ref idref="oc-23e"/>
      </symbol>
      <symbol id="sm-ebb">
         <name>_HOSTclose</name>
         <value>0x11827500</value>
         <object_component_ref idref="oc-23a"/>
      </symbol>
      <symbol id="sm-ec8">
         <name>_ltoa</name>
         <value>0x118272c0</value>
         <object_component_ref idref="oc-28d"/>
      </symbol>
      <symbol id="sm-ed5">
         <name>_memccpy</name>
         <value>0x11827ce0</value>
         <object_component_ref idref="oc-273"/>
      </symbol>
      <symbol id="sm-ee0">
         <name>_memset</name>
         <value>0x11826a60</value>
         <object_component_ref idref="oc-26f"/>
      </symbol>
      <symbol id="sm-ef0">
         <name>C$$IO$$</name>
         <value>0x11827d98</value>
         <object_component_ref idref="oc-254"/>
      </symbol>
      <symbol id="sm-ef1">
         <name>__CIOBUF_</name>
         <value>0x11833a20</value>
         <object_component_ref idref="oc-202"/>
      </symbol>
      <symbol id="sm-ef2">
         <name>_readmsg</name>
         <value>0x11827b80</value>
         <object_component_ref idref="oc-255"/>
      </symbol>
      <symbol id="sm-ef3">
         <name>_writemsg</name>
         <value>0x11827d40</value>
         <object_component_ref idref="oc-254"/>
      </symbol>
      <symbol id="sm-f04">
         <name>_setvbuf</name>
         <value>0x11825b20</value>
         <object_component_ref idref="oc-275"/>
      </symbol>
      <symbol id="sm-f19">
         <name>__cleanup</name>
         <value>0x11826cc0</value>
         <object_component_ref idref="oc-281"/>
      </symbol>
      <symbol id="sm-f2b">
         <name>_fclose</name>
         <value>0x118261c0</value>
         <object_component_ref idref="oc-28b"/>
      </symbol>
      <symbol id="sm-f47">
         <name>_free</name>
         <value>0x11829860</value>
         <object_component_ref idref="oc-280"/>
      </symbol>
      <symbol id="sm-f48">
         <name>_calloc</name>
         <value>0x11829a8c</value>
         <object_component_ref idref="oc-280"/>
      </symbol>
      <symbol id="sm-f49">
         <name>_memalign</name>
         <value>0x118299c8</value>
         <object_component_ref idref="oc-280"/>
      </symbol>
      <symbol id="sm-f4a">
         <name>_realloc</name>
         <value>0x118298e4</value>
         <object_component_ref idref="oc-280"/>
      </symbol>
      <symbol id="sm-f4b">
         <name>_malloc</name>
         <value>0x11829884</value>
         <object_component_ref idref="oc-280"/>
      </symbol>
      <symbol id="sm-f62">
         <name>_MEM_alloc</name>
         <value>0x11829fa0</value>
         <object_component_ref idref="oc-28a"/>
      </symbol>
      <symbol id="sm-f74">
         <name>_MEM_free</name>
         <value>0x1182a3a0</value>
         <object_component_ref idref="oc-289"/>
      </symbol>
      <symbol id="sm-f7f">
         <name>_SYS_error</name>
         <value>0x1182be00</value>
         <object_component_ref idref="oc-294"/>
      </symbol>
      <symbol id="sm-f89">
         <name>_remove</name>
         <value>0x11827fe0</value>
         <object_component_ref idref="oc-296"/>
      </symbol>
   </symbol_table>
</link_info>
