<?xml version="1.0"?>
<link_info>
   <banner>TMS320C6x Linker PC v7.3.23</banner>
   <copyright>Copyright (c) 1996-2015 Texas Instruments Incorporated</copyright>
   <link_time>0x67d1ab36</link_time>
   <output_file>MiniProject.out</output_file>
   <entry_point>
      <name>_c_int00</name>
      <address>0x1181f440</address>
   </entry_point>
   <input_file_list>
      <input_file id="fl-2">
         <path>.\</path>
         <kind>object</kind>
         <file>framework.obj</file>
         <name>framework.obj</name>
      </input_file>
      <input_file id="fl-3">
         <path>.\</path>
         <kind>object</kind>
         <file>hellocfg.obj</file>
         <name>hellocfg.obj</name>
      </input_file>
      <input_file id="fl-4">
         <path>.\</path>
         <kind>object</kind>
         <file>hellocfg_c.obj</file>
         <name>hellocfg_c.obj</name>
      </input_file>
      <input_file id="fl-5">
         <path>.\</path>
         <kind>object</kind>
         <file>main.obj</file>
         <name>main.obj</name>
      </input_file>
      <input_file id="fl-7c">
         <path>C:\ti\bios_5_42_01_09\packages\ti\bios\lib\</path>
         <kind>archive</kind>
         <file>bios.a674</file>
         <name>biosdata.o674</name>
      </input_file>
      <input_file id="fl-7d">
         <path>C:\ti\bios_5_42_01_09\packages\ti\bios\lib\</path>
         <kind>archive</kind>
         <file>bios.a674</file>
         <name>hwi_disp_asm.o674</name>
      </input_file>
      <input_file id="fl-7e">
         <path>C:\ti\bios_5_42_01_09\packages\ti\bios\lib\</path>
         <kind>archive</kind>
         <file>bios.a674</file>
         <name>idl_stub.o674</name>
      </input_file>
      <input_file id="fl-7f">
         <path>C:\ti\bios_5_42_01_09\packages\ti\bios\lib\</path>
         <kind>archive</kind>
         <file>lnkrtdx.a674</file>
         <name>rtdx.o674</name>
      </input_file>
      <input_file id="fl-80">
         <path>C:\ti\bios_5_42_01_09\packages\ti\bios\lib\</path>
         <kind>archive</kind>
         <file>bios.a674</file>
         <name>swi.o674</name>
      </input_file>
      <input_file id="fl-81">
         <path>C:\ti\bios_5_42_01_09\packages\ti\bios\lib\</path>
         <kind>archive</kind>
         <file>bios6748.a674</file>
         <name>clk_gethtime.o674</name>
      </input_file>
      <input_file id="fl-82">
         <path>C:\ti\bios_5_42_01_09\packages\ti\bios\lib\</path>
         <kind>archive</kind>
         <file>bios.a674</file>
         <name>fxn_c.o674</name>
      </input_file>
      <input_file id="fl-83">
         <path>C:\ti\bios_5_42_01_09\packages\ti\bios\lib\</path>
         <kind>archive</kind>
         <file>bios.a674</file>
         <name>knl_tick.o674</name>
      </input_file>
      <input_file id="fl-84">
         <path>C:\ti\bios_5_42_01_09\packages\ti\bios\lib\</path>
         <kind>archive</kind>
         <file>bios.a674</file>
         <name>utl_doab.o674</name>
      </input_file>
      <input_file id="fl-85">
         <path>C:\ti\bios_5_42_01_09\packages\ti\bios\lib\</path>
         <kind>archive</kind>
         <file>bios.a674</file>
         <name>utl_doer.o674</name>
      </input_file>
      <input_file id="fl-86">
         <path>C:\ti\bios_5_42_01_09\packages\ti\bios\lib\</path>
         <kind>archive</kind>
         <file>bios.a674</file>
         <name>utl_putc.o674</name>
      </input_file>
      <input_file id="fl-87">
         <path>C:\ti\bios_5_42_01_09\packages\ti\bios\lib\</path>
         <kind>archive</kind>
         <file>bios.a674</file>
         <name>utl_halt.o674</name>
      </input_file>
      <input_file id="fl-88">
         <path>C:\ti\bios_5_42_01_09\packages\ti\bios\lib\</path>
         <kind>archive</kind>
         <file>bios6748.a674</file>
         <name>clk.o674</name>
      </input_file>
      <input_file id="fl-89">
         <path>C:\ti\bios_5_42_01_09\packages\ti\bios\lib\</path>
         <kind>archive</kind>
         <file>bios.a674</file>
         <name>fxn.o674</name>
      </input_file>
      <input_file id="fl-8a">
         <path>C:\ti\bios_5_42_01_09\packages\ti\bios\lib\</path>
         <kind>archive</kind>
         <file>bios.a674</file>
         <name>boot.o674</name>
      </input_file>
      <input_file id="fl-8b">
         <path>C:\ti\bios_5_42_01_09\packages\ti\bios\lib\</path>
         <kind>archive</kind>
         <file>bios.a674</file>
         <name>trc.o674</name>
      </input_file>
      <input_file id="fl-8c">
         <path>C:\ti\bios_5_42_01_09\packages\ti\bios\lib\</path>
         <kind>archive</kind>
         <file>bios.a674</file>
         <name>hwi.o674</name>
      </input_file>
      <input_file id="fl-8d">
         <path>C:\ti\bios_5_42_01_09\packages\ti\bios\lib\</path>
         <kind>archive</kind>
         <file>bios.a674</file>
         <name>idl_busy.o674</name>
      </input_file>
      <input_file id="fl-8e">
         <path>C:\ti\bios_5_42_01_09\packages\ti\bios\lib\</path>
         <kind>archive</kind>
         <file>bios6748.a674</file>
         <name>idl_cal.o674</name>
      </input_file>
      <input_file id="fl-8f">
         <path>C:\ti\bios_5_42_01_09\packages\ti\bios\lib\</path>
         <kind>archive</kind>
         <file>bios.a674</file>
         <name>idl.o674</name>
      </input_file>
      <input_file id="fl-90">
         <path>C:\ti\bios_5_42_01_09\packages\ti\bios\lib\</path>
         <kind>archive</kind>
         <file>bios.a674</file>
         <name>knl_swit.o674</name>
      </input_file>
      <input_file id="fl-91">
         <path>C:\ti\bios_5_42_01_09\packages\ti\bios\lib\</path>
         <kind>archive</kind>
         <file>bios.a674</file>
         <name>log.o674</name>
      </input_file>
      <input_file id="fl-92">
         <path>C:\ti\bios_5_42_01_09\packages\ti\bios\lib\</path>
         <kind>archive</kind>
         <file>bios.a674</file>
         <name>pip.o674</name>
      </input_file>
      <input_file id="fl-93">
         <path>C:\ti\bios_5_42_01_09\packages\ti\bios\lib\</path>
         <kind>archive</kind>
         <file>bios.a674</file>
         <name>prd.o674</name>
      </input_file>
      <input_file id="fl-94">
         <path>C:\ti\bios_5_42_01_09\packages\ti\bios\lib\</path>
         <kind>archive</kind>
         <file>bios.a674</file>
         <name>rta.o674</name>
      </input_file>
      <input_file id="fl-95">
         <path>C:\ti\bios_5_42_01_09\packages\ti\bios\lib\</path>
         <kind>archive</kind>
         <file>bios.a674</file>
         <name>rta_andn.o674</name>
      </input_file>
      <input_file id="fl-96">
         <path>C:\ti\bios_5_42_01_09\packages\ti\bios\lib\</path>
         <kind>archive</kind>
         <file>bios.a674</file>
         <name>sts.o674</name>
      </input_file>
      <input_file id="fl-97">
         <path>C:\ti\bios_5_42_01_09\packages\ti\bios\lib\</path>
         <kind>archive</kind>
         <file>bios.a674</file>
         <name>clk_data.o674</name>
      </input_file>
      <input_file id="fl-98">
         <path>C:\ti\bios_5_42_01_09\packages\ti\bios\lib\</path>
         <kind>archive</kind>
         <file>bios.a674</file>
         <name>clk_data2.o674</name>
      </input_file>
      <input_file id="fl-99">
         <path>C:\ti\bios_5_42_01_09\packages\ti\bios\lib\</path>
         <kind>archive</kind>
         <file>bios6748.a674</file>
         <name>clk_data.o674</name>
      </input_file>
      <input_file id="fl-9a">
         <path>C:\ti\bios_5_42_01_09\packages\ti\bios\lib\</path>
         <kind>archive</kind>
         <file>bios6748.a674</file>
         <name>clk_meas.o674</name>
      </input_file>
      <input_file id="fl-9b">
         <path>C:\ti\c6748\bsl\lib\</path>
         <kind>archive</kind>
         <file>evmc6748_bsl.lib</file>
         <name>evmc6748_dip.obj</name>
      </input_file>
      <input_file id="fl-9c">
         <path>C:\ti\c6748\bsl\lib\</path>
         <kind>archive</kind>
         <file>evmc6748_bsl.lib</file>
         <name>evmc6748.obj</name>
      </input_file>
      <input_file id="fl-9d">
         <path>C:\ti\bios_5_42_01_09\packages\ti\bios\lib\</path>
         <kind>archive</kind>
         <file>bios.a674</file>
         <name>exc_asm.o674</name>
      </input_file>
      <input_file id="fl-9e">
         <path>C:\ti\bios_5_42_01_09\packages\ti\bios\lib\</path>
         <kind>archive</kind>
         <file>bios.a674</file>
         <name>exc.o674</name>
      </input_file>
      <input_file id="fl-9f">
         <path>C:\ti\bios_5_42_01_09\packages\ti\bios\lib\</path>
         <kind>archive</kind>
         <file>bios.a674</file>
         <name>gbl_cacheinit64P.o674</name>
      </input_file>
      <input_file id="fl-a0">
         <path>C:\ti\bios_5_42_01_09\packages\ti\bios\lib\</path>
         <kind>archive</kind>
         <file>bios6748.a674</file>
         <name>bcache_init.o674</name>
      </input_file>
      <input_file id="fl-a1">
         <path>C:\ti\bios_5_42_01_09\packages\ti\bios\lib\</path>
         <kind>archive</kind>
         <file>bios.a674</file>
         <name>gbl_vers.o674</name>
      </input_file>
      <input_file id="fl-a2">
         <path>C:\ti\c6748\bsl\lib\</path>
         <kind>archive</kind>
         <file>evmc6748_bsl.lib</file>
         <name>evmc6748_gpio.obj</name>
      </input_file>
      <input_file id="fl-a3">
         <path>C:\ti\bios_5_42_01_09\packages\ti\rtdx\lib\c6000\</path>
         <kind>archive</kind>
         <file>rtdx64xplus.lib</file>
         <name>rtdx_mon.o64P</name>
      </input_file>
      <input_file id="fl-a4">
         <path>C:\ti\bios_5_42_01_09\packages\ti\bios\lib\</path>
         <kind>archive</kind>
         <file>bios.a674</file>
         <name>hwi_c.o674</name>
      </input_file>
      <input_file id="fl-a5">
         <path>C:\ti\c6748\bsl\lib\</path>
         <kind>archive</kind>
         <file>evmc6748_bsl.lib</file>
         <name>evmc6748_i2c_gpio.obj</name>
      </input_file>
      <input_file id="fl-a6">
         <path>C:\ti\c6748\bsl\lib\</path>
         <kind>archive</kind>
         <file>evmc6748_bsl.lib</file>
         <name>evmc6748_i2c.obj</name>
      </input_file>
      <input_file id="fl-a7">
         <path>C:\ti\bios_5_42_01_09\packages\ti\bios\lib\</path>
         <kind>archive</kind>
         <file>bios.a674</file>
         <name>knl.o674</name>
      </input_file>
      <input_file id="fl-a8">
         <path>C:\ti\bios_5_42_01_09\packages\ti\bios\lib\</path>
         <kind>archive</kind>
         <file>bios.a674</file>
         <name>knl_exit.o674</name>
      </input_file>
      <input_file id="fl-a9">
         <path>C:\ti\bios_5_42_01_09\packages\ti\bios\lib\</path>
         <kind>archive</kind>
         <file>bios.a674</file>
         <name>knl_chec.o674</name>
      </input_file>
      <input_file id="fl-aa">
         <path>C:\ti\bios_5_42_01_09\packages\ti\bios\lib\</path>
         <kind>archive</kind>
         <file>bios.a674</file>
         <name>knl_post.o674</name>
      </input_file>
      <input_file id="fl-ab">
         <path>C:\ti\bios_5_42_01_09\packages\ti\bios\lib\</path>
         <kind>archive</kind>
         <file>bios.a674</file>
         <name>knl_ipos.o674</name>
      </input_file>
      <input_file id="fl-ac">
         <path>C:\ti\bios_5_42_01_09\packages\ti\bios\lib\</path>
         <kind>archive</kind>
         <file>bios.a674</file>
         <name>knl_run.o674</name>
      </input_file>
      <input_file id="fl-ad">
         <path>C:\ti\c6748\bsl\lib\</path>
         <kind>archive</kind>
         <file>evmc6748_bsl.lib</file>
         <name>evmc6748_led.obj</name>
      </input_file>
      <input_file id="fl-ae">
         <path>C:\ti\bios_5_42_01_09\packages\ti\bios\lib\</path>
         <kind>archive</kind>
         <file>bios.a674</file>
         <name>mem_asm.o674</name>
      </input_file>
      <input_file id="fl-af">
         <path>C:\ti\bios_5_42_01_09\packages\ti\bios\lib\</path>
         <kind>archive</kind>
         <file>bios.a674</file>
         <name>mem_init.o674</name>
      </input_file>
      <input_file id="fl-b0">
         <path>C:\ti\bios_5_42_01_09\packages\ti\bios\lib\</path>
         <kind>archive</kind>
         <file>bios.a674</file>
         <name>obj_init.o674</name>
      </input_file>
      <input_file id="fl-b1">
         <path>C:\ti\bios_5_42_01_09\packages\ti\rtdx\lib\c6000\</path>
         <kind>archive</kind>
         <file>rtdx64xplus.lib</file>
         <name>buffer2.o64P</name>
      </input_file>
      <input_file id="fl-b2">
         <path>C:\ti\bios_5_42_01_09\packages\ti\rtdx\lib\c6000\</path>
         <kind>archive</kind>
         <file>rtdx64xplus.lib</file>
         <name>buffer1.o64P</name>
      </input_file>
      <input_file id="fl-b3">
         <path>C:\ti\bios_5_42_01_09\packages\ti\rtdx\lib\c6000\</path>
         <kind>archive</kind>
         <file>rtdx64xplus.lib</file>
         <name>intr_tgt.o64P</name>
      </input_file>
      <input_file id="fl-b4">
         <path>C:\ti\bios_5_42_01_09\packages\ti\rtdx\lib\c6000\</path>
         <kind>archive</kind>
         <file>rtdx64xplus.lib</file>
         <name>memfill.o64P</name>
      </input_file>
      <input_file id="fl-b5">
         <path>C:\ti\bios_5_42_01_09\packages\ti\bios\lib\</path>
         <kind>archive</kind>
         <file>bios.a674</file>
         <name>sts_set.o674</name>
      </input_file>
      <input_file id="fl-b6">
         <path>C:\ti\bios_5_42_01_09\packages\ti\bios\lib\</path>
         <kind>archive</kind>
         <file>bios.a674</file>
         <name>sys_abor.o674</name>
      </input_file>
      <input_file id="fl-b7">
         <path>C:\ti\bios_5_42_01_09\packages\ti\bios\lib\</path>
         <kind>archive</kind>
         <file>bios.a674</file>
         <name>tsk.o674</name>
      </input_file>
      <input_file id="fl-b8">
         <path>C:\ti\bios_5_42_01_09\packages\ti\bios\lib\</path>
         <kind>archive</kind>
         <file>bios.a674</file>
         <name>tsk_exit.o674</name>
      </input_file>
      <input_file id="fl-b9">
         <path>C:\ti\bios_5_42_01_09\packages\ti\bios\lib\</path>
         <kind>archive</kind>
         <file>bios.a674</file>
         <name>sys_exit.o674</name>
      </input_file>
      <input_file id="fl-ba">
         <path>C:\ti\bios_5_42_01_09\packages\ti\bios\lib\</path>
         <kind>archive</kind>
         <file>bios.a674</file>
         <name>sys.o674</name>
      </input_file>
      <input_file id="fl-bb">
         <path>C:\ti\bios_5_42_01_09\packages\ti\bios\lib\</path>
         <kind>archive</kind>
         <file>bios.a674</file>
         <name>tsk_init.o674</name>
      </input_file>
      <input_file id="fl-bc">
         <path>C:\ti\bios_5_42_01_09\packages\ti\bios\lib\</path>
         <kind>archive</kind>
         <file>bios.a674</file>
         <name>tsk_setu.o674</name>
      </input_file>
      <input_file id="fl-bd">
         <path>C:\ti\bios_5_42_01_09\packages\ti\bios\lib\</path>
         <kind>archive</kind>
         <file>bios.a674</file>
         <name>tsk_stup.o674</name>
      </input_file>
      <input_file id="fl-be">
         <path>C:\ti\bios_5_42_01_09\packages\ti\bios\lib\</path>
         <kind>archive</kind>
         <file>bios.a674</file>
         <name>lck.o674</name>
      </input_file>
      <input_file id="fl-bf">
         <path>C:\ti\bios_5_42_01_09\packages\ti\bios\lib\</path>
         <kind>archive</kind>
         <file>bios.a674</file>
         <name>sem_pend_counting.o674</name>
      </input_file>
      <input_file id="fl-c0">
         <path>C:\ti\bios_5_42_01_09\packages\ti\bios\lib\</path>
         <kind>archive</kind>
         <file>bios.a674</file>
         <name>sem_pend.o674</name>
      </input_file>
      <input_file id="fl-c1">
         <path>C:\ti\bios_5_42_01_09\packages\ti\bios\lib\</path>
         <kind>archive</kind>
         <file>bios.a674</file>
         <name>sem_post_asm.o674</name>
      </input_file>
      <input_file id="fl-c2">
         <path>C:\ti\bios_5_42_01_09\packages\ti\bios\lib\</path>
         <kind>archive</kind>
         <file>bios.a674</file>
         <name>sem_post.o674</name>
      </input_file>
      <input_file id="fl-c3">
         <path>C:\ti\bios_5_42_01_09\packages\ti\bios\lib\</path>
         <kind>archive</kind>
         <file>bios.a674</file>
         <name>sem_dopo.o674</name>
      </input_file>
      <input_file id="fl-c4">
         <path>C:\ti\bios_5_42_01_09\packages\ti\bios\lib\</path>
         <kind>archive</kind>
         <file>bios.a674</file>
         <name>autoinit.o674</name>
      </input_file>
      <input_file id="fl-c5">
         <path>C:\ti\ccs1271\ccs\tools\compiler\c6000_7.3.23\lib\</path>
         <kind>archive</kind>
         <file>rts6740.lib</file>
         <name>_lock.obj</name>
      </input_file>
      <input_file id="fl-c6">
         <path>C:\ti\ccs1271\ccs\tools\compiler\c6000_7.3.23\lib\</path>
         <kind>archive</kind>
         <file>rts6740.lib</file>
         <name>remi.obj</name>
      </input_file>
      <input_file id="fl-c7">
         <path>C:\ti\ccs1271\ccs\tools\compiler\c6000_7.3.23\lib\</path>
         <kind>archive</kind>
         <file>rts6740.lib</file>
         <name>atexit.obj</name>
      </input_file>
      <input_file id="fl-c8">
         <path>C:\ti\ccs1271\ccs\tools\compiler\c6000_7.3.23\lib\</path>
         <kind>archive</kind>
         <file>rts6740.lib</file>
         <name>sinit.obj</name>
      </input_file>
      <input_file id="fl-c9">
         <path>C:\ti\ccs1271\ccs\tools\compiler\c6000_7.3.23\lib\</path>
         <kind>archive</kind>
         <file>rts6740.lib</file>
         <name>exit.obj</name>
      </input_file>
      <input_file id="fl-ca">
         <path>C:\ti\ccs1271\ccs\tools\compiler\c6000_7.3.23\lib\</path>
         <kind>archive</kind>
         <file>rts6740.lib</file>
         <name>memcpy64.obj</name>
      </input_file>
      <input_file id="fl-cb">
         <path>C:\ti\ccs1271\ccs\tools\compiler\c6000_7.3.23\lib\</path>
         <kind>archive</kind>
         <file>rts6740.lib</file>
         <name>printf.obj</name>
      </input_file>
      <input_file id="fl-cc">
         <path>C:\ti\ccs1271\ccs\tools\compiler\c6000_7.3.23\lib\</path>
         <kind>archive</kind>
         <file>rts6740.lib</file>
         <name>defs.obj</name>
      </input_file>
      <input_file id="fl-cd">
         <path>C:\ti\ccs1271\ccs\tools\compiler\c6000_7.3.23\lib\</path>
         <kind>archive</kind>
         <file>rts6740.lib</file>
         <name>_printfi.obj</name>
      </input_file>
      <input_file id="fl-ce">
         <path>C:\ti\ccs1271\ccs\tools\compiler\c6000_7.3.23\lib\</path>
         <kind>archive</kind>
         <file>rts6740.lib</file>
         <name>isinf.obj</name>
      </input_file>
      <input_file id="fl-cf">
         <path>C:\ti\ccs1271\ccs\tools\compiler\c6000_7.3.23\lib\</path>
         <kind>archive</kind>
         <file>rts6740.lib</file>
         <name>divd.obj</name>
      </input_file>
      <input_file id="fl-d0">
         <path>C:\ti\ccs1271\ccs\tools\compiler\c6000_7.3.23\lib\</path>
         <kind>archive</kind>
         <file>rts6740.lib</file>
         <name>divu.obj</name>
      </input_file>
      <input_file id="fl-d1">
         <path>C:\ti\ccs1271\ccs\tools\compiler\c6000_7.3.23\lib\</path>
         <kind>archive</kind>
         <file>rts6740.lib</file>
         <name>imath40.obj</name>
      </input_file>
      <input_file id="fl-d2">
         <path>C:\ti\ccs1271\ccs\tools\compiler\c6000_7.3.23\lib\</path>
         <kind>archive</kind>
         <file>rts6740.lib</file>
         <name>imath64.obj</name>
      </input_file>
      <input_file id="fl-d3">
         <path>C:\ti\ccs1271\ccs\tools\compiler\c6000_7.3.23\lib\</path>
         <kind>archive</kind>
         <file>rts6740.lib</file>
         <name>fixdli.obj</name>
      </input_file>
      <input_file id="fl-d4">
         <path>C:\ti\ccs1271\ccs\tools\compiler\c6000_7.3.23\lib\</path>
         <kind>archive</kind>
         <file>rts6740.lib</file>
         <name>fltlid.obj</name>
      </input_file>
      <input_file id="fl-d5">
         <path>C:\ti\ccs1271\ccs\tools\compiler\c6000_7.3.23\lib\</path>
         <kind>archive</kind>
         <file>rts6740.lib</file>
         <name>frcmpyd_div.obj</name>
      </input_file>
      <input_file id="fl-d6">
         <path>C:\ti\ccs1271\ccs\tools\compiler\c6000_7.3.23\lib\</path>
         <kind>archive</kind>
         <file>rts6740.lib</file>
         <name>llshift.obj</name>
      </input_file>
      <input_file id="fl-d7">
         <path>C:\ti\ccs1271\ccs\tools\compiler\c6000_7.3.23\lib\</path>
         <kind>archive</kind>
         <file>rts6740.lib</file>
         <name>negll.obj</name>
      </input_file>
      <input_file id="fl-d8">
         <path>C:\ti\ccs1271\ccs\tools\compiler\c6000_7.3.23\lib\</path>
         <kind>archive</kind>
         <file>rts6740.lib</file>
         <name>atoi.obj</name>
      </input_file>
      <input_file id="fl-d9">
         <path>C:\ti\ccs1271\ccs\tools\compiler\c6000_7.3.23\lib\</path>
         <kind>archive</kind>
         <file>rts6740.lib</file>
         <name>ctype.obj</name>
      </input_file>
      <input_file id="fl-da">
         <path>C:\ti\ccs1271\ccs\tools\compiler\c6000_7.3.23\lib\</path>
         <kind>archive</kind>
         <file>rts6740.lib</file>
         <name>fputc.obj</name>
      </input_file>
      <input_file id="fl-db">
         <path>C:\ti\ccs1271\ccs\tools\compiler\c6000_7.3.23\lib\</path>
         <kind>archive</kind>
         <file>rts6740.lib</file>
         <name>fflush.obj</name>
      </input_file>
      <input_file id="fl-dc">
         <path>C:\ti\ccs1271\ccs\tools\compiler\c6000_7.3.23\lib\</path>
         <kind>archive</kind>
         <file>rts6740.lib</file>
         <name>_io_perm.obj</name>
      </input_file>
      <input_file id="fl-dd">
         <path>C:\ti\ccs1271\ccs\tools\compiler\c6000_7.3.23\lib\</path>
         <kind>archive</kind>
         <file>rts6740.lib</file>
         <name>fputs.obj</name>
      </input_file>
      <input_file id="fl-de">
         <path>C:\ti\ccs1271\ccs\tools\compiler\c6000_7.3.23\lib\</path>
         <kind>archive</kind>
         <file>rts6740.lib</file>
         <name>fseek.obj</name>
      </input_file>
      <input_file id="fl-df">
         <path>C:\ti\ccs1271\ccs\tools\compiler\c6000_7.3.23\lib\</path>
         <kind>archive</kind>
         <file>rts6740.lib</file>
         <name>abs.obj</name>
      </input_file>
      <input_file id="fl-e0">
         <path>C:\ti\ccs1271\ccs\tools\compiler\c6000_7.3.23\lib\</path>
         <kind>archive</kind>
         <file>rts6740.lib</file>
         <name>lowlev.obj</name>
      </input_file>
      <input_file id="fl-e1">
         <path>C:\ti\ccs1271\ccs\tools\compiler\c6000_7.3.23\lib\</path>
         <kind>archive</kind>
         <file>rts6740.lib</file>
         <name>trgdrv.obj</name>
      </input_file>
      <input_file id="fl-e2">
         <path>C:\ti\ccs1271\ccs\tools\compiler\c6000_7.3.23\lib\</path>
         <kind>archive</kind>
         <file>rts6740.lib</file>
         <name>ltoa.obj</name>
      </input_file>
      <input_file id="fl-e3">
         <path>C:\ti\ccs1271\ccs\tools\compiler\c6000_7.3.23\lib\</path>
         <kind>archive</kind>
         <file>rts6740.lib</file>
         <name>memccpy.obj</name>
      </input_file>
      <input_file id="fl-e4">
         <path>C:\ti\ccs1271\ccs\tools\compiler\c6000_7.3.23\lib\</path>
         <kind>archive</kind>
         <file>rts6740.lib</file>
         <name>memset.obj</name>
      </input_file>
      <input_file id="fl-e5">
         <path>C:\ti\ccs1271\ccs\tools\compiler\c6000_7.3.23\lib\</path>
         <kind>archive</kind>
         <file>rts6740.lib</file>
         <name>trgmsg.obj</name>
      </input_file>
      <input_file id="fl-e6">
         <path>C:\ti\ccs1271\ccs\tools\compiler\c6000_7.3.23\lib\</path>
         <kind>archive</kind>
         <file>rts6740.lib</file>
         <name>setvbuf.obj</name>
      </input_file>
      <input_file id="fl-e7">
         <path>C:\ti\ccs1271\ccs\tools\compiler\c6000_7.3.23\lib\</path>
         <kind>archive</kind>
         <file>rts6740.lib</file>
         <name>fopen.obj</name>
      </input_file>
      <input_file id="fl-e8">
         <path>C:\ti\ccs1271\ccs\tools\compiler\c6000_7.3.23\lib\</path>
         <kind>archive</kind>
         <file>rts6740.lib</file>
         <name>fclose.obj</name>
      </input_file>
      <input_file id="fl-e9">
         <path>C:\ti\bios_5_42_01_09\packages\ti\bios\lib\</path>
         <kind>archive</kind>
         <file>bios.a674</file>
         <name>malloc.o674</name>
      </input_file>
      <input_file id="fl-ea">
         <path>C:\ti\bios_5_42_01_09\packages\ti\bios\lib\</path>
         <kind>archive</kind>
         <file>bios.a674</file>
         <name>mem_allo.o674</name>
      </input_file>
      <input_file id="fl-eb">
         <path>C:\ti\bios_5_42_01_09\packages\ti\bios\lib\</path>
         <kind>archive</kind>
         <file>bios.a674</file>
         <name>mem_free.o674</name>
      </input_file>
      <input_file id="fl-ec">
         <path>C:\ti\bios_5_42_01_09\packages\ti\bios\lib\</path>
         <kind>archive</kind>
         <file>bios.a674</file>
         <name>sys_erro.o674</name>
      </input_file>
      <input_file id="fl-ed">
         <path>C:\ti\ccs1271\ccs\tools\compiler\c6000_7.3.23\lib\</path>
         <kind>archive</kind>
         <file>rts6740.lib</file>
         <name>remove.obj</name>
      </input_file>
   </input_file_list>
   <object_component_list>
      <object_component id="oc-68">
         <name>.vers</name>
         <load_address>0x0</load_address>
         <run_address>0x0</run_address>
         <size>0x3c</size>
         <input_file_ref idref="fl-3"/>
      </object_component>
      <object_component id="oc-56">
         <name>.clk</name>
         <uninitialized>true</uninitialized>
         <run_address>0x118102f8</run_address>
         <size>0x8</size>
         <input_file_ref idref="fl-3"/>
      </object_component>
      <object_component id="oc-57">
         <name>.prd</name>
         <uninitialized>true</uninitialized>
         <run_address>0x11823b88</run_address>
         <size>0x20</size>
         <input_file_ref idref="fl-3"/>
      </object_component>
      <object_component id="oc-5f">
         <name>.swi</name>
         <uninitialized>true</uninitialized>
         <run_address>0x1181f7a0</run_address>
         <size>0x58</size>
         <input_file_ref idref="fl-3"/>
      </object_component>
      <object_component id="oc-60">
         <name>.tsk</name>
         <uninitialized>true</uninitialized>
         <run_address>0x1181f740</run_address>
         <size>0x60</size>
         <input_file_ref idref="fl-3"/>
      </object_component>
      <object_component id="oc-63">
         <name>.idl</name>
         <uninitialized>true</uninitialized>
         <run_address>0x11823bb8</run_address>
         <size>0x10</size>
         <input_file_ref idref="fl-3"/>
      </object_component>
      <object_component id="oc-62">
         <name>.idlcal</name>
         <uninitialized>true</uninitialized>
         <run_address>0x11823bc8</run_address>
         <size>0x10</size>
         <input_file_ref idref="fl-3"/>
      </object_component>
      <object_component id="oc-45">
         <name>.bss</name>
         <uninitialized>true</uninitialized>
         <run_address>0x11823388</run_address>
         <size>0x28</size>
         <input_file_ref idref="fl-3"/>
      </object_component>
      <object_component id="oc-6e">
         <name>.bss</name>
         <uninitialized>true</uninitialized>
         <run_address>0x11823400</run_address>
         <size>0x14</size>
         <input_file_ref idref="fl-5"/>
      </object_component>
      <object_component id="oc-75">
         <name>.bss</name>
         <uninitialized>true</uninitialized>
         <run_address>0x118231d8</run_address>
         <size>0xcc</size>
         <input_file_ref idref="fl-7c"/>
      </object_component>
      <object_component id="oc-77">
         <name>.bss</name>
         <uninitialized>true</uninitialized>
         <run_address>0x118230d8</run_address>
         <size>0x100</size>
         <input_file_ref idref="fl-7d"/>
      </object_component>
      <object_component id="oc-7e">
         <name>.bss</name>
         <uninitialized>true</uninitialized>
         <run_address>0x118233e8</run_address>
         <size>0x18</size>
         <input_file_ref idref="fl-7f"/>
      </object_component>
      <object_component id="oc-84">
         <name>.bss</name>
         <uninitialized>true</uninitialized>
         <run_address>0x118232a4</run_address>
         <size>0x9c</size>
         <input_file_ref idref="fl-80"/>
      </object_component>
      <object_component id="oc-b2">
         <name>.bss</name>
         <uninitialized>true</uninitialized>
         <run_address>0x118233d0</run_address>
         <size>0x18</size>
         <input_file_ref idref="fl-8c"/>
      </object_component>
      <object_component id="oc-b4">
         <name>.bss</name>
         <uninitialized>true</uninitialized>
         <run_address>0x11823464</run_address>
         <size>0x4</size>
         <input_file_ref idref="fl-8d"/>
      </object_component>
      <object_component id="oc-e0">
         <name>.bss</name>
         <uninitialized>true</uninitialized>
         <run_address>0x11823450</run_address>
         <size>0x8</size>
         <input_file_ref idref="fl-97"/>
      </object_component>
      <object_component id="oc-e3">
         <name>.bss</name>
         <uninitialized>true</uninitialized>
         <run_address>0x11823460</run_address>
         <size>0x4</size>
         <input_file_ref idref="fl-98"/>
      </object_component>
      <object_component id="oc-f6">
         <name>.bss</name>
         <uninitialized>true</uninitialized>
         <run_address>0x118233b0</run_address>
         <size>0x20</size>
         <input_file_ref idref="fl-9d"/>
      </object_component>
      <object_component id="oc-fc">
         <name>.bss</name>
         <uninitialized>true</uninitialized>
         <run_address>0x11823414</run_address>
         <size>0x10</size>
         <input_file_ref idref="fl-9e"/>
      </object_component>
      <object_component id="oc-111">
         <name>.bss</name>
         <uninitialized>true</uninitialized>
         <run_address>0x11823434</run_address>
         <size>0x10</size>
         <input_file_ref idref="fl-a3"/>
      </object_component>
      <object_component id="oc-121">
         <name>.bss</name>
         <uninitialized>true</uninitialized>
         <run_address>0x1182346c</run_address>
         <size>0x4</size>
         <input_file_ref idref="fl-a6"/>
      </object_component>
      <object_component id="oc-126">
         <name>.bss</name>
         <uninitialized>true</uninitialized>
         <run_address>0x11823340</run_address>
         <size>0x48</size>
         <input_file_ref idref="fl-a7"/>
      </object_component>
      <object_component id="oc-13f">
         <name>.bss</name>
         <uninitialized>true</uninitialized>
         <run_address>0x11823468</run_address>
         <size>0x4</size>
         <input_file_ref idref="fl-ae"/>
      </object_component>
      <object_component id="oc-14b">
         <name>.bss</name>
         <uninitialized>true</uninitialized>
         <run_address>0x11823424</run_address>
         <size>0x10</size>
         <input_file_ref idref="fl-b2"/>
      </object_component>
      <object_component id="oc-160">
         <name>.bss</name>
         <uninitialized>true</uninitialized>
         <run_address>0x11823444</run_address>
         <size>0xc</size>
         <input_file_ref idref="fl-b7"/>
      </object_component>
      <object_component id="oc-16c">
         <name>.bss</name>
         <uninitialized>true</uninitialized>
         <run_address>0x11823458</run_address>
         <size>0x8</size>
         <input_file_ref idref="fl-ba"/>
      </object_component>
      <object_component id="oc-5e">
         <name>.hwi_vec</name>
         <load_address>0x11823800</load_address>
         <run_address>0x11823800</run_address>
         <size>0x200</size>
         <input_file_ref idref="fl-3"/>
      </object_component>
      <object_component id="oc-71">
         <name>.far</name>
         <uninitialized>true</uninitialized>
         <run_address>0x11800000</run_address>
         <size>0xfa00</size>
         <input_file_ref idref="fl-5"/>
      </object_component>
      <object_component id="oc-91">
         <name>.far</name>
         <uninitialized>true</uninitialized>
         <run_address>0x118102c8</run_address>
         <size>0x10</size>
         <input_file_ref idref="fl-83"/>
      </object_component>
      <object_component id="oc-9e">
         <name>.far</name>
         <uninitialized>true</uninitialized>
         <run_address>0x118102d8</run_address>
         <size>0xc</size>
         <input_file_ref idref="fl-86"/>
      </object_component>
      <object_component id="oc-e7">
         <name>.far</name>
         <uninitialized>true</uninitialized>
         <run_address>0x1180fd24</run_address>
         <size>0x4</size>
         <input_file_ref idref="fl-99"/>
      </object_component>
      <object_component id="oc-ff">
         <name>.far</name>
         <uninitialized>true</uninitialized>
         <run_address>0x118102b8</run_address>
         <size>0x10</size>
         <input_file_ref idref="fl-9e"/>
      </object_component>
      <object_component id="oc-115">
         <name>.far</name>
         <uninitialized>true</uninitialized>
         <run_address>0x118102a0</run_address>
         <size>0x18</size>
         <input_file_ref idref="fl-a3"/>
      </object_component>
      <object_component id="oc-129">
         <name>.far</name>
         <uninitialized>true</uninitialized>
         <run_address>0x1180ffd0</run_address>
         <size>0xd8</size>
         <input_file_ref idref="fl-a7"/>
      </object_component>
      <object_component id="oc-145">
         <name>.far</name>
         <uninitialized>true</uninitialized>
         <run_address>0x118101d8</run_address>
         <size>0x54</size>
         <input_file_ref idref="fl-b0"/>
      </object_component>
      <object_component id="oc-163">
         <name>.far</name>
         <uninitialized>true</uninitialized>
         <run_address>0x11810178</run_address>
         <size>0x5c</size>
         <input_file_ref idref="fl-b7"/>
      </object_component>
      <object_component id="oc-16f">
         <name>.far</name>
         <uninitialized>true</uninitialized>
         <run_address>0x11810280</run_address>
         <size>0x20</size>
         <input_file_ref idref="fl-ba"/>
      </object_component>
      <object_component id="oc-179">
         <name>.far</name>
         <uninitialized>true</uninitialized>
         <run_address>0x1181022c</run_address>
         <size>0x50</size>
         <input_file_ref idref="fl-bd"/>
      </object_component>
      <object_component id="oc-196">
         <name>.far</name>
         <uninitialized>true</uninitialized>
         <run_address>0x118102f0</run_address>
         <size>0x8</size>
         <input_file_ref idref="fl-c5"/>
      </object_component>
      <object_component id="oc-19e">
         <name>.far</name>
         <uninitialized>true</uninitialized>
         <run_address>0x1180fd28</run_address>
         <size>0x188</size>
         <input_file_ref idref="fl-c7"/>
      </object_component>
      <object_component id="oc-1a3">
         <name>.far</name>
         <uninitialized>true</uninitialized>
         <run_address>0x118101d4</run_address>
         <size>0x4</size>
         <input_file_ref idref="fl-c8"/>
      </object_component>
      <object_component id="oc-1a8">
         <name>.far</name>
         <uninitialized>true</uninitialized>
         <run_address>0x118102e4</run_address>
         <size>0xc</size>
         <input_file_ref idref="fl-c9"/>
      </object_component>
      <object_component id="oc-1b3">
         <name>.far</name>
         <uninitialized>true</uninitialized>
         <run_address>0x1180fa00</run_address>
         <size>0x324</size>
         <input_file_ref idref="fl-cc"/>
      </object_component>
      <object_component id="oc-1f1">
         <name>.far</name>
         <uninitialized>true</uninitialized>
         <run_address>0x1180feb0</run_address>
         <size>0x11c</size>
         <input_file_ref idref="fl-e0"/>
      </object_component>
      <object_component id="oc-1f5">
         <name>.far</name>
         <uninitialized>true</uninitialized>
         <run_address>0x118100a8</run_address>
         <size>0xd0</size>
         <input_file_ref idref="fl-e1"/>
      </object_component>
      <object_component id="oc-20a">
         <name>.far</name>
         <uninitialized>true</uninitialized>
         <run_address>0x1180ffcc</run_address>
         <size>0x4</size>
         <input_file_ref idref="fl-e7"/>
      </object_component>
      <object_component id="oc-52">
         <name>.mem</name>
         <uninitialized>true</uninitialized>
         <run_address>0x1181f7fc</run_address>
         <size>0x4</size>
         <input_file_ref idref="fl-3"/>
      </object_component>
      <object_component id="oc-80">
         <name>.bios</name>
         <load_address>0x11817cc0</load_address>
         <run_address>0x11817cc0</run_address>
         <size>0x5c0</size>
         <input_file_ref idref="fl-7f"/>
      </object_component>
      <object_component id="oc-22c">
         <name>.bios</name>
         <load_address>0x11818280</load_address>
         <run_address>0x11818280</run_address>
         <size>0x580</size>
         <input_file_ref idref="fl-9e"/>
      </object_component>
      <object_component id="oc-46">
         <name>.bios</name>
         <load_address>0x11818800</load_address>
         <run_address>0x11818800</run_address>
         <size>0x4e0</size>
         <input_file_ref idref="fl-7d"/>
      </object_component>
      <object_component id="oc-44">
         <name>.bios</name>
         <load_address>0x11818ce0</load_address>
         <run_address>0x11818ce0</run_address>
         <size>0x4c0</size>
         <input_file_ref idref="fl-80"/>
      </object_component>
      <object_component id="oc-cf">
         <name>.bios</name>
         <load_address>0x118191a0</load_address>
         <run_address>0x118191a0</run_address>
         <size>0x380</size>
         <input_file_ref idref="fl-93"/>
      </object_component>
      <object_component id="oc-280">
         <name>.bios</name>
         <load_address>0x11819520</load_address>
         <run_address>0x11819520</run_address>
         <size>0x280</size>
         <input_file_ref idref="fl-e9"/>
      </object_component>
      <object_component id="oc-d4">
         <name>.bios</name>
         <load_address>0x118197a0</load_address>
         <run_address>0x118197a0</run_address>
         <size>0x280</size>
         <input_file_ref idref="fl-94"/>
      </object_component>
      <object_component id="oc-227">
         <name>.bios</name>
         <load_address>0x11819a20</load_address>
         <run_address>0x11819a20</run_address>
         <size>0x240</size>
         <input_file_ref idref="fl-ac"/>
      </object_component>
      <object_component id="oc-28a">
         <name>.bios:.near</name>
         <load_address>0x11819c60</load_address>
         <run_address>0x11819c60</run_address>
         <size>0x200</size>
         <input_file_ref idref="fl-ea"/>
      </object_component>
      <object_component id="oc-49">
         <name>.bios</name>
         <load_address>0x11819e60</load_address>
         <run_address>0x11819e60</run_address>
         <size>0x200</size>
         <input_file_ref idref="fl-83"/>
      </object_component>
      <object_component id="oc-289">
         <name>.bios:.near</name>
         <load_address>0x1181a060</load_address>
         <run_address>0x1181a060</run_address>
         <size>0x1e0</size>
         <input_file_ref idref="fl-eb"/>
      </object_component>
      <object_component id="oc-f8">
         <name>.bios</name>
         <load_address>0x1181a240</load_address>
         <run_address>0x1181a240</run_address>
         <size>0x1e0</size>
         <input_file_ref idref="fl-9d"/>
      </object_component>
      <object_component id="oc-cb">
         <name>.bios</name>
         <load_address>0x1181a420</load_address>
         <run_address>0x1181a420</run_address>
         <size>0x1e0</size>
         <input_file_ref idref="fl-92"/>
      </object_component>
      <object_component id="oc-235">
         <name>.bios</name>
         <load_address>0x1181a600</load_address>
         <run_address>0x1181a600</run_address>
         <size>0x1e0</size>
         <input_file_ref idref="fl-c0"/>
      </object_component>
      <object_component id="oc-234">
         <name>.bios</name>
         <load_address>0x1181a7e0</load_address>
         <run_address>0x1181a7e0</run_address>
         <size>0x1a0</size>
         <input_file_ref idref="fl-c3"/>
      </object_component>
      <object_component id="oc-22e">
         <name>.bios</name>
         <load_address>0x1181a980</load_address>
         <run_address>0x1181a980</run_address>
         <size>0x1a0</size>
         <input_file_ref idref="fl-bc"/>
      </object_component>
      <object_component id="oc-a4">
         <name>.bios</name>
         <load_address>0x1181ab20</load_address>
         <run_address>0x1181ab20</run_address>
         <size>0x1a0</size>
         <input_file_ref idref="fl-88"/>
      </object_component>
      <object_component id="oc-c3">
         <name>.bios</name>
         <load_address>0x1181acc0</load_address>
         <run_address>0x1181acc0</run_address>
         <size>0x180</size>
         <input_file_ref idref="fl-90"/>
      </object_component>
      <object_component id="oc-221">
         <name>.bios</name>
         <load_address>0x1181ae40</load_address>
         <run_address>0x1181ae40</run_address>
         <size>0x140</size>
         <input_file_ref idref="fl-c4"/>
      </object_component>
      <object_component id="oc-229">
         <name>.bios</name>
         <load_address>0x1181af80</load_address>
         <run_address>0x1181af80</run_address>
         <size>0x140</size>
         <input_file_ref idref="fl-b8"/>
      </object_component>
      <object_component id="oc-24a">
         <name>.bios</name>
         <load_address>0x1181b0c0</load_address>
         <run_address>0x1181b0c0</run_address>
         <size>0x140</size>
         <input_file_ref idref="fl-a0"/>
      </object_component>
      <object_component id="oc-22a">
         <name>.bios</name>
         <load_address>0x1181b200</load_address>
         <run_address>0x1181b200</run_address>
         <size>0x120</size>
         <input_file_ref idref="fl-9f"/>
      </object_component>
      <object_component id="oc-12e">
         <name>.bios</name>
         <load_address>0x1181b320</load_address>
         <run_address>0x1181b320</run_address>
         <size>0x120</size>
         <input_file_ref idref="fl-a9"/>
      </object_component>
      <object_component id="oc-22f">
         <name>.bios</name>
         <load_address>0x1181b440</load_address>
         <run_address>0x1181b440</run_address>
         <size>0x120</size>
         <input_file_ref idref="fl-bd"/>
      </object_component>
      <object_component id="oc-187">
         <name>.bios</name>
         <load_address>0x1181b560</load_address>
         <run_address>0x1181b560</run_address>
         <size>0xe0</size>
         <input_file_ref idref="fl-c1"/>
      </object_component>
      <object_component id="oc-228">
         <name>.bios</name>
         <load_address>0x1181b640</load_address>
         <run_address>0x1181b640</run_address>
         <size>0xc0</size>
         <input_file_ref idref="fl-a8"/>
      </object_component>
      <object_component id="oc-237">
         <name>.bios</name>
         <load_address>0x1181b700</load_address>
         <run_address>0x1181b700</run_address>
         <size>0xa0</size>
         <input_file_ref idref="fl-c2"/>
      </object_component>
      <object_component id="oc-249">
         <name>.bios</name>
         <load_address>0x1181b7a0</load_address>
         <run_address>0x1181b7a0</run_address>
         <size>0xa0</size>
         <input_file_ref idref="fl-b9"/>
      </object_component>
      <object_component id="oc-236">
         <name>.bios</name>
         <load_address>0x1181b840</load_address>
         <run_address>0x1181b840</run_address>
         <size>0x80</size>
         <input_file_ref idref="fl-ab"/>
      </object_component>
      <object_component id="oc-223">
         <name>.bios</name>
         <load_address>0x1181b8c0</load_address>
         <run_address>0x1181b8c0</run_address>
         <size>0x80</size>
         <input_file_ref idref="fl-aa"/>
      </object_component>
      <object_component id="oc-24c">
         <name>.bios</name>
         <load_address>0x1181b940</load_address>
         <run_address>0x1181b940</run_address>
         <size>0x80</size>
         <input_file_ref idref="fl-be"/>
      </object_component>
      <object_component id="oc-c7">
         <name>.bios</name>
         <load_address>0x1181b9c0</load_address>
         <run_address>0x1181b9c0</run_address>
         <size>0x80</size>
         <input_file_ref idref="fl-91"/>
      </object_component>
      <object_component id="oc-ba">
         <name>.bios</name>
         <load_address>0x1181ba40</load_address>
         <run_address>0x1181ba40</run_address>
         <size>0x80</size>
         <input_file_ref idref="fl-8e"/>
      </object_component>
      <object_component id="oc-294">
         <name>.bios:.near</name>
         <load_address>0x1181bac0</load_address>
         <run_address>0x1181bac0</run_address>
         <size>0x60</size>
         <input_file_ref idref="fl-ec"/>
      </object_component>
      <object_component id="oc-a8">
         <name>.bios</name>
         <load_address>0x1181bb20</load_address>
         <run_address>0x1181bb20</run_address>
         <size>0x60</size>
         <input_file_ref idref="fl-89"/>
      </object_component>
      <object_component id="oc-119">
         <name>.bios</name>
         <load_address>0x1181bb80</load_address>
         <run_address>0x1181bb80</run_address>
         <size>0x60</size>
         <input_file_ref idref="fl-a4"/>
      </object_component>
      <object_component id="oc-b6">
         <name>.bios</name>
         <load_address>0x1181bbe0</load_address>
         <run_address>0x1181bbe0</run_address>
         <size>0x60</size>
         <input_file_ref idref="fl-8d"/>
      </object_component>
      <object_component id="oc-180">
         <name>.bios</name>
         <load_address>0x1181bc40</load_address>
         <run_address>0x1181bc40</run_address>
         <size>0x60</size>
         <input_file_ref idref="fl-bf"/>
      </object_component>
      <object_component id="oc-dc">
         <name>.bios</name>
         <load_address>0x1181bca0</load_address>
         <run_address>0x1181bca0</run_address>
         <size>0x60</size>
         <input_file_ref idref="fl-96"/>
      </object_component>
      <object_component id="oc-24b">
         <name>.bios</name>
         <load_address>0x1181bd00</load_address>
         <run_address>0x1181bd00</run_address>
         <size>0x60</size>
         <input_file_ref idref="fl-b6"/>
      </object_component>
      <object_component id="oc-e9">
         <name>.bios</name>
         <load_address>0x1181bd60</load_address>
         <run_address>0x1181bd60</run_address>
         <size>0x60</size>
         <input_file_ref idref="fl-9a"/>
      </object_component>
      <object_component id="oc-42">
         <name>.bios</name>
         <load_address>0x1181bdc0</load_address>
         <run_address>0x1181bdc0</run_address>
         <size>0x40</size>
         <input_file_ref idref="fl-7e"/>
      </object_component>
      <object_component id="oc-d8">
         <name>.bios</name>
         <load_address>0x1181be00</load_address>
         <run_address>0x1181be00</run_address>
         <size>0x40</size>
         <input_file_ref idref="fl-95"/>
      </object_component>
      <object_component id="oc-41">
         <name>.bios</name>
         <load_address>0x1181be40</load_address>
         <run_address>0x1181be40</run_address>
         <size>0x40</size>
         <input_file_ref idref="fl-84"/>
      </object_component>
      <object_component id="oc-48">
         <name>.bios</name>
         <load_address>0x1181be80</load_address>
         <run_address>0x1181be80</run_address>
         <size>0x40</size>
         <input_file_ref idref="fl-86"/>
      </object_component>
      <object_component id="oc-4c">
         <name>.bios</name>
         <load_address>0x1181bec0</load_address>
         <run_address>0x1181bec0</run_address>
         <size>0x20</size>
         <input_file_ref idref="fl-82"/>
      </object_component>
      <object_component id="oc-109">
         <name>.bios</name>
         <load_address>0x1181bee0</load_address>
         <run_address>0x1181bee0</run_address>
         <size>0x20</size>
         <input_file_ref idref="fl-a1"/>
      </object_component>
      <object_component id="oc-be">
         <name>.bios</name>
         <load_address>0x1181bf00</load_address>
         <run_address>0x1181bf00</run_address>
         <size>0x20</size>
         <input_file_ref idref="fl-8f"/>
      </object_component>
      <object_component id="oc-159">
         <name>.bios</name>
         <load_address>0x1181bf20</load_address>
         <run_address>0x1181bf20</run_address>
         <size>0x20</size>
         <input_file_ref idref="fl-b5"/>
      </object_component>
      <object_component id="oc-4b">
         <name>.bios</name>
         <load_address>0x1181bf40</load_address>
         <run_address>0x1181bf40</run_address>
         <size>0x20</size>
         <input_file_ref idref="fl-85"/>
      </object_component>
      <object_component id="oc-4a">
         <name>.bios</name>
         <load_address>0x1181bf60</load_address>
         <run_address>0x1181bf60</run_address>
         <size>0x20</size>
         <input_file_ref idref="fl-87"/>
      </object_component>
      <object_component id="oc-47">
         <name>.bios</name>
         <load_address>0x1181bf80</load_address>
         <run_address>0x1181bf80</run_address>
         <size>0x20</size>
         <input_file_ref idref="fl-81"/>
      </object_component>
      <object_component id="oc-202">
         <name>.cio</name>
         <uninitialized>true</uninitialized>
         <run_address>0x1181f620</run_address>
         <size>0x120</size>
         <input_file_ref idref="fl-e5"/>
      </object_component>
      <object_component id="oc-14f">
         <name>.pinit</name>
         <load_address>0x1181f0b4</load_address>
         <run_address>0x1181f0b4</run_address>
         <size>0x4</size>
         <input_file_ref idref="fl-b2"/>
      </object_component>
      <object_component id="oc-116">
         <name>.pinit</name>
         <load_address>0x1181f0b8</load_address>
         <run_address>0x1181f0b8</run_address>
         <size>0x4</size>
         <input_file_ref idref="fl-a3"/>
      </object_component>
      <object_component id="oc-55">
         <name>.sys</name>
         <uninitialized>true</uninitialized>
         <run_address>0x11823bd8</run_address>
         <size>0x10</size>
         <input_file_ref idref="fl-3"/>
      </object_component>
      <object_component id="oc-257">
         <name>.text</name>
         <load_address>0x11810300</load_address>
         <run_address>0x11810300</run_address>
         <size>0xc20</size>
         <input_file_ref idref="fl-9c"/>
      </object_component>
      <object_component id="oc-241">
         <name>.text</name>
         <load_address>0x11810f20</load_address>
         <run_address>0x11810f20</run_address>
         <size>0x620</size>
         <input_file_ref idref="fl-2"/>
      </object_component>
      <object_component id="oc-287">
         <name>.text:__divd</name>
         <load_address>0x11811540</load_address>
         <run_address>0x11811540</run_address>
         <size>0x5a0</size>
         <input_file_ref idref="fl-cf"/>
      </object_component>
      <object_component id="oc-27c">
         <name>.text:__getarg_diouxp</name>
         <load_address>0x11811ae0</load_address>
         <run_address>0x11811ae0</run_address>
         <size>0x580</size>
         <input_file_ref idref="fl-cd"/>
      </object_component>
      <object_component id="oc-26a">
         <name>.text:__setfield</name>
         <load_address>0x11812060</load_address>
         <run_address>0x11812060</run_address>
         <size>0x540</size>
         <input_file_ref idref="fl-cd"/>
      </object_component>
      <object_component id="oc-259">
         <name>.text</name>
         <load_address>0x118125a0</load_address>
         <run_address>0x118125a0</run_address>
         <size>0x4e0</size>
         <input_file_ref idref="fl-a5"/>
      </object_component>
      <object_component id="oc-265">
         <name>.text:__printfi</name>
         <load_address>0x11812a80</load_address>
         <run_address>0x11812a80</run_address>
         <size>0x440</size>
         <input_file_ref idref="fl-cd"/>
      </object_component>
      <object_component id="oc-258">
         <name>.text</name>
         <load_address>0x11812ec0</load_address>
         <run_address>0x11812ec0</run_address>
         <size>0x380</size>
         <input_file_ref idref="fl-a2"/>
      </object_component>
      <object_component id="oc-256">
         <name>.text</name>
         <load_address>0x11813240</load_address>
         <run_address>0x11813240</run_address>
         <size>0x380</size>
         <input_file_ref idref="fl-a6"/>
      </object_component>
      <object_component id="oc-266">
         <name>.text:_fputs</name>
         <load_address>0x118135c0</load_address>
         <run_address>0x118135c0</run_address>
         <size>0x300</size>
         <input_file_ref idref="fl-dd"/>
      </object_component>
      <object_component id="oc-271">
         <name>.text:__pproc_fge</name>
         <load_address>0x118138c0</load_address>
         <run_address>0x118138c0</run_address>
         <size>0x2c0</size>
         <input_file_ref idref="fl-cd"/>
      </object_component>
      <object_component id="oc-269">
         <name>.text:__pproc_fwp</name>
         <load_address>0x11813b80</load_address>
         <run_address>0x11813b80</run_address>
         <size>0x2c0</size>
         <input_file_ref idref="fl-cd"/>
      </object_component>
      <object_component id="oc-282">
         <name>.text:_ecvt</name>
         <load_address>0x11813e40</load_address>
         <run_address>0x11813e40</run_address>
         <size>0x2a0</size>
         <input_file_ref idref="fl-cd"/>
      </object_component>
      <object_component id="oc-285">
         <name>.text:_fcvt</name>
         <load_address>0x118140e0</load_address>
         <run_address>0x118140e0</run_address>
         <size>0x2a0</size>
         <input_file_ref idref="fl-cd"/>
      </object_component>
      <object_component id="oc-222">
         <name>.text</name>
         <load_address>0x11814380</load_address>
         <run_address>0x11814380</run_address>
         <size>0x280</size>
         <input_file_ref idref="fl-5"/>
      </object_component>
      <object_component id="oc-293">
         <name>.text:__divull</name>
         <load_address>0x11814600</load_address>
         <run_address>0x11814600</run_address>
         <size>0x260</size>
         <input_file_ref idref="fl-d2"/>
      </object_component>
      <object_component id="oc-27b">
         <name>.text:__pconv_e</name>
         <load_address>0x11814860</load_address>
         <run_address>0x11814860</run_address>
         <size>0x260</size>
         <input_file_ref idref="fl-cd"/>
      </object_component>
      <object_component id="oc-272">
         <name>.text:__pproc_diouxp</name>
         <load_address>0x11814ac0</load_address>
         <run_address>0x11814ac0</run_address>
         <size>0x240</size>
         <input_file_ref idref="fl-cd"/>
      </object_component>
      <object_component id="oc-26b">
         <name>.text:__pproc_str</name>
         <load_address>0x11814d00</load_address>
         <run_address>0x11814d00</run_address>
         <size>0x220</size>
         <input_file_ref idref="fl-cd"/>
      </object_component>
      <object_component id="oc-279">
         <name>.text:__pconv_g</name>
         <load_address>0x11814f20</load_address>
         <run_address>0x11814f20</run_address>
         <size>0x200</size>
         <input_file_ref idref="fl-cd"/>
      </object_component>
      <object_component id="oc-242">
         <name>.text</name>
         <load_address>0x11815120</load_address>
         <run_address>0x11815120</run_address>
         <size>0x1e0</size>
         <input_file_ref idref="fl-ad"/>
      </object_component>
      <object_component id="oc-284">
         <name>.text:__mcpy</name>
         <load_address>0x11815300</load_address>
         <run_address>0x11815300</run_address>
         <size>0x1c0</size>
         <input_file_ref idref="fl-cd"/>
      </object_component>
      <object_component id="oc-292">
         <name>.text:__divul</name>
         <load_address>0x118154c0</load_address>
         <run_address>0x118154c0</run_address>
         <size>0x1a0</size>
         <input_file_ref idref="fl-d1"/>
      </object_component>
      <object_component id="oc-23f">
         <name>.text:_HOSTrename</name>
         <load_address>0x11815660</load_address>
         <run_address>0x11815660</run_address>
         <size>0x180</size>
         <input_file_ref idref="fl-e1"/>
      </object_component>
      <object_component id="oc-275">
         <name>.text:_setvbuf</name>
         <load_address>0x118157e0</load_address>
         <run_address>0x118157e0</run_address>
         <size>0x180</size>
         <input_file_ref idref="fl-e6"/>
      </object_component>
      <object_component id="oc-243">
         <name>.text</name>
         <load_address>0x11815960</load_address>
         <run_address>0x11815960</run_address>
         <size>0x160</size>
         <input_file_ref idref="fl-9b"/>
      </object_component>
      <object_component id="oc-268">
         <name>.text:__pproc_fflags</name>
         <load_address>0x11815ac0</load_address>
         <run_address>0x11815ac0</run_address>
         <size>0x140</size>
         <input_file_ref idref="fl-cd"/>
      </object_component>
      <object_component id="oc-267">
         <name>.text:_fputc</name>
         <load_address>0x11815c00</load_address>
         <run_address>0x11815c00</run_address>
         <size>0x140</size>
         <input_file_ref idref="fl-da"/>
      </object_component>
      <object_component id="oc-29c">
         <name>.text:_getdevice</name>
         <load_address>0x11815d40</load_address>
         <run_address>0x11815d40</run_address>
         <size>0x140</size>
         <input_file_ref idref="fl-e0"/>
      </object_component>
      <object_component id="oc-28b">
         <name>.text:_fclose</name>
         <load_address>0x11815e80</load_address>
         <run_address>0x11815e80</run_address>
         <size>0x120</size>
         <input_file_ref idref="fl-e8"/>
      </object_component>
      <object_component id="oc-23d">
         <name>.text:_HOSTlseek</name>
         <load_address>0x11815fa0</load_address>
         <run_address>0x11815fa0</run_address>
         <size>0x100</size>
         <input_file_ref idref="fl-e1"/>
      </object_component>
      <object_component id="oc-27e">
         <name>.text:__ltostr</name>
         <load_address>0x118160a0</load_address>
         <run_address>0x118160a0</run_address>
         <size>0x100</size>
         <input_file_ref idref="fl-cd"/>
      </object_component>
      <object_component id="oc-26c">
         <name>.text:__wrt_ok</name>
         <load_address>0x118161a0</load_address>
         <run_address>0x118161a0</run_address>
         <size>0x100</size>
         <input_file_ref idref="fl-dc"/>
      </object_component>
      <object_component id="oc-262">
         <name>.text:_call_dtors</name>
         <load_address>0x118162a0</load_address>
         <run_address>0x118162a0</run_address>
         <size>0x100</size>
         <input_file_ref idref="fl-c8"/>
      </object_component>
      <object_component id="oc-239">
         <name>.text:_HOSTopen</name>
         <load_address>0x118163a0</load_address>
         <run_address>0x118163a0</run_address>
         <size>0xe0</size>
         <input_file_ref idref="fl-e1"/>
      </object_component>
      <object_component id="oc-23b">
         <name>.text:_HOSTread</name>
         <load_address>0x11816480</load_address>
         <run_address>0x11816480</run_address>
         <size>0xe0</size>
         <input_file_ref idref="fl-e1"/>
      </object_component>
      <object_component id="oc-270">
         <name>.text:_atoi</name>
         <load_address>0x11816560</load_address>
         <run_address>0x11816560</run_address>
         <size>0xe0</size>
         <input_file_ref idref="fl-d8"/>
      </object_component>
      <object_component id="oc-295">
         <name>.text:_close</name>
         <load_address>0x11816640</load_address>
         <run_address>0x11816640</run_address>
         <size>0xe0</size>
         <input_file_ref idref="fl-e0"/>
      </object_component>
      <object_component id="oc-26f">
         <name>.text:_memset</name>
         <load_address>0x11816720</load_address>
         <run_address>0x11816720</run_address>
         <size>0xe0</size>
         <input_file_ref idref="fl-e4"/>
      </object_component>
      <object_component id="oc-23e">
         <name>.text:_HOSTunlink</name>
         <load_address>0x11816800</load_address>
         <run_address>0x11816800</run_address>
         <size>0xc0</size>
         <input_file_ref idref="fl-e1"/>
      </object_component>
      <object_component id="oc-23c">
         <name>.text:_HOSTwrite</name>
         <load_address>0x118168c0</load_address>
         <run_address>0x118168c0</run_address>
         <size>0xc0</size>
         <input_file_ref idref="fl-e1"/>
      </object_component>
      <object_component id="oc-281">
         <name>.text:__cleanup</name>
         <load_address>0x11816980</load_address>
         <run_address>0x11816980</run_address>
         <size>0xc0</size>
         <input_file_ref idref="fl-e7"/>
      </object_component>
      <object_component id="oc-288">
         <name>.text:__div</name>
         <load_address>0x11816a40</load_address>
         <run_address>0x11816a40</run_address>
         <size>0xc0</size>
         <input_file_ref idref="fl-cd"/>
      </object_component>
      <object_component id="oc-291">
         <name>.text:__divu</name>
         <load_address>0x11816b00</load_address>
         <run_address>0x11816b00</run_address>
         <size>0xc0</size>
         <input_file_ref idref="fl-d0"/>
      </object_component>
      <object_component id="oc-26d">
         <name>.text:__doflush</name>
         <load_address>0x11816bc0</load_address>
         <run_address>0x11816bc0</run_address>
         <size>0xc0</size>
         <input_file_ref idref="fl-db"/>
      </object_component>
      <object_component id="oc-244">
         <name>.text:__remi</name>
         <load_address>0x11816c80</load_address>
         <run_address>0x11816c80</run_address>
         <size>0xc0</size>
         <input_file_ref idref="fl-c6"/>
      </object_component>
      <object_component id="oc-253">
         <name>.text:_atexit</name>
         <load_address>0x11816d40</load_address>
         <run_address>0x11816d40</run_address>
         <size>0xc0</size>
         <input_file_ref idref="fl-c7"/>
      </object_component>
      <object_component id="oc-274">
         <name>.text:_fseek</name>
         <load_address>0x11816e00</load_address>
         <run_address>0x11816e00</run_address>
         <size>0xc0</size>
         <input_file_ref idref="fl-de"/>
      </object_component>
      <object_component id="oc-27f">
         <name>.text:_lseek</name>
         <load_address>0x11816ec0</load_address>
         <run_address>0x11816ec0</run_address>
         <size>0xc0</size>
         <input_file_ref idref="fl-e0"/>
      </object_component>
      <object_component id="oc-28d">
         <name>.text:_ltoa</name>
         <load_address>0x11816f80</load_address>
         <run_address>0x11816f80</run_address>
         <size>0xc0</size>
         <input_file_ref idref="fl-e2"/>
      </object_component>
      <object_component id="oc-26e">
         <name>.text:_write</name>
         <load_address>0x11817040</load_address>
         <run_address>0x11817040</run_address>
         <size>0xc0</size>
         <input_file_ref idref="fl-e0"/>
      </object_component>
      <object_component id="oc-24f">
         <name>.text</name>
         <load_address>0x11817100</load_address>
         <run_address>0x11817100</run_address>
         <size>0xc0</size>
         <input_file_ref idref="fl-bd"/>
      </object_component>
      <object_component id="oc-23a">
         <name>.text:_HOSTclose</name>
         <load_address>0x118171c0</load_address>
         <run_address>0x118171c0</run_address>
         <size>0xa0</size>
         <input_file_ref idref="fl-e1"/>
      </object_component>
      <object_component id="oc-298">
         <name>.text:__divli</name>
         <load_address>0x11817260</load_address>
         <run_address>0x11817260</run_address>
         <size>0xa0</size>
         <input_file_ref idref="fl-d1"/>
      </object_component>
      <object_component id="oc-283">
         <name>.text:__ecpy</name>
         <load_address>0x11817300</load_address>
         <run_address>0x11817300</run_address>
         <size>0xa0</size>
         <input_file_ref idref="fl-cd"/>
      </object_component>
      <object_component id="oc-286">
         <name>.text:__fcpy</name>
         <load_address>0x118173a0</load_address>
         <run_address>0x118173a0</run_address>
         <size>0xa0</size>
         <input_file_ref idref="fl-cd"/>
      </object_component>
      <object_component id="oc-28c">
         <name>.text:__fixdli</name>
         <load_address>0x11817440</load_address>
         <run_address>0x11817440</run_address>
         <size>0xa0</size>
         <input_file_ref idref="fl-d3"/>
      </object_component>
      <object_component id="oc-27a">
         <name>.text:__pconv_f</name>
         <load_address>0x118174e0</load_address>
         <run_address>0x118174e0</run_address>
         <size>0xa0</size>
         <input_file_ref idref="fl-cd"/>
      </object_component>
      <object_component id="oc-29d">
         <name>.text:_finddevice</name>
         <load_address>0x11817580</load_address>
         <run_address>0x11817580</run_address>
         <size>0xa0</size>
         <input_file_ref idref="fl-e0"/>
      </object_component>
      <object_component id="oc-240">
         <name>.text:_memcpy</name>
         <load_address>0x11817620</load_address>
         <run_address>0x11817620</run_address>
         <size>0xa0</size>
         <input_file_ref idref="fl-ca"/>
      </object_component>
      <object_component id="oc-28e">
         <name>.text:__fltlid</name>
         <load_address>0x118176c0</load_address>
         <run_address>0x118176c0</run_address>
         <size>0x80</size>
         <input_file_ref idref="fl-d4"/>
      </object_component>
      <object_component id="oc-299">
         <name>.text:__llshl</name>
         <load_address>0x11817740</load_address>
         <run_address>0x11817740</run_address>
         <size>0x80</size>
         <input_file_ref idref="fl-d6"/>
      </object_component>
      <object_component id="oc-25f">
         <name>.text:_printf</name>
         <load_address>0x118177c0</load_address>
         <run_address>0x118177c0</run_address>
         <size>0x80</size>
         <input_file_ref idref="fl-cb"/>
      </object_component>
      <object_component id="oc-255">
         <name>.text:_readmsg</name>
         <load_address>0x11817840</load_address>
         <run_address>0x11817840</run_address>
         <size>0x80</size>
         <input_file_ref idref="fl-e5"/>
      </object_component>
      <object_component id="oc-29b">
         <name>.text:_unlink</name>
         <load_address>0x118178c0</load_address>
         <run_address>0x118178c0</run_address>
         <size>0x80</size>
         <input_file_ref idref="fl-e0"/>
      </object_component>
      <object_component id="oc-29a">
         <name>.text:__subcull</name>
         <load_address>0x11817940</load_address>
         <run_address>0x11817940</run_address>
         <size>0x60</size>
         <input_file_ref idref="fl-d2"/>
      </object_component>
      <object_component id="oc-273">
         <name>.text:_memccpy</name>
         <load_address>0x118179a0</load_address>
         <run_address>0x118179a0</run_address>
         <size>0x60</size>
         <input_file_ref idref="fl-e3"/>
      </object_component>
      <object_component id="oc-254">
         <name>.text:_writemsg</name>
         <load_address>0x11817a00</load_address>
         <run_address>0x11817a00</run_address>
         <size>0x60</size>
         <input_file_ref idref="fl-e5"/>
      </object_component>
      <object_component id="oc-25e">
         <name>.text:___add_dtor</name>
         <load_address>0x11817a60</load_address>
         <run_address>0x11817a60</run_address>
         <size>0x40</size>
         <input_file_ref idref="fl-c8"/>
      </object_component>
      <object_component id="oc-278">
         <name>.text:___isinf</name>
         <load_address>0x11817aa0</load_address>
         <run_address>0x11817aa0</run_address>
         <size>0x40</size>
         <input_file_ref idref="fl-ce"/>
      </object_component>
      <object_component id="oc-277">
         <name>.text:___isnan</name>
         <load_address>0x11817ae0</load_address>
         <run_address>0x11817ae0</run_address>
         <size>0x40</size>
         <input_file_ref idref="fl-cd"/>
      </object_component>
      <object_component id="oc-290">
         <name>.text:__frcmpyd_div</name>
         <load_address>0x11817b20</load_address>
         <run_address>0x11817b20</run_address>
         <size>0x40</size>
         <input_file_ref idref="fl-d5"/>
      </object_component>
      <object_component id="oc-28f">
         <name>.text:__llshru</name>
         <load_address>0x11817b60</load_address>
         <run_address>0x11817b60</run_address>
         <size>0x40</size>
         <input_file_ref idref="fl-d6"/>
      </object_component>
      <object_component id="oc-297">
         <name>.text:__remli</name>
         <load_address>0x11817ba0</load_address>
         <run_address>0x11817ba0</run_address>
         <size>0x40</size>
         <input_file_ref idref="fl-d1"/>
      </object_component>
      <object_component id="oc-27d">
         <name>.text:__negll</name>
         <load_address>0x11817be0</load_address>
         <run_address>0x11817be0</run_address>
         <size>0x20</size>
         <input_file_ref idref="fl-d7"/>
      </object_component>
      <object_component id="oc-238">
         <name>.text:__nop</name>
         <load_address>0x11817c00</load_address>
         <run_address>0x11817c00</run_address>
         <size>0x20</size>
         <input_file_ref idref="fl-c5"/>
      </object_component>
      <object_component id="oc-264">
         <name>.text:__outc</name>
         <load_address>0x11817c20</load_address>
         <run_address>0x11817c20</run_address>
         <size>0x20</size>
         <input_file_ref idref="fl-cb"/>
      </object_component>
      <object_component id="oc-263">
         <name>.text:__outs</name>
         <load_address>0x11817c40</load_address>
         <run_address>0x11817c40</run_address>
         <size>0x20</size>
         <input_file_ref idref="fl-cb"/>
      </object_component>
      <object_component id="oc-24d">
         <name>.text:__register_lock</name>
         <load_address>0x11817c60</load_address>
         <run_address>0x11817c60</run_address>
         <size>0x20</size>
         <input_file_ref idref="fl-c5"/>
      </object_component>
      <object_component id="oc-24e">
         <name>.text:__register_unlock</name>
         <load_address>0x11817c80</load_address>
         <run_address>0x11817c80</run_address>
         <size>0x20</size>
         <input_file_ref idref="fl-c5"/>
      </object_component>
      <object_component id="oc-296">
         <name>.text:_remove</name>
         <load_address>0x11817ca0</load_address>
         <run_address>0x11817ca0</run_address>
         <size>0x20</size>
         <input_file_ref idref="fl-ed"/>
      </object_component>
      <object_component id="oc-53">
         <name>.cinit</name>
         <load_address>0x1181dfa0</load_address>
         <run_address>0x1181dfa0</run_address>
         <size>0x6c4</size>
         <input_file_ref idref="fl-3"/>
      </object_component>
      <object_component id="oc-76">
         <name>.cinit</name>
         <load_address>0x1181e668</load_address>
         <run_address>0x1181e668</run_address>
         <size>0x26c</size>
         <input_file_ref idref="fl-7c"/>
      </object_component>
      <object_component id="oc-128">
         <name>.cinit</name>
         <load_address>0x1181e8d8</load_address>
         <run_address>0x1181e8d8</run_address>
         <size>0x1a4</size>
         <input_file_ref idref="fl-a7"/>
      </object_component>
      <object_component id="oc-85">
         <name>.cinit</name>
         <load_address>0x1181ea80</load_address>
         <run_address>0x1181ea80</run_address>
         <size>0xb0</size>
         <input_file_ref idref="fl-80"/>
      </object_component>
      <object_component id="oc-70">
         <name>.cinit</name>
         <load_address>0x1181eb30</load_address>
         <run_address>0x1181eb30</run_address>
         <size>0x9a</size>
         <input_file_ref idref="fl-5"/>
      </object_component>
      <object_component id="oc-162">
         <name>.cinit</name>
         <load_address>0x1181ebd0</load_address>
         <run_address>0x1181ebd0</run_address>
         <size>0x80</size>
         <input_file_ref idref="fl-b7"/>
      </object_component>
      <object_component id="oc-113">
         <name>.cinit</name>
         <load_address>0x1181ec50</load_address>
         <run_address>0x1181ec50</run_address>
         <size>0x68</size>
         <input_file_ref idref="fl-a3"/>
      </object_component>
      <object_component id="oc-178">
         <name>.cinit</name>
         <load_address>0x1181ecb8</load_address>
         <run_address>0x1181ecb8</run_address>
         <size>0x60</size>
         <input_file_ref idref="fl-bd"/>
      </object_component>
      <object_component id="oc-7f">
         <name>.cinit</name>
         <load_address>0x1181ed18</load_address>
         <run_address>0x1181ed18</run_address>
         <size>0x5c</size>
         <input_file_ref idref="fl-7f"/>
      </object_component>
      <object_component id="oc-1b2">
         <name>.cinit</name>
         <load_address>0x1181ed78</load_address>
         <run_address>0x1181ed78</run_address>
         <size>0x5c</size>
         <input_file_ref idref="fl-cc"/>
      </object_component>
      <object_component id="oc-1f0">
         <name>.cinit</name>
         <load_address>0x1181edd8</load_address>
         <run_address>0x1181edd8</run_address>
         <size>0x5c</size>
         <input_file_ref idref="fl-e0"/>
      </object_component>
      <object_component id="oc-d3">
         <name>.cinit</name>
         <load_address>0x1181ee38</load_address>
         <run_address>0x1181ee38</run_address>
         <size>0x4c</size>
         <input_file_ref idref="fl-94"/>
      </object_component>
      <object_component id="oc-14d">
         <name>.cinit</name>
         <load_address>0x1181ee88</load_address>
         <run_address>0x1181ee88</run_address>
         <size>0x4c</size>
         <input_file_ref idref="fl-b2"/>
      </object_component>
      <object_component id="oc-fe">
         <name>.cinit</name>
         <load_address>0x1181eed8</load_address>
         <run_address>0x1181eed8</run_address>
         <size>0x3c</size>
         <input_file_ref idref="fl-9e"/>
      </object_component>
      <object_component id="oc-b3">
         <name>.cinit</name>
         <load_address>0x1181ef18</load_address>
         <run_address>0x1181ef18</run_address>
         <size>0x34</size>
         <input_file_ref idref="fl-8c"/>
      </object_component>
      <object_component id="oc-9d">
         <name>.cinit</name>
         <load_address>0x1181ef50</load_address>
         <run_address>0x1181ef50</run_address>
         <size>0x2c</size>
         <input_file_ref idref="fl-86"/>
      </object_component>
      <object_component id="oc-1a7">
         <name>.cinit</name>
         <load_address>0x1181ef80</load_address>
         <run_address>0x1181ef80</run_address>
         <size>0x2c</size>
         <input_file_ref idref="fl-c9"/>
      </object_component>
      <object_component id="oc-144">
         <name>.cinit</name>
         <load_address>0x1181efb0</load_address>
         <run_address>0x1181efb0</run_address>
         <size>0x24</size>
         <input_file_ref idref="fl-b0"/>
      </object_component>
      <object_component id="oc-f7">
         <name>.cinit</name>
         <load_address>0x1181efd8</load_address>
         <run_address>0x1181efd8</run_address>
         <size>0x1c</size>
         <input_file_ref idref="fl-9d"/>
      </object_component>
      <object_component id="oc-16e">
         <name>.cinit</name>
         <load_address>0x1181eff8</load_address>
         <run_address>0x1181eff8</run_address>
         <size>0x1c</size>
         <input_file_ref idref="fl-ba"/>
      </object_component>
      <object_component id="oc-195">
         <name>.cinit</name>
         <load_address>0x1181f018</load_address>
         <run_address>0x1181f018</run_address>
         <size>0x1c</size>
         <input_file_ref idref="fl-c5"/>
      </object_component>
      <object_component id="oc-19d">
         <name>.cinit</name>
         <load_address>0x1181f038</load_address>
         <run_address>0x1181f038</run_address>
         <size>0x1c</size>
         <input_file_ref idref="fl-c7"/>
      </object_component>
      <object_component id="oc-90">
         <name>.cinit</name>
         <load_address>0x1181f058</load_address>
         <run_address>0x1181f058</run_address>
         <size>0x18</size>
         <input_file_ref idref="fl-83"/>
      </object_component>
      <object_component id="oc-b5">
         <name>.cinit</name>
         <load_address>0x1181f070</load_address>
         <run_address>0x1181f070</run_address>
         <size>0xc</size>
         <input_file_ref idref="fl-8d"/>
      </object_component>
      <object_component id="oc-c2">
         <name>.cinit</name>
         <load_address>0x1181f080</load_address>
         <run_address>0x1181f080</run_address>
         <size>0xc</size>
         <input_file_ref idref="fl-90"/>
      </object_component>
      <object_component id="oc-209">
         <name>.cinit</name>
         <load_address>0x1181f090</load_address>
         <run_address>0x1181f090</run_address>
         <size>0xc</size>
         <input_file_ref idref="fl-e7"/>
      </object_component>
      <object_component id="oc-1a2">
         <name>.cinit</name>
         <load_address>0x1181f0a0</load_address>
         <run_address>0x1181f0a0</run_address>
         <size>0xc</size>
         <input_file_ref idref="fl-c8"/>
      </object_component>
      <object_component id="oc-260">
         <name>.switch:_getRegisterBankAndBit</name>
[...]
         <value>0x1181b8c0</value>
         <object_component_ref idref="oc-223"/>
      </symbol>
      <symbol id="sm-986">
         <name>_KNL_ipost</name>
         <value>0x1181b840</value>
         <object_component_ref idref="oc-236"/>
      </symbol>
      <symbol id="sm-99e">
         <name>_KNL_run</name>
         <value>0x11819a20</value>
         <object_component_ref idref="oc-227"/>
      </symbol>
      <symbol id="sm-9c3">
         <name>_LED_isOn</name>
         <value>0x1181516c</value>
         <object_component_ref idref="oc-242"/>
      </symbol>
      <symbol id="sm-9c4">
         <name>_LED_toggle</name>
         <value>0x1181526c</value>
         <object_component_ref idref="oc-242"/>
      </symbol>
      <symbol id="sm-9c5">
         <name>_LED_turnOn</name>
         <value>0x118151d4</value>
         <object_component_ref idref="oc-242"/>
      </symbol>
      <symbol id="sm-9c6">
         <name>_LED_turnOff</name>
         <value>0x11815224</value>
         <object_component_ref idref="oc-242"/>
      </symbol>
      <symbol id="sm-9c7">
         <name>_LED_init</name>
         <value>0x11815120</value>
         <object_component_ref idref="oc-242"/>
      </symbol>
      <symbol id="sm-9cb">
         <name>_MEM</name>
         <value>0x11823468</value>
         <object_component_ref idref="oc-13f"/>
      </symbol>
      <symbol id="sm-9d7">
         <name>_MEM_init</name>
         <value>0x1181f500</value>
         <object_component_ref idref="oc-22b"/>
      </symbol>
      <symbol id="sm-9e3">
         <name>_OBJ_table</name>
         <value>0x118101d8</value>
         <object_component_ref idref="oc-145"/>
      </symbol>
      <symbol id="sm-9e4">
         <name>_OBJ_segtab</name>
         <value>0x11810210</value>
         <object_component_ref idref="oc-145"/>
      </symbol>
      <symbol id="sm-9f0">
         <name>_RTDX_Buffer_ReadCB</name>
         <value>0x11821ea0</value>
         <object_component_ref idref="oc-250"/>
      </symbol>
      <symbol id="sm-9f1">
         <name>RTDX_NORMALIZED_HDR</name>
         <value>0x1</value>
      </symbol>
      <symbol id="sm-9f2">
         <name>_RTDX_Buffer_Read</name>
         <value>0x11821f60</value>
         <object_component_ref idref="oc-230"/>
      </symbol>
      <symbol id="sm-a32">
         <name>_rtdx_buffer_state</name>
         <value>0x11822494</value>
         <object_component_ref idref="oc-14e"/>
      </symbol>
      <symbol id="sm-a33">
         <name>_RTDX_Buffer_WriteCB</name>
         <value>0x118212a0</value>
         <object_component_ref idref="oc-251"/>
      </symbol>
      <symbol id="sm-a34">
         <name>_rtdxNullChanCnt</name>
         <value>0x1182342c</value>
         <object_component_ref idref="oc-14b"/>
      </symbol>
      <symbol id="sm-a35">
         <name>_RTDX_writing</name>
         <value>0x118224a0</value>
         <object_component_ref idref="oc-14e"/>
      </symbol>
      <symbol id="sm-a36">
         <name>_RTDX_Buffer_Initialize</name>
         <value>0x11821de0</value>
         <object_component_ref idref="oc-233"/>
      </symbol>
      <symbol id="sm-a37">
         <name>_RTDX_Buffer_Write</name>
         <value>0x11821f80</value>
         <object_component_ref idref="oc-231"/>
      </symbol>
      <symbol id="sm-a38">
         <name>_rtdxNullFuncCnt</name>
         <value>0x11823430</value>
         <object_component_ref idref="oc-14b"/>
      </symbol>
      <symbol id="sm-a39">
         <name>_RTDX_Buffer_Size</name>
         <value>0x11821ee0</value>
         <object_component_ref idref="oc-25b"/>
      </symbol>
      <symbol id="sm-a43">
         <name>_RTDX_Mask_IER</name>
         <value>0x11821fa0</value>
         <object_component_ref idref="oc-153"/>
      </symbol>
      <symbol id="sm-a4e">
         <name>_RTDX_memfill</name>
         <value>0x11821f20</value>
         <object_component_ref idref="oc-252"/>
      </symbol>
      <symbol id="sm-a56">
         <name>_STS_set</name>
         <value>0x1181bf20</value>
         <object_component_ref idref="oc-159"/>
      </symbol>
      <symbol id="sm-a63">
         <name>_SYS_abort</name>
         <value>0x1181bd00</value>
         <object_component_ref idref="oc-24b"/>
      </symbol>
      <symbol id="sm-a72">
         <name>_TSK_timerSem</name>
         <value>0x118101b4</value>
         <object_component_ref idref="oc-163"/>
      </symbol>
      <symbol id="sm-a73">
         <name>_TSK_nTasks</name>
         <value>0x11823444</value>
         <object_component_ref idref="oc-160"/>
      </symbol>
      <symbol id="sm-a74">
         <name>_TSK</name>
         <value>0x1182344c</value>
         <object_component_ref idref="oc-160"/>
      </symbol>
      <symbol id="sm-a75">
         <name>_TSK_ATTRS</name>
         <value>0x11810178</value>
         <object_component_ref idref="oc-163"/>
      </symbol>
      <symbol id="sm-a76">
         <name>_TSK_pid</name>
         <value>0x11823448</value>
         <object_component_ref idref="oc-160"/>
      </symbol>
      <symbol id="sm-a77">
         <name>_TSK_config</name>
         <value>0x11810194</value>
         <object_component_ref idref="oc-163"/>
      </symbol>
      <symbol id="sm-a88">
         <name>_TSK_exit</name>
         <value>0x1181af80</value>
         <object_component_ref idref="oc-229"/>
      </symbol>
      <symbol id="sm-a96">
         <name>_SYS_exit</name>
         <value>0x1181b7a0</value>
         <object_component_ref idref="oc-249"/>
      </symbol>
      <symbol id="sm-aa2">
         <name>_SYS_exitStack</name>
         <value>0x11810280</value>
         <object_component_ref idref="oc-16f"/>
      </symbol>
      <symbol id="sm-aa3">
         <name>_SYS_exitStackPtr</name>
         <value>0x11823458</value>
         <object_component_ref idref="oc-16c"/>
      </symbol>
      <symbol id="sm-aa4">
         <name>_SYS_exitStackTop</name>
         <value>0x1182345c</value>
         <object_component_ref idref="oc-16c"/>
      </symbol>
      <symbol id="sm-aae">
         <name>_TSK_init</name>
         <value>0x1181f5c0</value>
         <object_component_ref idref="oc-22d"/>
      </symbol>
      <symbol id="sm-ac2">
         <name>_TSK_setup</name>
         <value>0x1181a980</value>
         <object_component_ref idref="oc-22e"/>
      </symbol>
      <symbol id="sm-ae2">
         <name>__MEM_mutex</name>
         <value>0x11810254</value>
         <object_component_ref idref="oc-179"/>
      </symbol>
      <symbol id="sm-ae3">
         <name>__TSK_mutex</name>
         <value>0x1181022c</value>
         <object_component_ref idref="oc-179"/>
      </symbol>
      <symbol id="sm-ae4">
         <name>_TSK_startup</name>
         <value>0x1181b4e4</value>
         <object_component_ref idref="oc-22f"/>
      </symbol>
      <symbol id="sm-af1">
         <name>_LCK_pend</name>
         <value>0x1181b960</value>
         <object_component_ref idref="oc-24c"/>
      </symbol>
      <symbol id="sm-af2">
         <name>_LCK_post</name>
         <value>0x1181b940</value>
         <object_component_ref idref="oc-24c"/>
      </symbol>
      <symbol id="sm-afb">
         <name>_SEM_pend</name>
         <value>0x1181bc40</value>
         <object_component_ref idref="oc-180"/>
      </symbol>
      <symbol id="sm-b0f">
         <name>_SEM_pendEnterKnl</name>
         <value>0x1181a600</value>
         <object_component_ref idref="oc-235"/>
      </symbol>
      <symbol id="sm-b1b">
         <name>_SEM_postBinary</name>
         <value>0x1181b560</value>
         <object_component_ref idref="oc-187"/>
      </symbol>
      <symbol id="sm-b1c">
         <name>_SEM_post</name>
         <value>0x1181b560</value>
         <object_component_ref idref="oc-187"/>
      </symbol>
      <symbol id="sm-b2b">
         <name>_SEM_postEnterKnl</name>
         <value>0x1181b700</value>
         <object_component_ref idref="oc-237"/>
      </symbol>
      <symbol id="sm-b3d">
         <name>__SEM_dopost</name>
         <value>0x1181a7e0</value>
         <object_component_ref idref="oc-234"/>
      </symbol>
      <symbol id="sm-b50">
         <name>__auto_init</name>
         <value>0x1181ae40</value>
         <object_component_ref idref="oc-221"/>
      </symbol>
      <symbol id="sm-b62">
         <name>__unlock</name>
         <value>0x118102f4</value>
         <object_component_ref idref="oc-196"/>
      </symbol>
      <symbol id="sm-b63">
         <name>__lock</name>
         <value>0x118102f0</value>
         <object_component_ref idref="oc-196"/>
      </symbol>
      <symbol id="sm-b64">
         <name>__register_lock</name>
         <value>0x11817c60</value>
         <object_component_ref idref="oc-24d"/>
      </symbol>
      <symbol id="sm-b65">
         <name>__nop</name>
         <value>0x11817c00</value>
         <object_component_ref idref="oc-238"/>
      </symbol>
      <symbol id="sm-b66">
         <name>__register_unlock</name>
         <value>0x11817c80</value>
         <object_component_ref idref="oc-24e"/>
      </symbol>
      <symbol id="sm-b6f">
         <name>__remi</name>
         <value>0x11816c80</value>
         <object_component_ref idref="oc-244"/>
      </symbol>
      <symbol id="sm-b70">
         <name>__c6xabi_remi</name>
         <value>0x11816c80</value>
         <object_component_ref idref="oc-244"/>
      </symbol>
      <symbol id="sm-b84">
         <name>_atexit</name>
         <value>0x11816d40</value>
         <object_component_ref idref="oc-253"/>
      </symbol>
      <symbol id="sm-b85">
         <name>___atexit_func_id__</name>
         <value>0x1180fd28</value>
         <object_component_ref idref="oc-19e"/>
      </symbol>
      <symbol id="sm-b9d">
         <name>_dtors</name>
         <value>0x118101d4</value>
         <object_component_ref idref="oc-1a3"/>
      </symbol>
      <symbol id="sm-b9e">
         <name>_call_dtors</name>
         <value>0x118162a0</value>
         <object_component_ref idref="oc-262"/>
      </symbol>
      <symbol id="sm-b9f">
         <name>___add_dtor</name>
         <value>0x11817a60</value>
         <object_component_ref idref="oc-25e"/>
      </symbol>
      <symbol id="sm-bab">
         <name>___TI_enable_exit_profile_output</name>
         <value>0x118102ec</value>
         <object_component_ref idref="oc-1a8"/>
      </symbol>
      <symbol id="sm-bac">
         <name>__cleanup_ptr</name>
         <value>0x118102e4</value>
         <object_component_ref idref="oc-1a8"/>
      </symbol>
      <symbol id="sm-bad">
         <name>__dtors_ptr</name>
         <value>0x118102e8</value>
         <object_component_ref idref="oc-1a8"/>
      </symbol>
      <symbol id="sm-bb5">
         <name>_memcpy</name>
         <value>0x11817620</value>
         <object_component_ref idref="oc-240"/>
      </symbol>
      <symbol id="sm-bc7">
         <name>_printf</name>
         <value>0x118177c0</value>
         <object_component_ref idref="oc-25f"/>
      </symbol>
      <symbol id="sm-bd1">
         <name>__tmpnams</name>
         <value>0x1180fbe0</value>
         <object_component_ref idref="oc-1b3"/>
      </symbol>
      <symbol id="sm-bd2">
         <name>__ft_end</name>
         <value>0x1180fd20</value>
         <object_component_ref idref="oc-1b3"/>
      </symbol>
      <symbol id="sm-bd3">
         <name>__ftable</name>
         <value>0x1180fa00</value>
         <object_component_ref idref="oc-1b3"/>
      </symbol>
      <symbol id="sm-ce0">
         <name>__printfi</name>
         <value>0x11812a80</value>
         <object_component_ref idref="oc-265"/>
      </symbol>
      <symbol id="sm-cea">
         <name>___isinf</name>
         <value>0x11817aa0</value>
         <object_component_ref idref="oc-278"/>
      </symbol>
      <symbol id="sm-cfc">
         <name>__divd</name>
         <value>0x11811540</value>
         <object_component_ref idref="oc-287"/>
      </symbol>
      <symbol id="sm-d05">
         <name>__c6xabi_divu</name>
         <value>0x11816b00</value>
         <object_component_ref idref="oc-291"/>
      </symbol>
      <symbol id="sm-d06">
         <name>__divu</name>
         <value>0x11816b00</value>
         <object_component_ref idref="oc-291"/>
      </symbol>
      <symbol id="sm-d16">
         <name>__divul</name>
         <value>0x118154c0</value>
         <object_component_ref idref="oc-292"/>
      </symbol>
      <symbol id="sm-d17">
         <name>__remli</name>
         <value>0x11817ba0</value>
         <object_component_ref idref="oc-297"/>
      </symbol>
      <symbol id="sm-d18">
         <name>__divli</name>
         <value>0x11817260</value>
         <object_component_ref idref="oc-298"/>
      </symbol>
      <symbol id="sm-d2c">
         <name>__subcull</name>
         <value>0x11817940</value>
         <object_component_ref idref="oc-29a"/>
      </symbol>
      <symbol id="sm-d2d">
         <name>__divull</name>
         <value>0x11814600</value>
         <object_component_ref idref="oc-293"/>
      </symbol>
      <symbol id="sm-d3a">
         <name>__fixdli</name>
         <value>0x11817440</value>
         <object_component_ref idref="oc-28c"/>
      </symbol>
      <symbol id="sm-d45">
         <name>__fltlid</name>
         <value>0x118176c0</value>
         <object_component_ref idref="oc-28e"/>
      </symbol>
      <symbol id="sm-d4f">
         <name>__frcmpyd_div</name>
         <value>0x11817b20</value>
         <object_component_ref idref="oc-290"/>
      </symbol>
      <symbol id="sm-d5d">
         <name>__llshl</name>
         <value>0x11817740</value>
         <object_component_ref idref="oc-299"/>
      </symbol>
      <symbol id="sm-d5e">
         <name>__llshru</name>
         <value>0x11817b60</value>
         <object_component_ref idref="oc-28f"/>
      </symbol>
      <symbol id="sm-d68">
         <name>__negll</name>
         <value>0x11817be0</value>
         <object_component_ref idref="oc-27d"/>
      </symbol>
      <symbol id="sm-d76">
         <name>_atoi</name>
         <value>0x11816560</value>
         <object_component_ref idref="oc-270"/>
      </symbol>
      <symbol id="sm-d7e">
         <name>__ctypes_</name>
         <value>0x11822650</value>
         <object_component_ref idref="oc-276"/>
      </symbol>
      <symbol id="sm-d90">
         <name>_putc</name>
         <value>0x11815c00</value>
         <object_component_ref idref="oc-267"/>
      </symbol>
      <symbol id="sm-d91">
         <name>_fputc</name>
         <value>0x11815c00</value>
         <object_component_ref idref="oc-267"/>
      </symbol>
      <symbol id="sm-d9e">
         <name>__doflush</name>
         <value>0x11816bc0</value>
         <object_component_ref idref="oc-26d"/>
      </symbol>
      <symbol id="sm-dad">
         <name>__wrt_ok</name>
         <value>0x118161a0</value>
         <object_component_ref idref="oc-26c"/>
      </symbol>
      <symbol id="sm-dc7">
         <name>_fputs</name>
         <value>0x118135c0</value>
         <object_component_ref idref="oc-266"/>
      </symbol>
      <symbol id="sm-dd4">
         <name>_fseek</name>
         <value>0x11816e00</value>
         <object_component_ref idref="oc-274"/>
      </symbol>
      <symbol id="sm-e1a">
         <name>_unlink</name>
         <value>0x118178c0</value>
         <object_component_ref idref="oc-29b"/>
      </symbol>
      <symbol id="sm-e1b">
         <name>_lseek</name>
         <value>0x11816ec0</value>
         <object_component_ref idref="oc-27f"/>
      </symbol>
      <symbol id="sm-e1c">
         <name>_close</name>
         <value>0x11816640</value>
         <object_component_ref idref="oc-295"/>
      </symbol>
      <symbol id="sm-e1d">
         <name>_write</name>
         <value>0x11817040</value>
         <object_component_ref idref="oc-26e"/>
      </symbol>
      <symbol id="sm-e47">
         <name>_HOSTopen</name>
         <value>0x118163a0</value>
         <object_component_ref idref="oc-239"/>
      </symbol>
      <symbol id="sm-e48">
         <name>_HOSTread</name>
         <value>0x11816480</value>
         <object_component_ref idref="oc-23b"/>
      </symbol>
      <symbol id="sm-e49">
         <name>_HOSTrename</name>
         <value>0x11815660</value>
         <object_component_ref idref="oc-23f"/>
      </symbol>
      <symbol id="sm-e4a">
         <name>_HOSTwrite</name>
         <value>0x118168c0</value>
         <object_component_ref idref="oc-23c"/>
      </symbol>
      <symbol id="sm-e4b">
         <name>_HOSTlseek</name>
         <value>0x11815fa0</value>
         <object_component_ref idref="oc-23d"/>
      </symbol>
      <symbol id="sm-e4c">
         <name>_HOSTunlink</name>
         <value>0x11816800</value>
         <object_component_ref idref="oc-23e"/>
      </symbol>
      <symbol id="sm-e4d">
         <name>_HOSTclose</name>
         <value>0x118171c0</value>
         <object_component_ref idref="oc-23a"/>
      </symbol>
      <symbol id="sm-e5a">
         <name>_ltoa</name>
         <value>0x11816f80</value>
         <object_component_ref idref="oc-28d"/>
      </symbol>
      <symbol id="sm-e67">
         <name>_memccpy</name>
         <value>0x118179a0</value>
         <object_component_ref idref="oc-273"/>
      </symbol>
      <symbol id="sm-e72">
         <name>_memset</name>
         <value>0x11816720</value>
         <object_component_ref idref="oc-26f"/>
      </symbol>
      <symbol id="sm-e82">
         <name>C$$IO$$</name>
         <value>0x11817a58</value>
         <object_component_ref idref="oc-254"/>
      </symbol>
      <symbol id="sm-e83">
         <name>__CIOBUF_</name>
         <value>0x1181f620</value>
         <object_component_ref idref="oc-202"/>
      </symbol>
      <symbol id="sm-e84">
         <name>_readmsg</name>
         <value>0x11817840</value>
         <object_component_ref idref="oc-255"/>
      </symbol>
      <symbol id="sm-e85">
         <name>_writemsg</name>
         <value>0x11817a00</value>
         <object_component_ref idref="oc-254"/>
      </symbol>
      <symbol id="sm-e96">
         <name>_setvbuf</name>
         <value>0x118157e0</value>
         <object_component_ref idref="oc-275"/>
      </symbol>
      <symbol id="sm-eab">
         <name>__cleanup</name>
         <value>0x11816980</value>
         <object_component_ref idref="oc-281"/>
      </symbol>
      <symbol id="sm-ebd">
         <name>_fclose</name>
         <value>0x11815e80</value>
         <object_component_ref idref="oc-28b"/>
      </symbol>
      <symbol id="sm-ed9">
         <name>_free</name>
         <value>0x11819520</value>
         <object_component_ref idref="oc-280"/>
      </symbol>
      <symbol id="sm-eda">
         <name>_calloc</name>
         <value>0x1181974c</value>
         <object_component_ref idref="oc-280"/>
      </symbol>
      <symbol id="sm-edb">
         <name>_memalign</name>
         <value>0x11819688</value>
         <object_component_ref idref="oc-280"/>
      </symbol>
      <symbol id="sm-edc">
         <name>_realloc</name>
         <value>0x118195a4</value>
         <object_component_ref idref="oc-280"/>
      </symbol>
      <symbol id="sm-edd">
         <name>_malloc</name>
         <value>0x11819544</value>
         <object_component_ref idref="oc-280"/>
      </symbol>
      <symbol id="sm-ef4">
         <name>_MEM_alloc</name>
         <value>0x11819c60</value>
         <object_component_ref idref="oc-28a"/>
      </symbol>
      <symbol id="sm-f06">
         <name>_MEM_free</name>
         <value>0x1181a060</value>
         <object_component_ref idref="oc-289"/>
      </symbol>
      <symbol id="sm-f11">
         <name>_SYS_error</name>
         <value>0x1181bac0</value>
         <object_component_ref idref="oc-294"/>
      </symbol>
      <symbol id="sm-f1b">
         <name>_remove</name>
         <value>0x11817ca0</value>
         <object_component_ref idref="oc-296"/>
      </symbol>
   </symbol_table>
</link_info>
